Archive member included to satisfy reference by file (symbol)

/usr/lib/gcc/arm-none-eabi/15.2.0/thumb/v6-m/nofp/libgcc.a(_dvmd_tls.o)
                              CMakeFiles/practica4.dir/home/julietanilem/pico/pico-sdk/src/rp2_common/pico_divider/divider_hardware.S.o (__aeabi_idiv0)
/usr/lib/gcc/arm-none-eabi/15.2.0/../../../../arm-none-eabi/lib/thumb/v6-m/nofp/libg.a(libc_a-atexit.o)
                              /usr/lib/gcc/arm-none-eabi/15.2.0/../../../../arm-none-eabi/lib/thumb/v6-m/nofp/crt0.o (atexit)
/usr/lib/gcc/arm-none-eabi/15.2.0/../../../../arm-none-eabi/lib/thumb/v6-m/nofp/libg.a(libc_a-calloc.o)
                              CMakeFiles/practica4.dir/home/julietanilem/pico/pico-sdk/src/rp2_common/pico_malloc/malloc.c.o (calloc)
/usr/lib/gcc/arm-none-eabi/15.2.0/../../../../arm-none-eabi/lib/thumb/v6-m/nofp/libg.a(libc_a-callocr.o)
                              /usr/lib/gcc/arm-none-eabi/15.2.0/../../../../arm-none-eabi/lib/thumb/v6-m/nofp/libg.a(libc_a-calloc.o) (_calloc_r)
/usr/lib/gcc/arm-none-eabi/15.2.0/../../../../arm-none-eabi/lib/thumb/v6-m/nofp/libg.a(libc_a-malloc.o)
                              CMakeFiles/practica4.dir/home/julietanilem/pico/pico-sdk/src/rp2_common/pico_malloc/malloc.c.o (malloc)
/usr/lib/gcc/arm-none-eabi/15.2.0/../../../../arm-none-eabi/lib/thumb/v6-m/nofp/libg.a(libc_a-mallocr.o)
                              /usr/lib/gcc/arm-none-eabi/15.2.0/../../../../arm-none-eabi/lib/thumb/v6-m/nofp/libg.a(libc_a-callocr.o) (_malloc_r)
/usr/lib/gcc/arm-none-eabi/15.2.0/../../../../arm-none-eabi/lib/thumb/v6-m/nofp/libg.a(libc_a-mlock.o)
                              /usr/lib/gcc/arm-none-eabi/15.2.0/../../../../arm-none-eabi/lib/thumb/v6-m/nofp/libg.a(libc_a-mallocr.o) (__malloc_lock)
/usr/lib/gcc/arm-none-eabi/15.2.0/../../../../arm-none-eabi/lib/thumb/v6-m/nofp/libg.a(libc_a-realloc.o)
                              CMakeFiles/practica4.dir/home/julietanilem/pico/pico-sdk/src/rp2_common/pico_malloc/malloc.c.o (realloc)
/usr/lib/gcc/arm-none-eabi/15.2.0/../../../../arm-none-eabi/lib/thumb/v6-m/nofp/libg.a(libc_a-reallocr.o)
                              /usr/lib/gcc/arm-none-eabi/15.2.0/../../../../arm-none-eabi/lib/thumb/v6-m/nofp/libg.a(libc_a-realloc.o) (_realloc_r)
/usr/lib/gcc/arm-none-eabi/15.2.0/../../../../arm-none-eabi/lib/thumb/v6-m/nofp/libg.a(libc_a-memcmp.o)
                              CMakeFiles/practica4.dir/home/julietanilem/pico/pico-sdk/src/rp2_common/pico_atomic/atomic.c.o (memcmp)
/usr/lib/gcc/arm-none-eabi/15.2.0/../../../../arm-none-eabi/lib/thumb/v6-m/nofp/libg.a(libc_a-memmove.o)
                              /usr/lib/gcc/arm-none-eabi/15.2.0/../../../../arm-none-eabi/lib/thumb/v6-m/nofp/libg.a(libc_a-reallocr.o) (memmove)
/usr/lib/gcc/arm-none-eabi/15.2.0/../../../../arm-none-eabi/lib/thumb/v6-m/nofp/libg.a(libc_a-lcltime_r.o)
                              CMakeFiles/practica4.dir/home/julietanilem/pico/pico-sdk/src/common/pico_util/datetime.c.o (localtime_r)
/usr/lib/gcc/arm-none-eabi/15.2.0/../../../../arm-none-eabi/lib/thumb/v6-m/nofp/libg.a(libc_a-mktime.o)
                              CMakeFiles/practica4.dir/home/julietanilem/pico/pico-sdk/src/common/pico_util/datetime.c.o (mktime)
/usr/lib/gcc/arm-none-eabi/15.2.0/../../../../arm-none-eabi/lib/thumb/v6-m/nofp/libg.a(libc_a-month_lengths.o)
                              /usr/lib/gcc/arm-none-eabi/15.2.0/../../../../arm-none-eabi/lib/thumb/v6-m/nofp/libg.a(libc_a-lcltime_r.o) (__month_lengths)
/usr/lib/gcc/arm-none-eabi/15.2.0/../../../../arm-none-eabi/lib/thumb/v6-m/nofp/libg.a(libc_a-tzcalc_limits.o)
                              /usr/lib/gcc/arm-none-eabi/15.2.0/../../../../arm-none-eabi/lib/thumb/v6-m/nofp/libg.a(libc_a-lcltime_r.o) (__tzcalc_limits)
/usr/lib/gcc/arm-none-eabi/15.2.0/../../../../arm-none-eabi/lib/thumb/v6-m/nofp/libg.a(libc_a-tzlock.o)
                              /usr/lib/gcc/arm-none-eabi/15.2.0/../../../../arm-none-eabi/lib/thumb/v6-m/nofp/libg.a(libc_a-lcltime_r.o) (__tz_lock)
/usr/lib/gcc/arm-none-eabi/15.2.0/../../../../arm-none-eabi/lib/thumb/v6-m/nofp/libg.a(libc_a-tzset.o)
                              /usr/lib/gcc/arm-none-eabi/15.2.0/../../../../arm-none-eabi/lib/thumb/v6-m/nofp/libg.a(libc_a-lcltime_r.o) (_tzset_unlocked)
/usr/lib/gcc/arm-none-eabi/15.2.0/../../../../arm-none-eabi/lib/thumb/v6-m/nofp/libg.a(libc_a-tzset_r.o)
                              /usr/lib/gcc/arm-none-eabi/15.2.0/../../../../arm-none-eabi/lib/thumb/v6-m/nofp/libg.a(libc_a-tzset.o) (_tzset_unlocked_r)
/usr/lib/gcc/arm-none-eabi/15.2.0/../../../../arm-none-eabi/lib/thumb/v6-m/nofp/libg.a(libc_a-tzvars.o)
                              /usr/lib/gcc/arm-none-eabi/15.2.0/../../../../arm-none-eabi/lib/thumb/v6-m/nofp/libg.a(libc_a-tzset_r.o) (_timezone)
/usr/lib/gcc/arm-none-eabi/15.2.0/../../../../arm-none-eabi/lib/thumb/v6-m/nofp/libg.a(libc_a-impure.o)
[...]
Memory Configuration

Name             Origin             Length             Attributes
FLASH            0x10000000         0x00200000         xr
RAM              0x20000000         0x00040000         xrw
SCRATCH_X        0x20040000         0x00001000         xrw
SCRATCH_Y        0x20041000         0x00001000         xrw
*default*        0x00000000         0xffffffff

Linker script and memory map

LOAD /usr/lib/gcc/arm-none-eabi/15.2.0/thumb/v6-m/nofp/crti.o
LOAD /usr/lib/gcc/arm-none-eabi/15.2.0/thumb/v6-m/nofp/crtbegin.o
LOAD /usr/lib/gcc/arm-none-eabi/15.2.0/../../../../arm-none-eabi/lib/thumb/v6-m/nofp/crt0.o

.flash_begin    0x10000000        0x0
                0x10000000                        __flash_binary_start = .

.boot2          0x10000000      0x100
                0x10000000                        __boot2_start__ = .
 *(.boot2)
 .boot2         0x10000000      0x100 pico-sdk/src/rp2040/boot_stage2/CMakeFiles/bs2_default_library.dir/bs2_default_padded_checksummed.S.o
                0x10000100                        __boot2_end__ = .
                0x00000001                        ASSERT (((__boot2_end__ - __boot2_start__) == 0x100), ERROR: Pico second stage bootloader must be 256 bytes in size)

.text           0x10000100     0x70f0
                0x10000100                        __logical_binary_start = .
 *(.vectors)
 .vectors       0x10000100       0xd4 CMakeFiles/practica4.dir/home/julietanilem/pico/pico-sdk/src/rp2_common/pico_crt0/crt0.S.o
                0x10000100                __vectors
                0x10000100                __VECTOR_TABLE
                0x100001c0                isr_irq30
                0x100001c0                __unhandled_user_irq
                0x100001c0                isr_irq13
                0x100001c0                isr_irq27
                0x100001c0                isr_irq31
                0x100001c0                isr_irq5
                0x100001c0                isr_irq11
                0x100001c0                isr_irq23
                0x100001c0                isr_irq18
                0x100001c0                isr_irq28
                0x100001c0                isr_irq19
                0x100001c0                isr_irq0
                0x100001c0                isr_irq6
                0x100001c0                isr_irq22
                0x100001c0                isr_irq17
                0x100001c0                isr_irq14
                0x100001c0                __vectors_end
                0x100001c0                __default_isrs_start
                0x100001c0                isr_irq2
                0x100001c0                isr_irq10
                0x100001c0                isr_irq8
                0x100001c0                isr_irq24
                0x100001c0                isr_irq1
                0x100001c0                isr_irq7
                0x100001c0                isr_irq21
                0x100001c0                isr_irq20
                0x100001c0                isr_irq15
                0x100001c0                isr_irq25
                0x100001c0                isr_irq4
                0x100001c0                isr_irq16
                0x100001c0                isr_irq29
                0x100001c0                isr_irq26
                0x100001c0                isr_irq3
                0x100001c0                isr_irq12
                0x100001c0                isr_irq9
                0x100001c6                unhandled_user_irq_num_in_r0
                0x100001c8                isr_invalid
                0x100001ca                isr_nmi
                0x100001cc                isr_hardfault
                0x100001ce                isr_svcall
                0x100001d4                __default_isrs_end
 *(.binary_info_header)
 .binary_info_header
                0x100001d4       0x14 CMakeFiles/practica4.dir/home/julietanilem/pico/pico-sdk/src/rp2_common/pico_crt0/crt0.S.o
                0x100001e8                        __binary_info_header_end = .
 *(.embedded_block)
                0x100001e8                        __embedded_block_end = .
 *(.reset)
 .reset         0x100001e8       0x9c CMakeFiles/practica4.dir/home/julietanilem/pico/pico-sdk/src/rp2_common/pico_crt0/crt0.S.o
                0x100001e8                _entry_point
 *(.init)
 .init          0x10000284        0x4 /usr/lib/gcc/arm-none-eabi/15.2.0/thumb/v6-m/nofp/crti.o
                0x10000284                _init
 *(EXCLUDE_FILE(*libm.a: *libc.a:*lib_a-mem*.o *libgcc.a:) .text*)
 .text          0x10000288       0x98 /usr/lib/gcc/arm-none-eabi/15.2.0/thumb/v6-m/nofp/crtbegin.o
 .text.startup.main
                0x10000320       0xb4 CMakeFiles/practica4.dir/main.c.o
                0x10000320                main
 .text.k_gpio_init
                0x100003d4       0x34 CMakeFiles/practica4.dir/kernel_drivers.c.o
                0x100003d4                k_gpio_init
 .text.k_gpio_set
                0x10000408       0x1c CMakeFiles/practica4.dir/kernel_drivers.c.o
                0x10000408                k_gpio_set
 .text.k_gpio_get
                0x10000424       0x10 CMakeFiles/practica4.dir/kernel_drivers.c.o
                0x10000424                k_gpio_get
 .text.kernel_service
                0x10000434       0x4c CMakeFiles/practica4.dir/kernel_service.c.o
                0x10000434                kernel_service
 .text.task_create
                0x10000480       0x34 CMakeFiles/practica4.dir/scheduler.c.o
                0x10000480                task_create
 .text.isr_systick
                0x100004b4      0x150 CMakeFiles/practica4.dir/scheduler.c.o
                0x100004b4                isr_systick
 .text.k_task_exit
                0x10000604       0x40 CMakeFiles/practica4.dir/scheduler.c.o
                0x10000604                k_task_exit
 .text.schedule
                0x10000644       0xcc CMakeFiles/practica4.dir/scheduler.c.o
                0x10000644                schedule
 .text          0x10000710       0x1c CMakeFiles/practica4.dir/svc_handler.s.o
                0x10000710                wrapper_svc
 .text          0x1000072c       0x44 CMakeFiles/practica4.dir/pendsv.s.o
                0x1000072c                isr_pendsv
 .text.setup_leds
                0x10000770       0x2c CMakeFiles/practica4.dir/user_app.c.o
                0x10000770                setup_leds
 .text.task_counter
                0x1000079c       0x78 CMakeFiles/practica4.dir/user_app.c.o
                0x1000079c                task_counter
 .text.task_animation
                0x10000814       0x64 CMakeFiles/practica4.dir/user_app.c.o
                0x10000814                task_animation
 .text.task3_infinite
                0x10000878       0x2c CMakeFiles/practica4.dir/user_app.c.o
                0x10000878                task3_infinite
 .text.task4_finite
                0x100008a4       0x5c CMakeFiles/practica4.dir/user_app.c.o
                0x100008a4                task4_finite
 .text          0x10000900       0x28 CMakeFiles/practica4.dir/syscalls.s.o
                0x10000900                sys_gpio_dir
                0x1000090a                sys_gpio_set
                0x10000914                sys_gpio_get
                0x1000091e                sys_exit
 .text.rp2040_chip_version
                0x10000928        0xc CMakeFiles/practica4.dir/home/julietanilem/pico/pico-sdk/src/rp2040/pico_platform/platform.c.o
                0x10000928                rp2040_chip_version
 .text.panic    0x10000934       0x30 CMakeFiles/practica4.dir/home/julietanilem/pico/pico-sdk/src/rp2_common/pico_platform_panic/panic.c.o
                0x10000934                panic
 .text.hw_claim_or_assert
                0x10000964       0x50 CMakeFiles/practica4.dir/home/julietanilem/pico/pico-sdk/src/common/hardware_claim/claim.c.o
                0x10000964                hw_claim_or_assert
 .text.hw_claim_unused_from_range
                0x100009b4       0x88 CMakeFiles/practica4.dir/home/julietanilem/pico/pico-sdk/src/common/hardware_claim/claim.c.o
                0x100009b4                hw_claim_unused_from_range
 .text.next_striped_spin_lock_num
                0x10000a3c       0x18 CMakeFiles/practica4.dir/home/julietanilem/pico/pico-sdk/src/rp2_common/hardware_sync/sync.c.o
                0x10000a3c                next_striped_spin_lock_num
 .text.spin_lock_claim_unused
                0x10000a54       0x20 CMakeFiles/practica4.dir/home/julietanilem/pico/pico-sdk/src/rp2_common/hardware_sync/sync.c.o
                0x10000a54                spin_lock_claim_unused
 .text.spin_locks_reset
                0x10000a74       0x1c CMakeFiles/practica4.dir/home/julietanilem/pico/pico-sdk/src/rp2_common/hardware_sync_spin_lock/sync_spin_lock.c.o
                0x10000a74                spin_locks_reset
 .text.runtime_init_per_core_irq_priorities
                0x10000a90       0x48 CMakeFiles/practica4.dir/home/julietanilem/pico/pico-sdk/src/rp2_common/hardware_irq/irq.c.o
                0x10000a90                runtime_init_per_core_irq_priorities
 .text.irq_set_enabled
                0x10000ad8       0x24 CMakeFiles/practica4.dir/home/julietanilem/pico/pico-sdk/src/rp2_common/hardware_irq/irq.c.o
                0x10000ad8                irq_set_enabled
 .text.irq_is_enabled
                0x10000afc       0x18 CMakeFiles/practica4.dir/home/julietanilem/pico/pico-sdk/src/rp2_common/hardware_irq/irq.c.o
                0x10000afc                irq_is_enabled
 .text.irq_set_pending
                0x10000b14       0x10 CMakeFiles/practica4.dir/home/julietanilem/pico/pico-sdk/src/rp2_common/hardware_irq/irq.c.o
                0x10000b14                irq_set_pending
 .text.irq_has_shared_handler
                0x10000b24       0x20 CMakeFiles/practica4.dir/home/julietanilem/pico/pico-sdk/src/rp2_common/hardware_irq/irq.c.o
                0x10000b24                irq_has_shared_handler
 .text.irq_set_exclusive_handler
                0x10000b44       0x54 CMakeFiles/practica4.dir/home/julietanilem/pico/pico-sdk/src/rp2_common/hardware_irq/irq.c.o
                0x10000b44                irq_set_exclusive_handler
 .text.irq_add_shared_handler
                0x10000b98      0x1cc CMakeFiles/practica4.dir/home/julietanilem/pico/pico-sdk/src/rp2_common/hardware_irq/irq.c.o
                0x10000b98                irq_add_shared_handler
 .text.irq_add_tail_to_free_list
                0x10000d64       0xb4 CMakeFiles/practica4.dir/home/julietanilem/pico/pico-sdk/src/rp2_common/hardware_irq/irq.c.o
                0x10000d64                irq_add_tail_to_free_list
 .text.user_irq_claim_unused
                0x10000e18       0x28 CMakeFiles/practica4.dir/home/julietanilem/pico/pico-sdk/src/rp2_common/hardware_irq/irq.c.o
                0x10000e18                user_irq_claim_unused
 .text.lock_init
                0x10000e40       0x10 CMakeFiles/practica4.dir/home/julietanilem/pico/pico-sdk/src/common/pico_sync/lock_core.c.o
                0x10000e40                lock_init
 .text.runtime_init_mutex
                0x10000e50       0x50 CMakeFiles/practica4.dir/home/julietanilem/pico/pico-sdk/src/common/pico_sync/mutex.c.o
                0x10000e50                runtime_init_mutex
 .text.mutex_init
                0x10000ea0       0x1c CMakeFiles/practica4.dir/home/julietanilem/pico/pico-sdk/src/common/pico_sync/mutex.c.o
                0x10000ea0                mutex_init
 .text.critical_section_init
                0x10000ebc       0x1c CMakeFiles/practica4.dir/home/julietanilem/pico/pico-sdk/src/common/pico_sync/critical_section.c.o
                0x10000ebc                critical_section_init
 .text.critical_section_init_with_lock_num
                0x10000ed8       0x14 CMakeFiles/practica4.dir/home/julietanilem/pico/pico-sdk/src/common/pico_sync/critical_section.c.o
                0x10000ed8                critical_section_init_with_lock_num
 .text.sleep_until_callback
                0x10000eec       0x30 CMakeFiles/practica4.dir/home/julietanilem/pico/pico-sdk/src/common/pico_time/time.c.o
 .text.alarm_pool_irq_handler
                0x10000f1c      0x2f4 CMakeFiles/practica4.dir/home/julietanilem/pico/pico-sdk/src/common/pico_time/time.c.o
 .text.runtime_init_default_alarm_pool
                0x10001210       0xd8 CMakeFiles/practica4.dir/home/julietanilem/pico/pico-sdk/src/common/pico_time/time.c.o
                0x10001210                runtime_init_default_alarm_pool
 .text.alarm_pool_get_default
                0x100012e8        0x8 CMakeFiles/practica4.dir/home/julietanilem/pico/pico-sdk/src/common/pico_time/time.c.o
                0x100012e8                alarm_pool_get_default
 .text.alarm_pool_add_alarm_at
                0x100012f0       0xcc CMakeFiles/practica4.dir/home/julietanilem/pico/pico-sdk/src/common/pico_time/time.c.o
                0x100012f0                alarm_pool_add_alarm_at
 .text.alarm_pool_add_alarm_at_force_in_context
                0x100013bc       0xbc CMakeFiles/practica4.dir/home/julietanilem/pico/pico-sdk/src/common/pico_time/time.c.o
                0x100013bc                alarm_pool_add_alarm_at_force_in_context
 .text.alarm_pool_cancel_alarm
                0x10001478       0x74 CMakeFiles/practica4.dir/home/julietanilem/pico/pico-sdk/src/common/pico_time/time.c.o
                0x10001478                alarm_pool_cancel_alarm
 .text.alarm_pool_core_num
                0x100014ec        0x4 CMakeFiles/practica4.dir/home/julietanilem/pico/pico-sdk/src/common/pico_time/time.c.o
                0x100014ec                alarm_pool_core_num
 .text.sleep_ms
                0x100014f0       0xfc CMakeFiles/practica4.dir/home/julietanilem/pico/pico-sdk/src/common/pico_time/time.c.o
                0x100014f0                sleep_ms
 .text.best_effort_wfe_or_timeout
                0x100015ec      0x100 CMakeFiles/practica4.dir/home/julietanilem/pico/pico-sdk/src/common/pico_time/time.c.o
                0x100015ec                best_effort_wfe_or_timeout
 .text.timer_hardware_alarm_claim
                0x100016ec       0x14 CMakeFiles/practica4.dir/home/julietanilem/pico/pico-sdk/src/rp2_common/hardware_timer/timer.c.o
                0x100016ec                timer_hardware_alarm_claim
 .text.timer_time_us_64
                0x10001700       0x10 CMakeFiles/practica4.dir/home/julietanilem/pico/pico-sdk/src/rp2_common/hardware_timer/timer.c.o
                0x10001700                timer_time_us_64
 .text.time_us_64
                0x10001710       0x14 CMakeFiles/practica4.dir/home/julietanilem/pico/pico-sdk/src/rp2_common/hardware_timer/timer.c.o
                0x10001710                time_us_64
 .text.busy_wait_us
                0x10001724       0x6c CMakeFiles/practica4.dir/home/julietanilem/pico/pico-sdk/src/rp2_common/hardware_timer/timer.c.o
                0x10001724                busy_wait_us
 .text.busy_wait_until
                0x10001790       0x20 CMakeFiles/practica4.dir/home/julietanilem/pico/pico-sdk/src/rp2_common/hardware_timer/timer.c.o
                0x10001790                busy_wait_until
 .text.clock_configure_int_divider
                0x100017b0       0xec CMakeFiles/practica4.dir/home/julietanilem/pico/pico-sdk/src/rp2_common/hardware_clocks/clocks.c.o
                0x100017b0                clock_configure_int_divider
 .text.clock_configure_undivided
                0x1000189c       0xe0 CMakeFiles/practica4.dir/home/julietanilem/pico/pico-sdk/src/rp2_common/hardware_clocks/clocks.c.o
                0x1000189c                clock_configure_undivided
 .text.clock_get_hz
                0x1000197c        0xc CMakeFiles/practica4.dir/home/julietanilem/pico/pico-sdk/src/rp2_common/hardware_clocks/clocks.c.o
                0x1000197c                clock_get_hz
 .text.pll_init
                0x10001988       0xb0 CMakeFiles/practica4.dir/home/julietanilem/pico/pico-sdk/src/rp2_common/hardware_pll/pll.c.o
                0x10001988                pll_init
 .text.watchdog_reboot
                0x10001a38       0x9c CMakeFiles/practica4.dir/home/julietanilem/pico/pico-sdk/src/rp2_common/hardware_watchdog/watchdog.c.o
                0x10001a38                watchdog_reboot
 .text.tick_start
                0x10001ad4       0x10 CMakeFiles/practica4.dir/home/julietanilem/pico/pico-sdk/src/rp2_common/hardware_ticks/ticks.c.o
                0x10001ad4                tick_start
 .text.rom_func_lookup
                0x10001ae4       0x10 CMakeFiles/practica4.dir/home/julietanilem/pico/pico-sdk/src/rp2_common/pico_bootrom/bootrom.c.o
                0x10001ae4                rom_func_lookup
 .text.rom_data_lookup
                0x10001af4       0x10 CMakeFiles/practica4.dir/home/julietanilem/pico/pico-sdk/src/rp2_common/pico_bootrom/bootrom.c.o
                0x10001af4                rom_data_lookup
 .text.rom_funcs_lookup
                0x10001b04       0x44 CMakeFiles/practica4.dir/home/julietanilem/pico/pico-sdk/src/rp2_common/pico_bootrom/bootrom.c.o
                0x10001b04                rom_funcs_lookup
 .text.rom_reset_usb_boot_extra
                0x10001b48       0x24 CMakeFiles/practica4.dir/home/julietanilem/pico/pico-sdk/src/rp2_common/pico_bootrom/bootrom.c.o
                0x10001b48                rom_reset_usb_boot_extra
 .text.xosc_init
                0x10001b6c       0x28 CMakeFiles/practica4.dir/home/julietanilem/pico/pico-sdk/src/rp2_common/hardware_xosc/xosc.c.o
                0x10001b6c                xosc_init
 .text.first_per_core_initializer
                0x10001b94        0x4 CMakeFiles/practica4.dir/home/julietanilem/pico/pico-sdk/src/rp2_common/pico_runtime/runtime.c.o
 .text.hard_assertion_failure
                0x10001b98        0xc CMakeFiles/practica4.dir/home/julietanilem/pico/pico-sdk/src/rp2_common/pico_runtime/runtime.c.o
                0x10001b98                hard_assertion_failure
 .text.runtime_run_initializers
                0x10001ba4       0x28 CMakeFiles/practica4.dir/home/julietanilem/pico/pico-sdk/src/rp2_common/pico_runtime/runtime.c.o
                0x10001ba4                runtime_run_initializers
 .text.runtime_init_early_resets
                0x10001bcc       0x2c CMakeFiles/practica4.dir/home/julietanilem/pico/pico-sdk/src/rp2_common/pico_runtime_init/runtime_init.c.o
                0x10001bcc                runtime_init_early_resets
 .text.runtime_init_usb_power_down
                0x10001bf8       0x1c CMakeFiles/practica4.dir/home/julietanilem/pico/pico-sdk/src/rp2_common/pico_runtime_init/runtime_init.c.o
                0x10001bf8                runtime_init_usb_power_down
 .text.runtime_init_post_clock_resets
                0x10001c14       0x20 CMakeFiles/practica4.dir/home/julietanilem/pico/pico-sdk/src/rp2_common/pico_runtime_init/runtime_init.c.o
                0x10001c14                runtime_init_post_clock_resets
 .text.runtime_init_rp2040_gpio_ie_disable
                0x10001c34       0x14 CMakeFiles/practica4.dir/home/julietanilem/pico/pico-sdk/src/rp2_common/pico_runtime_init/runtime_init.c.o
                0x10001c34                runtime_init_rp2040_gpio_ie_disable
 .text.runtime_init_spin_locks_reset
                0x10001c48        0x8 CMakeFiles/practica4.dir/home/julietanilem/pico/pico-sdk/src/rp2_common/pico_runtime_init/runtime_init.c.o
                0x10001c48                runtime_init_spin_locks_reset
 .text.runtime_init_install_ram_vector_table
                0x10001c50       0xb8 CMakeFiles/practica4.dir/home/julietanilem/pico/pico-sdk/src/rp2_common/pico_runtime_init/runtime_init.c.o
                0x10001c50                runtime_init_install_ram_vector_table
 .text.runtime_init_clocks
                0x10001d08       0xd8 CMakeFiles/practica4.dir/home/julietanilem/pico/pico-sdk/src/rp2_common/pico_runtime_init/runtime_init_clocks.c.o
                0x10001d08                runtime_init_clocks
 .text          0x10001de0       0x10 CMakeFiles/practica4.dir/home/julietanilem/pico/pico-sdk/src/rp2_common/pico_bit_ops/bit_ops_aeabi.S.o
 .text.__wrap___aeabi_idiv
                0x10001df0       0x50 CMakeFiles/practica4.dir/home/julietanilem/pico/pico-sdk/src/rp2_common/pico_divider/divider_hardware.S.o
                0x10001df0                __wrap___aeabi_idivmod
                0x10001df0                divmod_s32s32
                0x10001df0                div_s32s32
                0x10001df0                __wrap___aeabi_idiv
                0x10001df8                divmod_s32s32_unsafe
                0x10001e24                divmod_s32s32_savestate
 .text.__wrap___aeabi_uidiv
                0x10001e40       0x4c CMakeFiles/practica4.dir/home/julietanilem/pico/pico-sdk/src/rp2_common/pico_divider/divider_hardware.S.o
                0x10001e40                __wrap___aeabi_uidiv
                0x10001e40                __wrap___aeabi_uidivmod
                0x10001e40                div_u32u32
                0x10001e40                divmod_u32u32
                0x10001e48                divmod_u32u32_unsafe
                0x10001e70                divmod_u32u32_savestate
 .text.__wrap___aeabi_ldiv
                0x10001e8c      0x424 CMakeFiles/practica4.dir/home/julietanilem/pico/pico-sdk/src/rp2_common/pico_divider/divider_hardware.S.o
                0x10001e8c                div_s64s64
                0x10001e8c                divmod_s64s64
                0x10001e8c                __wrap___aeabi_ldivmod
                0x10001ebc                div_u64u64
                0x10001ebc                divmod_u64u64
                0x10001ebc                __wrap___aeabi_uldivmod
                0x10001ecc                divmod_u64u64_savestate
                0x10001eec                divmod_s64s64_unsafe
                0x10001f74                divmod_u64u64_unsafe
 .text.__wrap___aeabi_darithmetic
                0x100022b0       0x80 CMakeFiles/practica4.dir/home/julietanilem/pico/pico-sdk/src/rp2_common/pico_double/double_aeabi_rp2040.S.o
                0x100022b0                __wrap___aeabi_drsub
                0x100022b6                __wrap___aeabi_dsub
                0x100022c8                __wrap___aeabi_dadd
                0x100022da                __wrap___aeabi_ddiv
                0x10002316                __wrap___aeabi_dmul
 .text.__wrap___aeabi_cdcmple
                0x10002330       0x6c CMakeFiles/practica4.dir/home/julietanilem/pico/pico-sdk/src/rp2_common/pico_double/double_aeabi_rp2040.S.o
                0x10002330                __wrap___aeabi_cdrcmple
                0x10002340                __wrap___aeabi_cdcmple
                0x10002340                __wrap___aeabi_cdcmpeq
 .text.__wrap___aeabi_dcmplt
                0x1000239c        0xc CMakeFiles/practica4.dir/home/julietanilem/pico/pico-sdk/src/rp2_common/pico_double/double_aeabi_rp2040.S.o
                0x1000239c                __wrap___aeabi_dcmplt
 .text.__wrap___aeabi_dcmple
                0x100023a8       0x10 CMakeFiles/practica4.dir/home/julietanilem/pico/pico-sdk/src/rp2_common/pico_double/double_aeabi_rp2040.S.o
                0x100023a8                __wrap___aeabi_dcmple
 .text.__wrap___aeabi_dcmpge
                0x100023b8       0x10 CMakeFiles/practica4.dir/home/julietanilem/pico/pico-sdk/src/rp2_common/pico_double/double_aeabi_rp2040.S.o
                0x100023b8                __wrap___aeabi_dcmpge
 .text.__wrap___aeabi_dcmpgt
                0x100023c8        0xa CMakeFiles/practica4.dir/home/julietanilem/pico/pico-sdk/src/rp2_common/pico_double/double_aeabi_rp2040.S.o
                0x100023c8                __wrap___aeabi_dcmpgt
 .text.__wrap___aeabi_dcmpun
                0x100023d2       0x18 CMakeFiles/practica4.dir/home/julietanilem/pico/pico-sdk/src/rp2_common/pico_double/double_aeabi_rp2040.S.o
                0x100023d2                __wrap___aeabi_dcmpun
 *fill*         0x100023ea        0x2 
 .text.__wrap___aeabi_i2d
                0x100023ec       0x38 CMakeFiles/practica4.dir/home/julietanilem/pico/pico-sdk/src/rp2_common/pico_double/double_aeabi_rp2040.S.o
                0x100023ec                __wrap___aeabi_ui2d
                0x100023ec                uint2double
                0x100023f4                __wrap___aeabi_i2d
                0x100023f4                int2double
 .text.__wrap___aeabi_d2iz
                0x10002424       0x48 CMakeFiles/practica4.dir/home/julietanilem/pico/pico-sdk/src/rp2_common/pico_double/double_aeabi_rp2040.S.o
                0x10002424                __wrap___aeabi_d2iz
                0x10002424                double2int_z
 .text.__wrap___aeabi_d2uiz
                0x1000246c       0x18 CMakeFiles/practica4.dir/home/julietanilem/pico/pico-sdk/src/rp2_common/pico_double/double_aeabi_rp2040.S.o
                0x1000246c                double2uint_z
                0x1000246c                double2uint
                0x1000246c                __wrap___aeabi_d2uiz
 .text.__aeabi_double_init
                0x10002484       0xa4 CMakeFiles/practica4.dir/home/julietanilem/pico/pico-sdk/src/rp2_common/pico_double/double_init_rom_rp2040.c.o
                0x10002484                __aeabi_double_init
 .text.double_table_shim_on_use_helper
                0x10002528       0x2c CMakeFiles/practica4.dir/home/julietanilem/pico/pico-sdk/src/rp2_common/pico_double/double_v1_rom_shim_rp2040.S.o
                0x10002528                double_table_shim_on_use_helper
 .text.__wrap___aeabi_dsub
                0x10002554       0x10 CMakeFiles/practica4.dir/home/julietanilem/pico/pico-sdk/src/rp2_common/pico_double/double_v1_rom_shim_rp2040.S.o
                0x10002554                drsub_shim
                0x1000255a                dsub_shim
 .text.dadd_shim
                0x10002564      0x15c CMakeFiles/practica4.dir/home/julietanilem/pico/pico-sdk/src/rp2_common/pico_double/double_v1_rom_shim_rp2040.S.o
                0x10002564                dadd_shim
 .text.dmul_shim
                0x100026c0      0x15c CMakeFiles/practica4.dir/home/julietanilem/pico/pico-sdk/src/rp2_common/pico_double/double_v1_rom_shim_rp2040.S.o
                0x100026c0                dmul_shim
 .text.ddiv_shim
                0x1000281c      0x1b0 CMakeFiles/practica4.dir/home/julietanilem/pico/pico-sdk/src/rp2_common/pico_double/double_v1_rom_shim_rp2040.S.o
                0x1000281c                ddiv_shim
 .text.double2uint_shim
                0x100029cc        0xe CMakeFiles/practica4.dir/home/julietanilem/pico/pico-sdk/src/rp2_common/pico_double/double_v1_rom_shim_rp2040.S.o
                0x100029cc                double2uint_shim
                0x100029ce                double2ufix_shim
 *fill*         0x100029da        0x2 
 .text.double2uint64_shim
                0x100029dc       0x70 CMakeFiles/practica4.dir/home/julietanilem/pico/pico-sdk/src/rp2_common/pico_double/double_v1_rom_shim_rp2040.S.o
                0x100029dc                double2uint64_shim
                0x100029de                double2ufix64_shim
                0x100029fe                d2fix_a
 .text.dunpacks
                0x10002a4c       0x3c CMakeFiles/practica4.dir/home/julietanilem/pico/pico-sdk/src/rp2_common/pico_double/double_v1_rom_shim_rp2040.S.o
                0x10002a4c                dunpacks
 .text.__aeabi_lmul
                0x10002a88       0x32 CMakeFiles/practica4.dir/home/julietanilem/pico/pico-sdk/src/rp2_common/pico_int64_ops/pico_int64_ops_aeabi.S.o
                0x10002a88                __wrap___aeabi_lmul
 *fill*         0x10002aba        0x2 
 .text.__aeabi_float_init
                0x10002abc       0x68 CMakeFiles/practica4.dir/home/julietanilem/pico/pico-sdk/src/rp2_common/pico_float/float_init_rom_rp2040.c.o
                0x10002abc                __aeabi_float_init
 .text.float_table_shim_on_use_helper
                0x10002b24       0x2c CMakeFiles/practica4.dir/home/julietanilem/pico/pico-sdk/src/rp2_common/pico_float/float_v1_rom_shim_rp2040.S.o
                0x10002b24                float_table_shim_on_use_helper
 .text          0x10002b50       0x10 CMakeFiles/practica4.dir/home/julietanilem/pico/pico-sdk/src/rp2_common/pico_mem_ops/mem_ops_aeabi.S.o
                0x10002b50                __aeabi_mem_init
 .text.memset   0x10002b60        0xc CMakeFiles/practica4.dir/home/julietanilem/pico/pico-sdk/src/rp2_common/pico_mem_ops/mem_ops_aeabi.S.o
                0x10002b60                __wrap_memset
 .text.memcpy   0x10002b6c        0xc CMakeFiles/practica4.dir/home/julietanilem/pico/pico-sdk/src/rp2_common/pico_mem_ops/mem_ops_aeabi.S.o
                0x10002b6c                __wrap___aeabi_memcpy
                0x10002b6c                __wrap_memcpy
 .text._out_null
                0x10002b78        0x4 CMakeFiles/practica4.dir/home/julietanilem/pico/pico-sdk/src/rp2_common/pico_printf/printf.c.o
 .text._out_rev
                0x10002b7c       0xa8 CMakeFiles/practica4.dir/home/julietanilem/pico/pico-sdk/src/rp2_common/pico_printf/printf.c.o
 .text._ntoa_format
                0x10002c24      0x1d8 CMakeFiles/practica4.dir/home/julietanilem/pico/pico-sdk/src/rp2_common/pico_printf/printf.c.o
 .text._out_char
                0x10002dfc       0x10 CMakeFiles/practica4.dir/home/julietanilem/pico/pico-sdk/src/rp2_common/pico_printf/printf.c.o
 .text._out_fct
                0x10002e0c       0x10 CMakeFiles/practica4.dir/home/julietanilem/pico/pico-sdk/src/rp2_common/pico_printf/printf.c.o
 .text._ftoa    0x10002e1c      0x474 CMakeFiles/practica4.dir/home/julietanilem/pico/pico-sdk/src/rp2_common/pico_printf/printf.c.o
 .text._etoa    0x10003290      0x560 CMakeFiles/practica4.dir/home/julietanilem/pico/pico-sdk/src/rp2_common/pico_printf/printf.c.o
 .text._vsnprintf
                0x100037f0      0xab8 CMakeFiles/practica4.dir/home/julietanilem/pico/pico-sdk/src/rp2_common/pico_printf/printf.c.o
 .text.vfctprintf
                0x100042a8       0x20 CMakeFiles/practica4.dir/home/julietanilem/pico/pico-sdk/src/rp2_common/pico_printf/printf.c.o
                0x100042a8                vfctprintf
 .text.weak_raw_vprintf
                0x100042c8       0x30 CMakeFiles/practica4.dir/home/julietanilem/pico/pico-sdk/src/rp2_common/pico_printf/printf.c.o
                0x100042c8                weak_raw_vprintf
 .text._exit    0x100042f8        0x4 CMakeFiles/practica4.dir/home/julietanilem/pico/pico-sdk/src/rp2_common/pico_clib_interface/newlib_interface.c.o
                0x100042f8                _exit
 .text.exit     0x100042fc        0x8 CMakeFiles/practica4.dir/home/julietanilem/pico/pico-sdk/src/rp2_common/pico_clib_interface/newlib_interface.c.o
                0x100042fc                exit
 .text.runtime_init
                0x10004304       0x2c CMakeFiles/practica4.dir/home/julietanilem/pico/pico-sdk/src/rp2_common/pico_clib_interface/newlib_interface.c.o
                0x10004304                runtime_init
 .text.stdio_out_chars_no_crlf
                0x10004330       0x10 CMakeFiles/practica4.dir/home/julietanilem/pico/pico-sdk/src/rp2_common/pico_stdio/stdio.c.o
 .text.stdio_out_chars_crlf
                0x10004340       0x90 CMakeFiles/practica4.dir/home/julietanilem/pico/pico-sdk/src/rp2_common/pico_stdio/stdio.c.o
 .text.stdio_buffered_printer
                0x100043d0       0x64 CMakeFiles/practica4.dir/home/julietanilem/pico/pico-sdk/src/rp2_common/pico_stdio/stdio.c.o
 .text.stdio_put_string
                0x10004434       0xf4 CMakeFiles/practica4.dir/home/julietanilem/pico/pico-sdk/src/rp2_common/pico_stdio/stdio.c.o
                0x10004434                stdio_put_string
 .text.stdio_set_driver_enabled
                0x10004528       0x30 CMakeFiles/practica4.dir/home/julietanilem/pico/pico-sdk/src/rp2_common/pico_stdio/stdio.c.o
                0x10004528                stdio_set_driver_enabled
 .text.stdio_init_all
                0x10004558        0x8 CMakeFiles/practica4.dir/home/julietanilem/pico/pico-sdk/src/rp2_common/pico_stdio/stdio.c.o
                0x10004558                stdio_init_all
 .text.stdio_getchar_timeout_us
                0x10004560       0x98 CMakeFiles/practica4.dir/home/julietanilem/pico/pico-sdk/src/rp2_common/pico_stdio/stdio.c.o
                0x10004560                stdio_getchar_timeout_us
 .text.__wrap_putchar
                0x100045f8       0x94 CMakeFiles/practica4.dir/home/julietanilem/pico/pico-sdk/src/rp2_common/pico_stdio/stdio.c.o
                0x100045f8                stdio_putchar
                0x100045f8                __wrap_putchar
 .text.__wrap_puts
                0x1000468c       0x3c CMakeFiles/practica4.dir/home/julietanilem/pico/pico-sdk/src/rp2_common/pico_stdio/stdio.c.o
                0x1000468c                __wrap_puts
                0x1000468c                stdio_puts
 .text.__wrap_vprintf
                0x100046c8       0xc8 CMakeFiles/practica4.dir/home/julietanilem/pico/pico-sdk/src/rp2_common/pico_stdio/stdio.c.o
                0x100046c8                __wrap_vprintf
                0x100046c8                stdio_vprintf
 .text.__wrap_printf
                0x10004790       0x18 CMakeFiles/practica4.dir/home/julietanilem/pico/pico-sdk/src/rp2_common/pico_stdio/stdio.c.o
                0x10004790                stdio_printf
                0x10004790                __wrap_printf
 .text.resetd_init
                0x100047a8        0x4 CMakeFiles/practica4.dir/home/julietanilem/pico/pico-sdk/src/rp2_common/pico_stdio_usb/reset_interface.c.o
 .text.resetd_reset
                0x100047ac        0xc CMakeFiles/practica4.dir/home/julietanilem/pico/pico-sdk/src/rp2_common/pico_stdio_usb/reset_interface.c.o
 .text.resetd_open
                0x100047b8       0x28 CMakeFiles/practica4.dir/home/julietanilem/pico/pico-sdk/src/rp2_common/pico_stdio_usb/reset_interface.c.o
 .text.resetd_xfer_cb
                0x100047e0        0x4 CMakeFiles/practica4.dir/home/julietanilem/pico/pico-sdk/src/rp2_common/pico_stdio_usb/reset_interface.c.o
 .text.resetd_control_xfer_cb
                0x100047e4       0x54 CMakeFiles/practica4.dir/home/julietanilem/pico/pico-sdk/src/rp2_common/pico_stdio_usb/reset_interface.c.o
 .text.tud_descriptor_bos_cb
                0x10004838        0x8 CMakeFiles/practica4.dir/home/julietanilem/pico/pico-sdk/src/rp2_common/pico_stdio_usb/reset_interface.c.o
                0x10004838                tud_descriptor_bos_cb
 .text.tud_vendor_control_xfer_cb
                0x10004840       0x38 CMakeFiles/practica4.dir/home/julietanilem/pico/pico-sdk/src/rp2_common/pico_stdio_usb/reset_interface.c.o
                0x10004840                tud_vendor_control_xfer_cb
 .text.usbd_app_driver_get_cb
                0x10004878        0xc CMakeFiles/practica4.dir/home/julietanilem/pico/pico-sdk/src/rp2_common/pico_stdio_usb/reset_interface.c.o
                0x10004878                usbd_app_driver_get_cb
 .text.tud_cdc_line_coding_cb
                0x10004884       0x2c CMakeFiles/practica4.dir/home/julietanilem/pico/pico-sdk/src/rp2_common/pico_stdio_usb/reset_interface.c.o
                0x10004884                tud_cdc_line_coding_cb
 .text.stdio_usb_set_chars_available_callback
                0x100048b0       0x14 CMakeFiles/practica4.dir/home/julietanilem/pico/pico-sdk/src/rp2_common/pico_stdio_usb/stdio_usb.c.o
                0x100048b0                stdio_usb_set_chars_available_callback
 .text.usb_irq  0x100048c4       0x10 CMakeFiles/practica4.dir/home/julietanilem/pico/pico-sdk/src/rp2_common/pico_stdio_usb/stdio_usb.c.o
 .text.timer_task
                0x100048d4       0x64 CMakeFiles/practica4.dir/home/julietanilem/pico/pico-sdk/src/rp2_common/pico_stdio_usb/stdio_usb.c.o
 .text.stdio_usb_in_chars
                0x10004938       0x8c CMakeFiles/practica4.dir/home/julietanilem/pico/pico-sdk/src/rp2_common/pico_stdio_usb/stdio_usb.c.o
                0x10004938                stdio_usb_in_chars
 .text.stdio_usb_out_flush
                0x100049c4       0x4c CMakeFiles/practica4.dir/home/julietanilem/pico/pico-sdk/src/rp2_common/pico_stdio_usb/stdio_usb.c.o
 .text.stdio_usb_out_chars
                0x10004a10       0xf8 CMakeFiles/practica4.dir/home/julietanilem/pico/pico-sdk/src/rp2_common/pico_stdio_usb/stdio_usb.c.o
 .text.low_priority_worker_irq
                0x10004b08       0xc4 CMakeFiles/practica4.dir/home/julietanilem/pico/pico-sdk/src/rp2_common/pico_stdio_usb/stdio_usb.c.o
 .text.stdio_usb_init
                0x10004bcc       0xe4 CMakeFiles/practica4.dir/home/julietanilem/pico/pico-sdk/src/rp2_common/pico_stdio_usb/stdio_usb.c.o
                0x10004bcc                stdio_usb_init
 .text.stdio_usb_connected
                0x10004cb0        0xc CMakeFiles/practica4.dir/home/julietanilem/pico/pico-sdk/src/rp2_common/pico_stdio_usb/stdio_usb.c.o
                0x10004cb0                stdio_usb_connected
 .text.tud_descriptor_device_cb
                0x10004cbc        0x8 CMakeFiles/practica4.dir/home/julietanilem/pico/pico-sdk/src/rp2_common/pico_stdio_usb/stdio_usb_descriptors.c.o
                0x10004cbc                tud_descriptor_device_cb
 .text.tud_descriptor_configuration_cb
                0x10004cc4        0x8 CMakeFiles/practica4.dir/home/julietanilem/pico/pico-sdk/src/rp2_common/pico_stdio_usb/stdio_usb_descriptors.c.o
                0x10004cc4                tud_descriptor_configuration_cb
 .text.tud_descriptor_string_cb
                0x10004ccc       0x70 CMakeFiles/practica4.dir/home/julietanilem/pico/pico-sdk/src/rp2_common/pico_stdio_usb/stdio_usb_descriptors.c.o
                0x10004ccc                tud_descriptor_string_cb
 .text.startup._retrieve_unique_id_on_boot
                0x10004d3c       0x10 CMakeFiles/practica4.dir/home/julietanilem/pico/pico-sdk/src/rp2_common/pico_unique_id/unique_id.c.o
 .text.pico_get_unique_board_id_string
                0x10004d4c      0x1e0 CMakeFiles/practica4.dir/home/julietanilem/pico/pico-sdk/src/rp2_common/pico_unique_id/unique_id.c.o
                0x10004d4c                pico_get_unique_board_id_string
 .text.flash_get_unique_id
                0x10004f2c       0x3c CMakeFiles/practica4.dir/home/julietanilem/pico/pico-sdk/src/rp2_common/hardware_flash/flash.c.o
                0x10004f2c                flash_get_unique_id
 .text.dcd_init
                0x10004f68       0x90 CMakeFiles/practica4.dir/home/julietanilem/pico/pico-sdk/lib/tinyusb/src/portable/raspberrypi/rp2040/dcd_rp2040.c.o
                0x10004f68                dcd_init
 .text.dcd_int_enable
                0x10004ff8        0xc CMakeFiles/practica4.dir/home/julietanilem/pico/pico-sdk/lib/tinyusb/src/portable/raspberrypi/rp2040/dcd_rp2040.c.o
                0x10004ff8                dcd_int_enable
 .text.dcd_set_address
                0x10005004       0x14 CMakeFiles/practica4.dir/home/julietanilem/pico/pico-sdk/lib/tinyusb/src/portable/raspberrypi/rp2040/dcd_rp2040.c.o
                0x10005004                dcd_set_address
 .text.dcd_sof_enable
                0x10005018       0x1c CMakeFiles/practica4.dir/home/julietanilem/pico/pico-sdk/lib/tinyusb/src/portable/raspberrypi/rp2040/dcd_rp2040.c.o
                0x10005018                dcd_sof_enable
 .text.dcd_edpt0_status_complete
                0x10005034       0x1c CMakeFiles/practica4.dir/home/julietanilem/pico/pico-sdk/lib/tinyusb/src/portable/raspberrypi/rp2040/dcd_rp2040.c.o
                0x10005034                dcd_edpt0_status_complete
 .text.dcd_edpt_open
                0x10005050      0x114 CMakeFiles/practica4.dir/home/julietanilem/pico/pico-sdk/lib/tinyusb/src/portable/raspberrypi/rp2040/dcd_rp2040.c.o
                0x10005050                dcd_edpt_open
 .text.dcd_edpt_close_all
                0x10005164        0x8 CMakeFiles/practica4.dir/home/julietanilem/pico/pico-sdk/lib/tinyusb/src/portable/raspberrypi/rp2040/dcd_rp2040.c.o
                0x10005164                dcd_edpt_close_all
 .text.dcd_edpt_xfer
                0x1000516c       0x24 CMakeFiles/practica4.dir/home/julietanilem/pico/pico-sdk/lib/tinyusb/src/portable/raspberrypi/rp2040/dcd_rp2040.c.o
                0x1000516c                dcd_edpt_xfer
 .text.dcd_edpt_stall
                0x10005190       0x3c CMakeFiles/practica4.dir/home/julietanilem/pico/pico-sdk/lib/tinyusb/src/portable/raspberrypi/rp2040/dcd_rp2040.c.o
                0x10005190                dcd_edpt_stall
 .text.dcd_edpt_clear_stall
                0x100051cc       0x30 CMakeFiles/practica4.dir/home/julietanilem/pico/pico-sdk/lib/tinyusb/src/portable/raspberrypi/rp2040/dcd_rp2040.c.o
                0x100051cc                dcd_edpt_clear_stall
 .text.rp2040_usb_init
                0x100051fc       0x40 CMakeFiles/practica4.dir/home/julietanilem/pico/pico-sdk/lib/tinyusb/src/portable/raspberrypi/rp2040/rp2040_usb.c.o
                0x100051fc                rp2040_usb_init
 .text.hw_endpoint_xfer_start
                0x1000523c       0x40 CMakeFiles/practica4.dir/home/julietanilem/pico/pico-sdk/lib/tinyusb/src/portable/raspberrypi/rp2040/rp2040_usb.c.o
                0x1000523c                hw_endpoint_xfer_start
 .text.tud_event_hook_cb
                0x1000527c        0x4 CMakeFiles/practica4.dir/home/julietanilem/pico/pico-sdk/lib/tinyusb/src/device/usbd.c.o
                0x1000527c                tud_event_hook_cb
 .text.tud_sof_cb
                0x10005280        0x4 CMakeFiles/practica4.dir/home/julietanilem/pico/pico-sdk/lib/tinyusb/src/device/usbd.c.o
                0x10005280                tud_sof_cb
 .text.tud_descriptor_device_qualifier_cb
                0x10005284        0x4 CMakeFiles/practica4.dir/home/julietanilem/pico/pico-sdk/lib/tinyusb/src/device/usbd.c.o
                0x10005284                tud_descriptor_device_qualifier_cb
 .text.tud_descriptor_other_speed_configuration_cb
                0x10005288        0x4 CMakeFiles/practica4.dir/home/julietanilem/pico/pico-sdk/lib/tinyusb/src/device/usbd.c.o
                0x10005288                tud_descriptor_other_speed_configuration_cb
 .text.tud_mount_cb
                0x1000528c        0x4 CMakeFiles/practica4.dir/home/julietanilem/pico/pico-sdk/lib/tinyusb/src/device/usbd.c.o
                0x1000528c                tud_mount_cb
 .text.tud_umount_cb
                0x10005290        0x4 CMakeFiles/practica4.dir/home/julietanilem/pico/pico-sdk/lib/tinyusb/src/device/usbd.c.o
                0x10005290                tud_umount_cb
 .text.tud_suspend_cb
                0x10005294        0x4 CMakeFiles/practica4.dir/home/julietanilem/pico/pico-sdk/lib/tinyusb/src/device/usbd.c.o
                0x10005294                tud_suspend_cb
 .text.tud_resume_cb
                0x10005298        0x4 CMakeFiles/practica4.dir/home/julietanilem/pico/pico-sdk/lib/tinyusb/src/device/usbd.c.o
                0x10005298                tud_resume_cb
 .text.tud_mounted
                0x1000529c       0x10 CMakeFiles/practica4.dir/home/julietanilem/pico/pico-sdk/lib/tinyusb/src/device/usbd.c.o
                0x1000529c                tud_mounted
 .text.tud_suspended
                0x100052ac       0x10 CMakeFiles/practica4.dir/home/julietanilem/pico/pico-sdk/lib/tinyusb/src/device/usbd.c.o
                0x100052ac                tud_suspended
 .text.tud_rhport_init
                0x100052bc       0xf0 CMakeFiles/practica4.dir/home/julietanilem/pico/pico-sdk/lib/tinyusb/src/device/usbd.c.o
                0x100052bc                tud_rhport_init
 .text.tud_task_ext
                0x100053ac      0x7fc CMakeFiles/practica4.dir/home/julietanilem/pico/pico-sdk/lib/tinyusb/src/device/usbd.c.o
                0x100053ac                tud_task_ext
 .text.usbd_open_edpt_pair
                0x10005ba8       0x98 CMakeFiles/practica4.dir/home/julietanilem/pico/pico-sdk/lib/tinyusb/src/device/usbd.c.o
                0x10005ba8                usbd_open_edpt_pair
 .text.usbd_edpt_open
                0x10005c40       0x34 CMakeFiles/practica4.dir/home/julietanilem/pico/pico-sdk/lib/tinyusb/src/device/usbd.c.o
                0x10005c40                usbd_edpt_open
 .text.usbd_edpt_claim
                0x10005c74       0x28 CMakeFiles/practica4.dir/home/julietanilem/pico/pico-sdk/lib/tinyusb/src/device/usbd.c.o
                0x10005c74                usbd_edpt_claim
 .text.usbd_edpt_release
                0x10005c9c       0x28 CMakeFiles/practica4.dir/home/julietanilem/pico/pico-sdk/lib/tinyusb/src/device/usbd.c.o
                0x10005c9c                usbd_edpt_release
 .text.usbd_edpt_xfer
                0x10005cc4       0x50 CMakeFiles/practica4.dir/home/julietanilem/pico/pico-sdk/lib/tinyusb/src/device/usbd.c.o
                0x10005cc4                usbd_edpt_xfer
 .text.tud_control_status
                0x10005d14       0x2c CMakeFiles/practica4.dir/home/julietanilem/pico/pico-sdk/lib/tinyusb/src/device/usbd_control.c.o
                0x10005d14                tud_control_status
 .text.tud_control_xfer
                0x10005d40       0xa0 CMakeFiles/practica4.dir/home/julietanilem/pico/pico-sdk/lib/tinyusb/src/device/usbd_control.c.o
                0x10005d40                tud_control_xfer
 .text.usbd_control_reset
                0x10005de0       0x14 CMakeFiles/practica4.dir/home/julietanilem/pico/pico-sdk/lib/tinyusb/src/device/usbd_control.c.o
                0x10005de0                usbd_control_reset
 .text.usbd_control_set_complete_callback
                0x10005df4        0xc CMakeFiles/practica4.dir/home/julietanilem/pico/pico-sdk/lib/tinyusb/src/device/usbd_control.c.o
                0x10005df4                usbd_control_set_complete_callback
 .text.usbd_control_set_request
                0x10005e00       0x1c CMakeFiles/practica4.dir/home/julietanilem/pico/pico-sdk/lib/tinyusb/src/device/usbd_control.c.o
                0x10005e00                usbd_control_set_request
 .text.usbd_control_xfer_cb
                0x10005e1c       0xe8 CMakeFiles/practica4.dir/home/julietanilem/pico/pico-sdk/lib/tinyusb/src/device/usbd_control.c.o
                0x10005e1c                usbd_control_xfer_cb
 .text._prep_out_transaction.isra.0
                0x10005f04       0x6c CMakeFiles/practica4.dir/home/julietanilem/pico/pico-sdk/lib/tinyusb/src/class/cdc/cdc_device.c.o
 .text.tud_cdc_n_connected
                0x10005f70       0x2c CMakeFiles/practica4.dir/home/julietanilem/pico/pico-sdk/lib/tinyusb/src/class/cdc/cdc_device.c.o
                0x10005f70                tud_cdc_n_connected
 .text.tud_cdc_n_available
                0x10005f9c       0x14 CMakeFiles/practica4.dir/home/julietanilem/pico/pico-sdk/lib/tinyusb/src/class/cdc/cdc_device.c.o
                0x10005f9c                tud_cdc_n_available
 .text.tud_cdc_n_read
                0x10005fb0       0x88 CMakeFiles/practica4.dir/home/julietanilem/pico/pico-sdk/lib/tinyusb/src/class/cdc/cdc_device.c.o
                0x10005fb0                tud_cdc_n_read
 .text.tud_cdc_n_write_flush
                0x10006038       0x78 CMakeFiles/practica4.dir/home/julietanilem/pico/pico-sdk/lib/tinyusb/src/class/cdc/cdc_device.c.o
                0x10006038                tud_cdc_n_write_flush
 .text.tud_cdc_n_write
                0x100060b0       0x40 CMakeFiles/practica4.dir/home/julietanilem/pico/pico-sdk/lib/tinyusb/src/class/cdc/cdc_device.c.o
                0x100060b0                tud_cdc_n_write
 .text.tud_cdc_n_write_available
                0x100060f0       0x14 CMakeFiles/practica4.dir/home/julietanilem/pico/pico-sdk/lib/tinyusb/src/class/cdc/cdc_device.c.o
                0x100060f0                tud_cdc_n_write_available
 .text.cdcd_init
                0x10006104       0x70 CMakeFiles/practica4.dir/home/julietanilem/pico/pico-sdk/lib/tinyusb/src/class/cdc/cdc_device.c.o
                0x10006104                cdcd_init
 .text.cdcd_deinit
                0x10006174       0x30 CMakeFiles/practica4.dir/home/julietanilem/pico/pico-sdk/lib/tinyusb/src/class/cdc/cdc_device.c.o
                0x10006174                cdcd_deinit
 .text.cdcd_reset
                0x100061a4       0x48 CMakeFiles/practica4.dir/home/julietanilem/pico/pico-sdk/lib/tinyusb/src/class/cdc/cdc_device.c.o
                0x100061a4                cdcd_reset
 .text.cdcd_open
                0x100061ec       0xa8 CMakeFiles/practica4.dir/home/julietanilem/pico/pico-sdk/lib/tinyusb/src/class/cdc/cdc_device.c.o
                0x100061ec                cdcd_open
 .text.cdcd_control_xfer_cb
                0x10006294       0xf0 CMakeFiles/practica4.dir/home/julietanilem/pico/pico-sdk/lib/tinyusb/src/class/cdc/cdc_device.c.o
                0x10006294                cdcd_control_xfer_cb
 .text.cdcd_xfer_cb
                0x10006384       0xf8 CMakeFiles/practica4.dir/home/julietanilem/pico/pico-sdk/lib/tinyusb/src/class/cdc/cdc_device.c.o
                0x10006384                cdcd_xfer_cb
 .text.vendord_init
                0x1000647c       0x5c CMakeFiles/practica4.dir/home/julietanilem/pico/pico-sdk/lib/tinyusb/src/class/vendor/vendor_device.c.o
                0x1000647c                vendord_init
 .text.vendord_deinit
                0x100064d8       0x1c CMakeFiles/practica4.dir/home/julietanilem/pico/pico-sdk/lib/tinyusb/src/class/vendor/vendor_device.c.o
                0x100064d8                vendord_deinit
 .text.vendord_reset
                0x100064f4       0x28 CMakeFiles/practica4.dir/home/julietanilem/pico/pico-sdk/lib/tinyusb/src/class/vendor/vendor_device.c.o
                0x100064f4                vendord_reset
 .text.vendord_open
                0x1000651c      0x104 CMakeFiles/practica4.dir/home/julietanilem/pico/pico-sdk/lib/tinyusb/src/class/vendor/vendor_device.c.o
                0x1000651c                vendord_open
 .text.vendord_xfer_cb
                0x10006620       0xa0 CMakeFiles/practica4.dir/home/julietanilem/pico/pico-sdk/lib/tinyusb/src/class/vendor/vendor_device.c.o
                0x10006620                vendord_xfer_cb
 .text.tusb_rhport_init
                0x100066c0       0x4c CMakeFiles/practica4.dir/home/julietanilem/pico/pico-sdk/lib/tinyusb/src/tusb.c.o
                0x100066c0                tusb_rhport_init
 .text.tu_edpt_claim
                0x1000670c       0x50 CMakeFiles/practica4.dir/home/julietanilem/pico/pico-sdk/lib/tinyusb/src/tusb.c.o
                0x1000670c                tu_edpt_claim
 .text.tu_edpt_release
                0x1000675c       0x38 CMakeFiles/practica4.dir/home/julietanilem/pico/pico-sdk/lib/tinyusb/src/tusb.c.o
                0x1000675c                tu_edpt_release
 .text.tu_edpt_validate
                0x10006794       0x74 CMakeFiles/practica4.dir/home/julietanilem/pico/pico-sdk/lib/tinyusb/src/tusb.c.o
                0x10006794                tu_edpt_validate
 .text.tu_edpt_bind_driver
                0x10006808       0x34 CMakeFiles/practica4.dir/home/julietanilem/pico/pico-sdk/lib/tinyusb/src/tusb.c.o
                0x10006808                tu_edpt_bind_driver
 .text.tu_edpt_stream_init
                0x1000683c       0x68 CMakeFiles/practica4.dir/home/julietanilem/pico/pico-sdk/lib/tinyusb/src/tusb.c.o
                0x1000683c                tu_edpt_stream_init
 .text.tu_edpt_stream_deinit
                0x100068a4        0x4 CMakeFiles/practica4.dir/home/julietanilem/pico/pico-sdk/lib/tinyusb/src/tusb.c.o
                0x100068a4                tu_edpt_stream_deinit
 .text.tu_edpt_stream_write_zlp_if_needed
                0x100068a8       0x64 CMakeFiles/practica4.dir/home/julietanilem/pico/pico-sdk/lib/tinyusb/src/tusb.c.o
                0x100068a8                tu_edpt_stream_write_zlp_if_needed
 .text.tu_edpt_stream_write_xfer
                0x1000690c       0x6c CMakeFiles/practica4.dir/home/julietanilem/pico/pico-sdk/lib/tinyusb/src/tusb.c.o
                0x1000690c                tu_edpt_stream_write_xfer
 .text.tu_edpt_stream_read_xfer
                0x10006978       0xd8 CMakeFiles/practica4.dir/home/julietanilem/pico/pico-sdk/lib/tinyusb/src/tusb.c.o
                0x10006978                tu_edpt_stream_read_xfer
 .text.tu_fifo_config
                0x10006a50       0x6c CMakeFiles/practica4.dir/home/julietanilem/pico/pico-sdk/lib/tinyusb/src/common/tusb_fifo.c.o
                0x10006a50                tu_fifo_config
 .text.tu_fifo_count
                0x10006abc       0x2c CMakeFiles/practica4.dir/home/julietanilem/pico/pico-sdk/lib/tinyusb/src/common/tusb_fifo.c.o
                0x10006abc                tu_fifo_count
 .text.tu_fifo_empty
                0x10006ae8       0x10 CMakeFiles/practica4.dir/home/julietanilem/pico/pico-sdk/lib/tinyusb/src/common/tusb_fifo.c.o
                0x10006ae8                tu_fifo_empty
 .text.tu_fifo_remaining
                0x10006af8       0x2c CMakeFiles/practica4.dir/home/julietanilem/pico/pico-sdk/lib/tinyusb/src/common/tusb_fifo.c.o
                0x10006af8                tu_fifo_remaining
 .text.tu_fifo_read
                0x10006b24       0x9c CMakeFiles/practica4.dir/home/julietanilem/pico/pico-sdk/lib/tinyusb/src/common/tusb_fifo.c.o
                0x10006b24                tu_fifo_read
 .text.tu_fifo_read_n
                0x10006bc0       0xec CMakeFiles/practica4.dir/home/julietanilem/pico/pico-sdk/lib/tinyusb/src/common/tusb_fifo.c.o
                0x10006bc0                tu_fifo_read_n
 .text.tu_fifo_write
                0x10006cac       0xa4 CMakeFiles/practica4.dir/home/julietanilem/pico/pico-sdk/lib/tinyusb/src/common/tusb_fifo.c.o
                0x10006cac                tu_fifo_write
 .text.tu_fifo_write_n
                0x10006d50      0x168 CMakeFiles/practica4.dir/home/julietanilem/pico/pico-sdk/lib/tinyusb/src/common/tusb_fifo.c.o
                0x10006d50                tu_fifo_write_n
 .text.tu_fifo_clear
                0x10006eb8       0x40 CMakeFiles/practica4.dir/home/julietanilem/pico/pico-sdk/lib/tinyusb/src/common/tusb_fifo.c.o
                0x10006eb8                tu_fifo_clear
 .text.tu_fifo_set_overwritable
                0x10006ef8       0x48 CMakeFiles/practica4.dir/home/julietanilem/pico/pico-sdk/lib/tinyusb/src/common/tusb_fifo.c.o
                0x10006ef8                tu_fifo_set_overwritable
 .text.exception_set_exclusive_handler
                0x10006f40       0x48 CMakeFiles/practica4.dir/home/julietanilem/pico/pico-sdk/src/rp2_common/hardware_exception/exception.c.o
                0x10006f40                exception_set_exclusive_handler
 .text.atexit   0x10006f88       0x10 /usr/lib/gcc/arm-none-eabi/15.2.0/../../../../arm-none-eabi/lib/thumb/v6-m/nofp/libg.a(libc_a-atexit.o)
                0x10006f88                atexit
 .text.__libc_fini_array
                0x10006f98       0x28 /usr/lib/gcc/arm-none-eabi/15.2.0/../../../../arm-none-eabi/lib/thumb/v6-m/nofp/libg.a(libc_a-fini.o)
                0x10006f98                __libc_fini_array
 .text.__retarget_lock_acquire_recursive
                0x10006fc0        0x4 /usr/lib/gcc/arm-none-eabi/15.2.0/../../../../arm-none-eabi/lib/thumb/v6-m/nofp/libg.a(libc_a-lock.o)
                0x10006fc0                __retarget_lock_acquire_recursive
 .text.__retarget_lock_release_recursive
                0x10006fc4        0x4 /usr/lib/gcc/arm-none-eabi/15.2.0/../../../../arm-none-eabi/lib/thumb/v6-m/nofp/libg.a(libc_a-lock.o)
                0x10006fc4                __retarget_lock_release_recursive
 .text.strlen   0x10006fc8       0x5c /usr/lib/gcc/arm-none-eabi/15.2.0/../../../../arm-none-eabi/lib/thumb/v6-m/nofp/libg.a(libc_a-strlen-stub.o)
                0x10006fc8                strlen
 .text.__register_exitproc
                0x10007024       0xa8 /usr/lib/gcc/arm-none-eabi/15.2.0/../../../../arm-none-eabi/lib/thumb/v6-m/nofp/libg.a(libc_a-__atexit.o)
                0x10007024                __register_exitproc
 .text.startup.register_fini
                0x100070cc       0x18 /usr/lib/gcc/arm-none-eabi/15.2.0/../../../../arm-none-eabi/lib/thumb/v6-m/nofp/libg.a(libc_a-__call_atexit.o)
 *(.fini)
 .fini          0x100070e4        0x4 /usr/lib/gcc/arm-none-eabi/15.2.0/thumb/v6-m/nofp/crti.o
                0x100070e4                _fini
 .fini.__stub   0x100070e8       0xc0 linker stubs
 *crtbegin.o(.ctors)
 *crtbegin?.o(.ctors)
 *(EXCLUDE_FILE(*crtend.o *crtend?.o) .ctors)
 *(SORT_BY_NAME(.ctors.*))
 *(.ctors)
 *crtbegin.o(.dtors)
 *crtbegin?.o(.dtors)
 *(EXCLUDE_FILE(*crtend.o *crtend?.o) .dtors)
 *(SORT_BY_NAME(.dtors.*))
 *(.dtors)
                0x100071a8                        . = ALIGN (0x4)
                0x100071a8                        PROVIDE (__preinit_array_start = .)
 *(SORT_BY_NAME(.preinit_array.*))
 .preinit_array.00100
                0x100071a8        0x4 CMakeFiles/practica4.dir/home/julietanilem/pico/pico-sdk/src/rp2_common/pico_runtime_init/runtime_init.c.o
                0x100071a8                __pre_init_runtime_init_early_resets
 .preinit_array.00101
                0x100071ac        0x4 CMakeFiles/practica4.dir/home/julietanilem/pico/pico-sdk/src/rp2_common/pico_runtime_init/runtime_init.c.o
                0x100071ac                __pre_init_runtime_init_usb_power_down
 .preinit_array.00275
                0x100071b0        0x4 CMakeFiles/practica4.dir/home/julietanilem/pico/pico-sdk/src/rp2_common/pico_bit_ops/bit_ops_aeabi.S.o
 .preinit_array.00300
                0x100071b4        0x4 CMakeFiles/practica4.dir/home/julietanilem/pico/pico-sdk/src/rp2_common/pico_mem_ops/mem_ops_aeabi.S.o
 .preinit_array.00350
                0x100071b8        0x4 CMakeFiles/practica4.dir/home/julietanilem/pico/pico-sdk/src/rp2_common/pico_double/double_aeabi_rp2040.S.o
 .preinit_array.00350
                0x100071bc        0x4 CMakeFiles/practica4.dir/home/julietanilem/pico/pico-sdk/src/rp2_common/pico_float/float_aeabi_rp2040.S.o
 .preinit_array.00500
                0x100071c0        0x4 CMakeFiles/practica4.dir/home/julietanilem/pico/pico-sdk/src/rp2_common/pico_runtime_init/runtime_init.c.o
                0x100071c0                __pre_init_runtime_init_clocks
 .preinit_array.00600
                0x100071c4        0x4 CMakeFiles/practica4.dir/home/julietanilem/pico/pico-sdk/src/rp2_common/pico_runtime_init/runtime_init.c.o
                0x100071c4                __pre_init_runtime_init_post_clock_resets
 .preinit_array.00700
                0x100071c8        0x4 CMakeFiles/practica4.dir/home/julietanilem/pico/pico-sdk/src/rp2_common/pico_runtime_init/runtime_init.c.o
                0x100071c8                __pre_init_runtime_init_rp2040_gpio_ie_disable
 .preinit_array.01000
                0x100071cc        0x4 CMakeFiles/practica4.dir/home/julietanilem/pico/pico-sdk/src/rp2_common/pico_runtime_init/runtime_init.c.o
                0x100071cc                __pre_init_runtime_init_spin_locks_reset
 .preinit_array.01100
                0x100071d0        0x4 CMakeFiles/practica4.dir/home/julietanilem/pico/pico-sdk/src/common/pico_sync/mutex.c.o
                0x100071d0                __pre_init_runtime_init_mutex
 .preinit_array.10080
                0x100071d4        0x4 CMakeFiles/practica4.dir/home/julietanilem/pico/pico-sdk/src/rp2_common/pico_runtime_init/runtime_init.c.o
                0x100071d4                __pre_init_runtime_init_install_ram_vector_table
 .preinit_array.11000
                0x100071d8        0x4 CMakeFiles/practica4.dir/home/julietanilem/pico/pico-sdk/src/common/pico_time/time.c.o
                0x100071d8                __pre_init_runtime_init_default_alarm_pool
 .preinit_array.YYYYY
                0x100071dc        0x4 CMakeFiles/practica4.dir/home/julietanilem/pico/pico-sdk/src/rp2_common/pico_runtime/runtime.c.o
                0x100071dc                __pre_init_first_per_core_initializer
 .preinit_array.ZZZZZ.01200
                0x100071e0        0x4 CMakeFiles/practica4.dir/home/julietanilem/pico/pico-sdk/src/rp2_common/hardware_irq/irq.c.o
                0x100071e0                __pre_init_runtime_init_per_core_irq_priorities
 *(.preinit_array)
                0x100071e4                        PROVIDE (__preinit_array_end = .)
                0x100071e4                        . = ALIGN (0x4)
                0x100071e4                        PROVIDE (__init_array_start = .)
 *(SORT_BY_NAME(.init_array.*))
 .init_array.00000
                0x100071e4        0x4 /usr/lib/gcc/arm-none-eabi/15.2.0/../../../../arm-none-eabi/lib/thumb/v6-m/nofp/libg.a(libc_a-__call_atexit.o)
 .init_array.01000
                0x100071e8        0x4 CMakeFiles/practica4.dir/home/julietanilem/pico/pico-sdk/src/rp2_common/pico_unique_id/unique_id.c.o
 *(.init_array)
 .init_array    0x100071ec        0x4 /usr/lib/gcc/arm-none-eabi/15.2.0/thumb/v6-m/nofp/crtbegin.o
                0x100071f0                        PROVIDE (__init_array_end = .)
                0x100071f0                        . = ALIGN (0x4)
                0x100071f0                        PROVIDE (__fini_array_start = .)
 *(SORT_BY_NAME(.fini_array.*))
 *(.fini_array)
                0x100071f0                        PROVIDE (__fini_array_end = .)
 *(.eh_frame*)
 .eh_frame      0x100071f0        0x0 /usr/lib/gcc/arm-none-eabi/15.2.0/thumb/v6-m/nofp/crtbegin.o
                0x100071f0                        . = ALIGN (0x4)

.glue_7         0x100071f0        0x0
 .glue_7        0x100071f0        0x0 linker stubs

.glue_7t        0x100071f0        0x0
 .glue_7t       0x100071f0        0x0 linker stubs

.vfp11_veneer   0x100071f0        0x0
 .vfp11_veneer  0x100071f0        0x0 linker stubs

.v4_bx          0x100071f0        0x0
 .v4_bx         0x100071f0        0x0 linker stubs

.iplt           0x100071f0        0x0
 .iplt          0x100071f0        0x0 /usr/lib/gcc/arm-none-eabi/15.2.0/thumb/v6-m/nofp/crtbegin.o

.rodata         0x100071f0      0x744
 *(EXCLUDE_FILE(*libm.a: *libc.a:*lib_a-mem*.o *libgcc.a:) .rodata*)
 .rodata.main.str1.4
                0x100071f0      0x288 CMakeFiles/practica4.dir/main.c.o
                                 0x97 (size before relaxing)
 .rodata.isr_systick.str1.4
                0x10007478        0x0 CMakeFiles/practica4.dir/scheduler.c.o
                                 0x63 (size before relaxing)
 .rodata.k_task_exit.str1.4
                0x10007478        0x0 CMakeFiles/practica4.dir/scheduler.c.o
                                 0x15 (size before relaxing)
 .rodata        0x10007478       0x14 CMakeFiles/practica4.dir/user_app.c.o
 .rodata.panic.str1.4
                0x1000748c        0x0 CMakeFiles/practica4.dir/home/julietanilem/pico/pico-sdk/src/rp2_common/pico_platform_panic/panic.c.o
                                 0x12 (size before relaxing)
 .rodata.spin_lock_claim_unused.str1.4
                0x1000748c        0x0 CMakeFiles/practica4.dir/home/julietanilem/pico/pico-sdk/src/rp2_common/hardware_sync/sync.c.o
                                 0x1b (size before relaxing)
 .rodata.user_irq_claim_unused.str1.4
                0x1000748c        0x0 CMakeFiles/practica4.dir/home/julietanilem/pico/pico-sdk/src/rp2_common/hardware_irq/irq.c.o
                                 0x1b (size before relaxing)
 .rodata.timer_hardware_alarm_claim.str1.4
                0x1000748c        0x0 CMakeFiles/practica4.dir/home/julietanilem/pico/pico-sdk/src/rp2_common/hardware_timer/timer.c.o
                                 0x22 (size before relaxing)
 .rodata.hard_assertion_failure.str1.4
                0x1000748c        0x0 CMakeFiles/practica4.dir/home/julietanilem/pico/pico-sdk/src/rp2_common/pico_runtime/runtime.c.o
                                  0xc (size before relaxing)
 .rodata.str1.4
                0x1000748c        0x0 CMakeFiles/practica4.dir/home/julietanilem/pico/pico-sdk/src/rp2_common/pico_standard_binary_info/standard_binary_info.c.o
                                 0x40 (size before relaxing)
 .rodata.__bi_84
                0x1000748c        0xc CMakeFiles/practica4.dir/home/julietanilem/pico/pico-sdk/src/rp2_common/pico_standard_binary_info/standard_binary_info.c.o
 .rodata.__bi_78
                0x10007498        0xc CMakeFiles/practica4.dir/home/julietanilem/pico/pico-sdk/src/rp2_common/pico_standard_binary_info/standard_binary_info.c.o
 .rodata.__bi_54
                0x100074a4        0xc CMakeFiles/practica4.dir/home/julietanilem/pico/pico-sdk/src/rp2_common/pico_standard_binary_info/standard_binary_info.c.o
 .rodata.__bi_48
                0x100074b0        0xc CMakeFiles/practica4.dir/home/julietanilem/pico/pico-sdk/src/rp2_common/pico_standard_binary_info/standard_binary_info.c.o
 .rodata.__bi_42
                0x100074bc        0xc CMakeFiles/practica4.dir/home/julietanilem/pico/pico-sdk/src/rp2_common/pico_standard_binary_info/standard_binary_info.c.o
 .rodata.__bi_34
                0x100074c8        0xc CMakeFiles/practica4.dir/home/julietanilem/pico/pico-sdk/src/rp2_common/pico_standard_binary_info/standard_binary_info.c.o
 .rodata.__bi_26
                0x100074d4        0xc CMakeFiles/practica4.dir/home/julietanilem/pico/pico-sdk/src/rp2_common/pico_standard_binary_info/standard_binary_info.c.o
 .rodata._ftoa.str1.4
                0x100074e0        0x0 CMakeFiles/practica4.dir/home/julietanilem/pico/pico-sdk/src/rp2_common/pico_printf/printf.c.o
                                 0x15 (size before relaxing)
 .rodata._vsnprintf
                0x100074e0      0x19c CMakeFiles/practica4.dir/home/julietanilem/pico/pico-sdk/src/rp2_common/pico_printf/printf.c.o
 *fill*         0x1000767c        0x4 
 .rodata.pow10.0
                0x10007680       0x50 CMakeFiles/practica4.dir/home/julietanilem/pico/pico-sdk/src/rp2_common/pico_printf/printf.c.o
 .rodata.crlf_str.0
                0x100076d0        0x2 CMakeFiles/practica4.dir/home/julietanilem/pico/pico-sdk/src/rp2_common/pico_stdio/stdio.c.o
 *fill*         0x100076d2        0x2 
 .rodata._resetd_driver
                0x100076d4       0x20 CMakeFiles/practica4.dir/home/julietanilem/pico/pico-sdk/src/rp2_common/pico_stdio_usb/reset_interface.c.o
 .rodata.desc_ms_os_20
                0x100076f4       0xa6 CMakeFiles/practica4.dir/home/julietanilem/pico/pico-sdk/src/rp2_common/pico_stdio_usb/reset_interface.c.o
 *fill*         0x1000779a        0x2 
 .rodata.desc_bos
                0x1000779c       0x21 CMakeFiles/practica4.dir/home/julietanilem/pico/pico-sdk/src/rp2_common/pico_stdio_usb/reset_interface.c.o
                0x1000779c                desc_bos
 .rodata.str1.4
                0x100077bd        0x0 CMakeFiles/practica4.dir/home/julietanilem/pico/pico-sdk/src/rp2_common/pico_stdio_usb/stdio_usb.c.o
                                 0x13 (size before relaxing)
 *fill*         0x100077bd        0x3 
 .rodata.__bi_202.0
                0x100077c0        0xc CMakeFiles/practica4.dir/home/julietanilem/pico/pico-sdk/src/rp2_common/pico_stdio_usb/stdio_usb.c.o
 .rodata.str1.4
                0x100077cc        0x0 CMakeFiles/practica4.dir/home/julietanilem/pico/pico-sdk/src/rp2_common/pico_stdio_usb/stdio_usb_descriptors.c.o
                                 0x2a (size before relaxing)
 .rodata.usbd_desc_str
                0x100077cc       0x18 CMakeFiles/practica4.dir/home/julietanilem/pico/pico-sdk/src/rp2_common/pico_stdio_usb/stdio_usb_descriptors.c.o
 .rodata.usbd_desc_cfg
                0x100077e4       0x54 CMakeFiles/practica4.dir/home/julietanilem/pico/pico-sdk/src/rp2_common/pico_stdio_usb/stdio_usb_descriptors.c.o
 .rodata.usbd_desc_device
                0x10007838       0x12 CMakeFiles/practica4.dir/home/julietanilem/pico/pico-sdk/src/rp2_common/pico_stdio_usb/stdio_usb_descriptors.c.o
 .rodata.str1.4
                0x1000784a        0x0 CMakeFiles/practica4.dir/home/julietanilem/pico/pico-sdk/lib/tinyusb/src/portable/raspberrypi/rp2040/dcd_rp2040.c.o
                                 0x14 (size before relaxing)
 .rodata.str1.4
                0x1000784a        0x0 CMakeFiles/practica4.dir/home/julietanilem/pico/pico-sdk/lib/tinyusb/src/portable/raspberrypi/rp2040/rp2040_usb.c.o
                                 0x48 (size before relaxing)
 *fill*         0x1000784a        0x2 
 .rodata.tud_task_ext
                0x1000784c       0x8c CMakeFiles/practica4.dir/home/julietanilem/pico/pico-sdk/lib/tinyusb/src/device/usbd.c.o
 .rodata        0x100078d8       0x1c CMakeFiles/practica4.dir/home/julietanilem/pico/pico-sdk/lib/tinyusb/src/device/usbd.c.o
 .rodata._usbd_driver
                0x100078f4       0x40 CMakeFiles/practica4.dir/home/julietanilem/pico/pico-sdk/lib/tinyusb/src/device/usbd.c.o
                0x10007934                        . = ALIGN (0x4)
 *(SORT_BY_ALIGNMENT(SORT_BY_NAME(.flashdata*)))
                0x10007934                        . = ALIGN (0x4)

.ARM.extab
 *(.ARM.extab* .gnu.linkonce.armextab.*)
                0x10007934                        __exidx_start = .

.ARM.exidx
 *(.ARM.exidx* .gnu.linkonce.armexidx.*)
                0x10007934                        __exidx_end = .
                0x10007934                        . = ALIGN (0x4)
                0x10007934                        __binary_info_start = .

.binary_info    0x10007934       0x20
 *(.binary_info.keep.*)
 .binary_info.keep.__bi_ptr84
                0x10007934        0x4 CMakeFiles/practica4.dir/home/julietanilem/pico/pico-sdk/src/rp2_common/pico_standard_binary_info/standard_binary_info.c.o
 .binary_info.keep.__bi_ptr78
                0x10007938        0x4 CMakeFiles/practica4.dir/home/julietanilem/pico/pico-sdk/src/rp2_common/pico_standard_binary_info/standard_binary_info.c.o
 .binary_info.keep.__bi_ptr54
                0x1000793c        0x4 CMakeFiles/practica4.dir/home/julietanilem/pico/pico-sdk/src/rp2_common/pico_standard_binary_info/standard_binary_info.c.o
 .binary_info.keep.__bi_ptr48
                0x10007940        0x4 CMakeFiles/practica4.dir/home/julietanilem/pico/pico-sdk/src/rp2_common/pico_standard_binary_info/standard_binary_info.c.o
 .binary_info.keep.__bi_ptr42
                0x10007944        0x4 CMakeFiles/practica4.dir/home/julietanilem/pico/pico-sdk/src/rp2_common/pico_standard_binary_info/standard_binary_info.c.o
 .binary_info.keep.__bi_ptr34
                0x10007948        0x4 CMakeFiles/practica4.dir/home/julietanilem/pico/pico-sdk/src/rp2_common/pico_standard_binary_info/standard_binary_info.c.o
 .binary_info.keep.__bi_ptr26
                0x1000794c        0x4 CMakeFiles/practica4.dir/home/julietanilem/pico/pico-sdk/src/rp2_common/pico_standard_binary_info/standard_binary_info.c.o
 *(.binary_info.*)
 .binary_info.__bi_ptr202
                0x10007950        0x4 CMakeFiles/practica4.dir/home/julietanilem/pico/pico-sdk/src/rp2_common/pico_stdio_usb/stdio_usb.c.o
                0x10007954                        __binary_info_end = .
                0x10007954                        . = ALIGN (0x4)

.ram_vector_table
                0x20000000       0xc0
 *(.ram_vector_table)
 .ram_vector_table
                0x20000000       0xc0 CMakeFiles/practica4.dir/home/julietanilem/pico/pico-sdk/src/rp2_common/pico_runtime_init/runtime_init.c.o
                0x20000000                ram_vector_table

.uninitialized_data
                0x200000c0        0x0
                0x200000c0                        . = ALIGN (0x4)
 *(.uninitialized_data*)

.data           0x200000c0      0xfb4 load address 0x10007954
                0x200000c0                        __data_start__ = .
 *(vtable)
 *(.time_critical*)
 .time_critical.mutex_try_enter
                0x200000c0       0x40 CMakeFiles/practica4.dir/home/julietanilem/pico/pico-sdk/src/common/pico_sync/mutex.c.o
                0x200000c0                mutex_try_enter
 .time_critical.mutex_try_enter_block_until
                0x20000100       0x98 CMakeFiles/practica4.dir/home/julietanilem/pico/pico-sdk/src/common/pico_sync/mutex.c.o
                0x20000100                mutex_try_enter_block_until
 .time_critical.mutex_enter_timeout_ms
                0x20000198       0x8c CMakeFiles/practica4.dir/home/julietanilem/pico/pico-sdk/src/common/pico_sync/mutex.c.o
                0x20000198                mutex_enter_timeout_ms
 .time_critical.mutex_exit
                0x20000224       0x28 CMakeFiles/practica4.dir/home/julietanilem/pico/pico-sdk/src/common/pico_sync/mutex.c.o
                0x20000224                mutex_exit
 .time_critical.flash_init_boot2_copyout
                0x2000024c       0x30 CMakeFiles/practica4.dir/home/julietanilem/pico/pico-sdk/src/rp2_common/hardware_flash/flash.c.o
 .time_critical.flash_enable_xip_via_boot2
                0x2000027c        0xc CMakeFiles/practica4.dir/home/julietanilem/pico/pico-sdk/src/rp2_common/hardware_flash/flash.c.o
 .time_critical.flash_save_hardware_state
                0x20000288       0x20 CMakeFiles/practica4.dir/home/julietanilem/pico/pico-sdk/src/rp2_common/hardware_flash/flash.c.o
 .time_critical.flash_restore_hardware_state
                0x200002a8       0x20 CMakeFiles/practica4.dir/home/julietanilem/pico/pico-sdk/src/rp2_common/hardware_flash/flash.c.o
 .time_critical.flash_cs_force
                0x200002c8       0x38 CMakeFiles/practica4.dir/home/julietanilem/pico/pico-sdk/src/rp2_common/hardware_flash/flash.c.o
 .time_critical.flash_do_cmd
                0x20000300      0x124 CMakeFiles/practica4.dir/home/julietanilem/pico/pico-sdk/src/rp2_common/hardware_flash/flash.c.o
                0x20000300                flash_do_cmd
 .time_critical.reset_non_control_endpoints
                0x20000424       0x68 CMakeFiles/practica4.dir/home/julietanilem/pico/pico-sdk/lib/tinyusb/src/portable/raspberrypi/rp2040/dcd_rp2040.c.o
 .time_critical.hw_handle_buff_status
                0x2000048c       0x88 CMakeFiles/practica4.dir/home/julietanilem/pico/pico-sdk/lib/tinyusb/src/portable/raspberrypi/rp2040/dcd_rp2040.c.o
 .time_critical.dcd_rp2040_irq
                0x20000514      0x53c CMakeFiles/practica4.dir/home/julietanilem/pico/pico-sdk/lib/tinyusb/src/portable/raspberrypi/rp2040/dcd_rp2040.c.o
 .time_critical.prepare_ep_buffer
                0x20000a50       0xc4 CMakeFiles/practica4.dir/home/julietanilem/pico/pico-sdk/lib/tinyusb/src/portable/raspberrypi/rp2040/rp2040_usb.c.o
 .time_critical.sync_ep_buffer
                0x20000b14       0xa0 CMakeFiles/practica4.dir/home/julietanilem/pico/pico-sdk/lib/tinyusb/src/portable/raspberrypi/rp2040/rp2040_usb.c.o
 .time_critical._hw_endpoint_xfer_sync
                0x20000bb4       0x28 CMakeFiles/practica4.dir/home/julietanilem/pico/pico-sdk/lib/tinyusb/src/portable/raspberrypi/rp2040/rp2040_usb.c.o
 .time_critical.e15_is_bulkin_ep
                0x20000bdc       0x28 CMakeFiles/practica4.dir/home/julietanilem/pico/pico-sdk/lib/tinyusb/src/portable/raspberrypi/rp2040/rp2040_usb.c.o
 .time_critical.e15_is_critical_frame_period
                0x20000c04       0x30 CMakeFiles/practica4.dir/home/julietanilem/pico/pico-sdk/lib/tinyusb/src/portable/raspberrypi/rp2040/rp2040_usb.c.o
 .time_critical.hw_endpoint_reset_transfer
                0x20000c34        0xc CMakeFiles/practica4.dir/home/julietanilem/pico/pico-sdk/lib/tinyusb/src/portable/raspberrypi/rp2040/rp2040_usb.c.o
                0x20000c34                hw_endpoint_reset_transfer
 .time_critical._hw_endpoint_buffer_control_update32
                0x20000c40       0x50 CMakeFiles/practica4.dir/home/julietanilem/pico/pico-sdk/lib/tinyusb/src/portable/raspberrypi/rp2040/rp2040_usb.c.o
                0x20000c40                _hw_endpoint_buffer_control_update32
 .time_critical.hw_endpoint_start_next_buffer
                0x20000c90       0x68 CMakeFiles/practica4.dir/home/julietanilem/pico/pico-sdk/lib/tinyusb/src/portable/raspberrypi/rp2040/rp2040_usb.c.o
                0x20000c90                hw_endpoint_start_next_buffer
 .time_critical.hw_endpoint_xfer_continue
                0x20000cf8       0x40 CMakeFiles/practica4.dir/home/julietanilem/pico/pico-sdk/lib/tinyusb/src/portable/raspberrypi/rp2040/rp2040_usb.c.o
                0x20000cf8                hw_endpoint_xfer_continue
 .time_critical.tinyusb
                0x20000d38      0x1d8 CMakeFiles/practica4.dir/home/julietanilem/pico/pico-sdk/lib/tinyusb/src/device/usbd.c.o
                0x20000d38                dcd_event_handler
 *(.text*)
 .text          0x20000f10        0x4 /usr/lib/gcc/arm-none-eabi/15.2.0/thumb/v6-m/nofp/libgcc.a(_dvmd_tls.o)
                0x20000f10                __aeabi_ldiv0
                0x20000f10                __aeabi_idiv0
 *fill*         0x20000f14        0x4 
 .text.__stub   0x20000f18       0x80 linker stubs
                0x20000f98                        . = ALIGN (0x4)
 *(.rodata*)
                0x20000f98                        . = ALIGN (0x4)
 *(.data*)
 .data.selected_task
                0x20000f98        0x4 CMakeFiles/practica4.dir/scheduler.c.o
                0x20000f98                selected_task
 .data.current_task
                0x20000f9c        0x4 CMakeFiles/practica4.dir/scheduler.c.o
                0x20000f9c                current_task
 .data.striped_spin_lock_num
                0x20000fa0        0x1 CMakeFiles/practica4.dir/home/julietanilem/pico/pico-sdk/src/rp2_common/hardware_sync/sync.c.o
 *fill*         0x20000fa1        0x3 
 .data          0x20000fa4       0x48 CMakeFiles/practica4.dir/home/julietanilem/pico/pico-sdk/src/rp2_common/hardware_irq/irq_handler_chain.S.o
                0x20000fa4                irq_handler_chain_slots
                0x20000fd4                irq_handler_chain_first_slot
                0x20000fde                irq_handler_chain_remove_tail
 .data.default_alarm_pool
                0x20000fec       0x18 CMakeFiles/practica4.dir/home/julietanilem/pico/pico-sdk/src/common/pico_time/time.c.o
 *fill*         0x20001004        0xc 
 .data.aeabi_bits_funcs
                0x20001010       0x10 CMakeFiles/practica4.dir/home/julietanilem/pico/pico-sdk/src/rp2_common/pico_bit_ops/bit_ops_aeabi.S.o
                0x20001010                aeabi_bits_funcs
                0x20001020                aeabi_bits_funcs_end
 .data.aeabi_mem_funcs
                0x20001020       0x10 CMakeFiles/practica4.dir/home/julietanilem/pico/pico-sdk/src/rp2_common/pico_mem_ops/mem_ops_aeabi.S.o
                0x20001020                aeabi_mem_funcs
                0x20001030                aeabi_mem_funcs_end
 .data.stdio_usb
                0x20001030       0x18 CMakeFiles/practica4.dir/home/julietanilem/pico/pico-sdk/src/rp2_common/pico_stdio_usb/stdio_usb.c.o
                0x20001030                stdio_usb
 .data._usbd_qdef
                0x20001048       0x1c CMakeFiles/practica4.dir/home/julietanilem/pico/pico-sdk/lib/tinyusb/src/device/usbd.c.o
                0x20001048                _usbd_qdef
 .data._usbd_rhport
                0x20001064        0x1 CMakeFiles/practica4.dir/home/julietanilem/pico/pico-sdk/lib/tinyusb/src/device/usbd.c.o
 *fill*         0x20001065        0x3 
 .data.__atexit_recursive_mutex
                0x20001068        0x4 /usr/lib/gcc/arm-none-eabi/15.2.0/../../../../arm-none-eabi/lib/thumb/v6-m/nofp/libg.a(libc_a-__call_atexit.o)
                0x20001068                __atexit_recursive_mutex
                0x2000106c                        . = ALIGN (0x4)
 *(.after_data.*)
                0x2000106c                        . = ALIGN (0x4)
                0x2000106c                        PROVIDE (__mutex_array_start = .)
 *(SORT_BY_NAME(.mutex_array.*))
 *(.mutex_array)
 .mutex_array   0x2000106c        0x8 CMakeFiles/practica4.dir/home/julietanilem/pico/pico-sdk/src/rp2_common/pico_stdio/stdio.c.o
                0x20001074                        PROVIDE (__mutex_array_end = .)
                0x20001074                        . = ALIGN (0x4)
 *(.jcr)
                0x20001074                        . = ALIGN (0x4)

.tm_clone_table
                0x20001074        0x0 load address 0x10008908
 .tm_clone_table
                0x20001074        0x0 /usr/lib/gcc/arm-none-eabi/15.2.0/thumb/v6-m/nofp/crtbegin.o
 .tm_clone_table
                0x20001074        0x0 /usr/lib/gcc/arm-none-eabi/15.2.0/thumb/v6-m/nofp/crtend.o

.igot.plt       0x20001074        0x0 load address 0x10008908
 .igot.plt      0x20001074        0x0 /usr/lib/gcc/arm-none-eabi/15.2.0/thumb/v6-m/nofp/crtbegin.o

.tdata          0x20001074        0x0 load address 0x10008908
                0x20001074                        . = ALIGN (0x4)
 *(.tdata .tdata.* .gnu.linkonce.td.*)
                0x20001074                        __tdata_end = .
                0x20001074                        PROVIDE (__data_end__ = .)
                0x10007954                        __etext = LOADADDR (.data)

.tbss           0x20001074        0x0 load address 0x10008908
                0x20001074                        . = ALIGN (0x4)
                0x20001074                        __bss_start__ = .
                0x20001074                        __tls_base = .
 *(.tbss .tbss.* .gnu.linkonce.tb.*)
 *(.tcommon)
                0x20001074                        __tls_end = .

.bss            0x20001078     0x20e8 load address 0x10008908
                0x20001078                        . = ALIGN (0x4)
                0x20001078                        __tbss_end = .
 *(SORT_BY_ALIGNMENT(SORT_BY_NAME(.bss*)))
 .bss._cdcd_itf
                0x20001078       0xc8 CMakeFiles/practica4.dir/home/julietanilem/pico/pico-sdk/lib/tinyusb/src/class/cdc/cdc_device.c.o
 .bss.default_alarm_pool_entries
                0x20001140      0x180 CMakeFiles/practica4.dir/home/julietanilem/pico/pico-sdk/src/common/pico_time/time.c.o
 .bss.last_avail_time.1
                0x200012c0        0x8 CMakeFiles/practica4.dir/home/julietanilem/pico/pico-sdk/src/rp2_common/pico_stdio_usb/stdio_usb.c.o
 .bss.sd_table  0x200012c8      0x100 CMakeFiles/practica4.dir/home/julietanilem/pico/pico-sdk/src/rp2_common/pico_double/double_init_rom_rp2040.c.o
                0x200012c8                sd_table
 .bss.sf_table  0x200013c8      0x100 CMakeFiles/practica4.dir/home/julietanilem/pico/pico-sdk/src/rp2_common/pico_float/float_init_rom_rp2040.c.o
                0x200013c8                sf_table
 .bss           0x200014c8       0x1c /usr/lib/gcc/arm-none-eabi/15.2.0/thumb/v6-m/nofp/crtbegin.o
 .bss.__atexit  0x200014e4        0x4 /usr/lib/gcc/arm-none-eabi/15.2.0/../../../../arm-none-eabi/lib/thumb/v6-m/nofp/libg.a(libc_a-__call_atexit.o)
                0x200014e4                __atexit
 .bss.__atexit0
                0x200014e8      0x190 /usr/lib/gcc/arm-none-eabi/15.2.0/../../../../arm-none-eabi/lib/thumb/v6-m/nofp/libg.a(libc_a-__atexit.o)
                0x200014e8                __atexit0
 .bss.__lock___atexit_recursive_mutex
                0x20001678        0x1 /usr/lib/gcc/arm-none-eabi/15.2.0/../../../../arm-none-eabi/lib/thumb/v6-m/nofp/libg.a(libc_a-lock.o)
                0x20001678                __lock___atexit_recursive_mutex
 *fill*         0x20001679        0x3 
 .bss._app_driver
                0x2000167c        0x4 CMakeFiles/practica4.dir/home/julietanilem/pico/pico-sdk/lib/tinyusb/src/device/usbd.c.o
 .bss._cdcd_epbuf
                0x20001680       0x80 CMakeFiles/practica4.dir/home/julietanilem/pico/pico-sdk/lib/tinyusb/src/class/cdc/cdc_device.c.o
 .bss._cdcd_fifo_cfg
                0x20001700        0x1 CMakeFiles/practica4.dir/home/julietanilem/pico/pico-sdk/lib/tinyusb/src/class/cdc/cdc_device.c.o
 *fill*         0x20001701        0x3 
 .bss._ctrl_epbuf
                0x20001704       0x40 CMakeFiles/practica4.dir/home/julietanilem/pico/pico-sdk/lib/tinyusb/src/device/usbd_control.c.o
 .bss._ctrl_xfer
                0x20001744       0x14 CMakeFiles/practica4.dir/home/julietanilem/pico/pico-sdk/lib/tinyusb/src/device/usbd_control.c.o
 .bss._tusb_rhport_role
                0x20001758        0x2 CMakeFiles/practica4.dir/home/julietanilem/pico/pico-sdk/lib/tinyusb/src/tusb.c.o
                0x20001758                _tusb_rhport_role
 *fill*         0x2000175a        0x2 
 .bss._ubsd_mutexdef
                0x2000175c        0x8 CMakeFiles/practica4.dir/home/julietanilem/pico/pico-sdk/lib/tinyusb/src/device/usbd.c.o
 .bss._usbd_dev
                0x20001764       0x54 CMakeFiles/practica4.dir/home/julietanilem/pico/pico-sdk/lib/tinyusb/src/device/usbd.c.o
 .bss._usbd_mutex
                0x200017b8        0x4 CMakeFiles/practica4.dir/home/julietanilem/pico/pico-sdk/lib/tinyusb/src/device/usbd.c.o
 .bss._usbd_q   0x200017bc        0x4 CMakeFiles/practica4.dir/home/julietanilem/pico/pico-sdk/lib/tinyusb/src/device/usbd.c.o
 .bss._usbd_qdef_buf
                0x200017c0       0xc0 CMakeFiles/practica4.dir/home/julietanilem/pico/pico-sdk/lib/tinyusb/src/device/usbd.c.o
                0x200017c0                _usbd_qdef_buf
 .bss._vendord_epbuf
                0x20001880       0x80 CMakeFiles/practica4.dir/home/julietanilem/pico/pico-sdk/lib/tinyusb/src/class/vendor/vendor_device.c.o
 .bss._vendord_itf
                0x20001900      0x24c CMakeFiles/practica4.dir/home/julietanilem/pico/pico-sdk/lib/tinyusb/src/class/vendor/vendor_device.c.o
 .bss.boot2_copyout
                0x20001b4c      0x100 CMakeFiles/practica4.dir/home/julietanilem/pico/pico-sdk/src/rp2_common/hardware_flash/flash.c.o
 .bss.chars_available_callback
                0x20001c4c        0x4 CMakeFiles/practica4.dir/home/julietanilem/pico/pico-sdk/src/rp2_common/pico_stdio_usb/stdio_usb.c.o
 .bss.chars_available_param
                0x20001c50        0x4 CMakeFiles/practica4.dir/home/julietanilem/pico/pico-sdk/src/rp2_common/pico_stdio_usb/stdio_usb.c.o
 .bss.claimed   0x20001c54        0x4 CMakeFiles/practica4.dir/home/julietanilem/pico/pico-sdk/src/rp2_common/hardware_sync/sync.c.o
 .bss.claimed   0x20001c58        0x1 CMakeFiles/practica4.dir/home/julietanilem/pico/pico-sdk/src/rp2_common/hardware_timer/timer.c.o
 *fill*         0x20001c59        0x3 
 .bss.configured_freq
                0x20001c5c       0x28 CMakeFiles/practica4.dir/home/julietanilem/pico/pico-sdk/src/rp2_common/hardware_clocks/clocks.c.o
 .bss.desc_str.0
                0x20001c84       0x28 CMakeFiles/practica4.dir/home/julietanilem/pico/pico-sdk/src/rp2_common/pico_stdio_usb/stdio_usb_descriptors.c.o
 .bss.drivers   0x20001cac        0x4 CMakeFiles/practica4.dir/home/julietanilem/pico/pico-sdk/src/rp2_common/pico_stdio/stdio.c.o
 .bss.e15_last_sof
                0x20001cb0        0x4 CMakeFiles/practica4.dir/home/julietanilem/pico/pico-sdk/lib/tinyusb/src/portable/raspberrypi/rp2040/rp2040_usb.c.o
                0x20001cb0                e15_last_sof
 .bss.filter    0x20001cb4        0x4 CMakeFiles/practica4.dir/home/julietanilem/pico/pico-sdk/src/rp2_common/pico_stdio/stdio.c.o
 .bss.hw_endpoints
                0x20001cb8      0x400 CMakeFiles/practica4.dir/home/julietanilem/pico/pico-sdk/lib/tinyusb/src/portable/raspberrypi/rp2040/dcd_rp2040.c.o
 .bss.lazy_vsnprintf
                0x200020b8        0x4 CMakeFiles/practica4.dir/home/julietanilem/pico/pico-sdk/src/rp2_common/pico_printf/printf.c.o
 .bss.load_value
                0x200020bc        0x4 CMakeFiles/practica4.dir/home/julietanilem/pico/pico-sdk/src/rp2_common/hardware_watchdog/watchdog.c.o
 .bss.next_buffer_ptr
                0x200020c0        0x4 CMakeFiles/practica4.dir/home/julietanilem/pico/pico-sdk/lib/tinyusb/src/portable/raspberrypi/rp2040/dcd_rp2040.c.o
 .bss.one_shot_timer_crit_sec
                0x200020c4        0x8 CMakeFiles/practica4.dir/home/julietanilem/pico/pico-sdk/src/rp2_common/pico_stdio_usb/stdio_usb.c.o
 .bss.pools     0x200020cc       0x10 CMakeFiles/practica4.dir/home/julietanilem/pico/pico-sdk/src/common/pico_time/time.c.o
 .bss.retrieved_id
                0x200020dc        0x8 CMakeFiles/practica4.dir/home/julietanilem/pico/pico-sdk/src/rp2_common/pico_unique_id/unique_id.c.o
 .bss.sf_clz_func
                0x200020e4        0x4 CMakeFiles/practica4.dir/home/julietanilem/pico/pico-sdk/src/rp2_common/pico_double/double_init_rom_rp2040.c.o
                0x200020e4                sf_clz_func
 .bss.sleep_notifier
                0x200020e8        0x4 CMakeFiles/practica4.dir/home/julietanilem/pico/pico-sdk/src/common/pico_time/time.c.o
 .bss.stdio_usb_mutex
                0x200020ec        0x8 CMakeFiles/practica4.dir/home/julietanilem/pico/pico-sdk/src/rp2_common/pico_stdio_usb/stdio_usb.c.o
 .bss.tasks     0x200020f4     0x1050 CMakeFiles/practica4.dir/scheduler.c.o
                0x200020f4                tasks
 .bss.usbd_serial_str
                0x20003144       0x11 CMakeFiles/practica4.dir/home/julietanilem/pico/pico-sdk/src/rp2_common/pico_stdio_usb/stdio_usb_descriptors.c.o
 .bss._app_driver_count
                0x20003155        0x1 CMakeFiles/practica4.dir/home/julietanilem/pico/pico-sdk/lib/tinyusb/src/device/usbd.c.o
 .bss._sof_enable
                0x20003156        0x1 CMakeFiles/practica4.dir/home/julietanilem/pico/pico-sdk/lib/tinyusb/src/portable/raspberrypi/rp2040/dcd_rp2040.c.o
 .bss._usbd_queued_setup
                0x20003157        0x1 CMakeFiles/practica4.dir/home/julietanilem/pico/pico-sdk/lib/tinyusb/src/device/usbd.c.o
 .bss.boot2_copyout_valid
                0x20003158        0x1 CMakeFiles/practica4.dir/home/julietanilem/pico/pico-sdk/src/rp2_common/hardware_flash/flash.c.o
 .bss.irq_handler_chain_free_slot_head
                0x20003159        0x1 CMakeFiles/practica4.dir/home/julietanilem/pico/pico-sdk/src/rp2_common/hardware_irq/irq.c.o
 .bss.itf_num   0x2000315a        0x1 CMakeFiles/practica4.dir/home/julietanilem/pico/pico-sdk/src/rp2_common/pico_stdio_usb/reset_interface.c.o
 .bss.low_priority_irq_num
                0x2000315b        0x1 CMakeFiles/practica4.dir/home/julietanilem/pico/pico-sdk/src/rp2_common/pico_stdio_usb/stdio_usb.c.o
 .bss.one_shot_timer_pending
                0x2000315c        0x1 CMakeFiles/practica4.dir/home/julietanilem/pico/pico-sdk/src/rp2_common/pico_stdio_usb/stdio_usb.c.o
 .bss.user_irq_claimed
                0x2000315d        0x1 CMakeFiles/practica4.dir/home/julietanilem/pico/pico-sdk/src/rp2_common/hardware_irq/irq.c.o
 *(COMMON)
                0x20003160                        . = ALIGN (0x4)
 *fill*         0x2000315e        0x2 
                0x20003160                        __bss_end__ = .

.heap           0x20003160      0x800 load address 0x10008908
                0x20003160                        __end__ = .
                0x20003160                        end = __end__
 *(.heap*)
 .heap          0x20003160      0x800 CMakeFiles/practica4.dir/home/julietanilem/pico/pico-sdk/src/rp2_common/pico_crt0/crt0.S.o
                0x20040000                        __HeapLimit = (ORIGIN (RAM) + LENGTH (RAM))

.scratch_x      0x20040000        0x0 load address 0x10008908
                0x20040000                        __scratch_x_start__ = .
 *(.scratch_x.*)
                0x20040000                        . = ALIGN (0x4)
                0x20040000                        __scratch_x_end__ = .
                0x10008908                        __scratch_x_source__ = LOADADDR (.scratch_x)

.scratch_y      0x20041000        0x0 load address 0x10008908
                0x20041000                        __scratch_y_start__ = .
 *(.scratch_y.*)
                0x20041000                        . = ALIGN (0x4)
                0x20041000                        __scratch_y_end__ = .
                0x10008908                        __scratch_y_source__ = LOADADDR (.scratch_y)

.stack1_dummy
 *(.stack1*)

.stack_dummy    0x20041000      0x800
 *(.stack*)
 .stack         0x20041000      0x800 CMakeFiles/practica4.dir/home/julietanilem/pico/pico-sdk/src/rp2_common/pico_crt0/crt0.S.o

.rel.dyn        0x20041800        0x0
 .rel.iplt      0x20041800        0x0 /usr/lib/gcc/arm-none-eabi/15.2.0/thumb/v6-m/nofp/crtbegin.o

.flash_end      0x10008908        0x0
 *(.embedded_end_block*)
                0x10008908                        PROVIDE (__flash_binary_end = .)
                0x20040000                        __StackLimit = (ORIGIN (RAM) + LENGTH (RAM))
                0x20041000                        __StackOneTop = (ORIGIN (SCRATCH_X) + LENGTH (SCRATCH_X))
                0x20042000                        __StackTop = (ORIGIN (SCRATCH_Y) + LENGTH (SCRATCH_Y))
                0x20041000                        __StackOneBottom = (__StackOneTop - SIZEOF (.stack1_dummy))
                0x20041800                        __StackBottom = (__StackTop - SIZEOF (.stack_dummy))
                0x20042000                        PROVIDE (__stack = __StackTop)
                [!provide]                        PROVIDE (__heap_start = __end__)
                [!provide]                        PROVIDE (__heap_end = __HeapLimit)
                [!provide]                        PROVIDE (__tls_align = MAX (ALIGNOF (.tdata), ALIGNOF (.tbss)))
                [!provide]                        PROVIDE (__tls_size_align = (((__tls_size + __tls_align) - 0x1) & ~ ((__tls_align - 0x1))))
                [!provide]                        PROVIDE (__arm32_tls_tcb_offset = MAX (0x8, __tls_align))
                [!provide]                        PROVIDE (_end = __end__)
                [!provide]                        PROVIDE (__llvm_libc_heap_limit = __HeapLimit)
                0x00000001                        ASSERT ((__StackLimit >= __HeapLimit), region RAM overflowed)
                0x00000001                        ASSERT (((__binary_info_header_end - __logical_binary_start) <= 0x100), Binary info must be in first 256 bytes of the binary)
LOAD CMakeFiles/practica4.dir/main.c.o
LOAD CMakeFiles/practica4.dir/kernel_drivers.c.o
LOAD CMakeFiles/practica4.dir/kernel_service.c.o
LOAD CMakeFiles/practica4.dir/scheduler.c.o
LOAD CMakeFiles/practica4.dir/svc_handler.s.o
LOAD CMakeFiles/practica4.dir/pendsv.s.o
LOAD CMakeFiles/practica4.dir/user_app.c.o
LOAD CMakeFiles/practica4.dir/syscalls.s.o
LOAD CMakeFiles/practica4.dir/home/julietanilem/pico/pico-sdk/src/rp2_common/pico_stdlib/stdlib.c.o
LOAD CMakeFiles/practica4.dir/home/julietanilem/pico/pico-sdk/src/rp2_common/hardware_gpio/gpio.c.o
LOAD CMakeFiles/practica4.dir/home/julietanilem/pico/pico-sdk/src/rp2040/pico_platform/platform.c.o
LOAD CMakeFiles/practica4.dir/home/julietanilem/pico/pico-sdk/src/rp2_common/pico_platform_common/common.c.o
LOAD CMakeFiles/practica4.dir/home/julietanilem/pico/pico-sdk/src/rp2_common/pico_platform_panic/panic.c.o
LOAD CMakeFiles/practica4.dir/home/julietanilem/pico/pico-sdk/src/common/hardware_claim/claim.c.o
LOAD CMakeFiles/practica4.dir/home/julietanilem/pico/pico-sdk/src/rp2_common/hardware_sync/sync.c.o
LOAD CMakeFiles/practica4.dir/home/julietanilem/pico/pico-sdk/src/rp2_common/hardware_sync_spin_lock/sync_spin_lock.c.o
LOAD CMakeFiles/practica4.dir/home/julietanilem/pico/pico-sdk/src/rp2_common/hardware_irq/irq.c.o