Archive member included to satisfy reference by file (symbol)

/usr/lib/gcc/arm-none-eabi/15.2.0/thumb/v6-m/nofp/libgcc.a(_dvmd_tls.o)
                              CMakeFiles/practica2_syscalls.dir/home/julietanilem/pico/pico-sdk/src/rp2_common/pico_divider/divider_hardware.S.o (__aeabi_idiv0)
/usr/lib/gcc/arm-none-eabi/15.2.0/../../../../arm-none-eabi/lib/thumb/v6-m/nofp/libg.a(libc_a-atexit.o)
                              /usr/lib/gcc/arm-none-eabi/15.2.0/../../../../arm-none-eabi/lib/thumb/v6-m/nofp/crt0.o (atexit)
/usr/lib/gcc/arm-none-eabi/15.2.0/../../../../arm-none-eabi/lib/thumb/v6-m/nofp/libg.a(libc_a-calloc.o)
                              CMakeFiles/practica2_syscalls.dir/home/julietanilem/pico/pico-sdk/src/rp2_common/pico_malloc/malloc.c.o (calloc)
/usr/lib/gcc/arm-none-eabi/15.2.0/../../../../arm-none-eabi/lib/thumb/v6-m/nofp/libg.a(libc_a-callocr.o)
                              /usr/lib/gcc/arm-none-eabi/15.2.0/../../../../arm-none-eabi/lib/thumb/v6-m/nofp/libg.a(libc_a-calloc.o) (_calloc_r)
/usr/lib/gcc/arm-none-eabi/15.2.0/../../../../arm-none-eabi/lib/thumb/v6-m/nofp/libg.a(libc_a-malloc.o)
                              CMakeFiles/practica2_syscalls.dir/home/julietanilem/pico/pico-sdk/src/rp2_common/pico_malloc/malloc.c.o (malloc)
/usr/lib/gcc/arm-none-eabi/15.2.0/../../../../arm-none-eabi/lib/thumb/v6-m/nofp/libg.a(libc_a-mallocr.o)
                              /usr/lib/gcc/arm-none-eabi/15.2.0/../../../../arm-none-eabi/lib/thumb/v6-m/nofp/libg.a(libc_a-callocr.o) (_malloc_r)
/usr/lib/gcc/arm-none-eabi/15.2.0/../../../../arm-none-eabi/lib/thumb/v6-m/nofp/libg.a(libc_a-mlock.o)
                              /usr/lib/gcc/arm-none-eabi/15.2.0/../../../../arm-none-eabi/lib/thumb/v6-m/nofp/libg.a(libc_a-mallocr.o) (__malloc_lock)
/usr/lib/gcc/arm-none-eabi/15.2.0/../../../../arm-none-eabi/lib/thumb/v6-m/nofp/libg.a(libc_a-realloc.o)
                              CMakeFiles/practica2_syscalls.dir/home/julietanilem/pico/pico-sdk/src/rp2_common/pico_malloc/malloc.c.o (realloc)
/usr/lib/gcc/arm-none-eabi/15.2.0/../../../../arm-none-eabi/lib/thumb/v6-m/nofp/libg.a(libc_a-reallocr.o)
                              /usr/lib/gcc/arm-none-eabi/15.2.0/../../../../arm-none-eabi/lib/thumb/v6-m/nofp/libg.a(libc_a-realloc.o) (_realloc_r)
/usr/lib/gcc/arm-none-eabi/15.2.0/../../../../arm-none-eabi/lib/thumb/v6-m/nofp/libg.a(libc_a-memcmp.o)
                              CMakeFiles/practica2_syscalls.dir/home/julietanilem/pico/pico-sdk/src/rp2_common/pico_atomic/atomic.c.o (memcmp)
/usr/lib/gcc/arm-none-eabi/15.2.0/../../../../arm-none-eabi/lib/thumb/v6-m/nofp/libg.a(libc_a-memmove.o)
                              /usr/lib/gcc/arm-none-eabi/15.2.0/../../../../arm-none-eabi/lib/thumb/v6-m/nofp/libg.a(libc_a-reallocr.o) (memmove)
/usr/lib/gcc/arm-none-eabi/15.2.0/../../../../arm-none-eabi/lib/thumb/v6-m/nofp/libg.a(libc_a-lcltime_r.o)
                              CMakeFiles/practica2_syscalls.dir/home/julietanilem/pico/pico-sdk/src/common/pico_util/datetime.c.o (localtime_r)
/usr/lib/gcc/arm-none-eabi/15.2.0/../../../../arm-none-eabi/lib/thumb/v6-m/nofp/libg.a(libc_a-mktime.o)
                              CMakeFiles/practica2_syscalls.dir/home/julietanilem/pico/pico-sdk/src/common/pico_util/datetime.c.o (mktime)
/usr/lib/gcc/arm-none-eabi/15.2.0/../../../../arm-none-eabi/lib/thumb/v6-m/nofp/libg.a(libc_a-month_lengths.o)
                              /usr/lib/gcc/arm-none-eabi/15.2.0/../../../../arm-none-eabi/lib/thumb/v6-m/nofp/libg.a(libc_a-lcltime_r.o) (__month_lengths)
/usr/lib/gcc/arm-none-eabi/15.2.0/../../../../arm-none-eabi/lib/thumb/v6-m/nofp/libg.a(libc_a-tzcalc_limits.o)
                              /usr/lib/gcc/arm-none-eabi/15.2.0/../../../../arm-none-eabi/lib/thumb/v6-m/nofp/libg.a(libc_a-lcltime_r.o) (__tzcalc_limits)
/usr/lib/gcc/arm-none-eabi/15.2.0/../../../../arm-none-eabi/lib/thumb/v6-m/nofp/libg.a(libc_a-tzlock.o)
                              /usr/lib/gcc/arm-none-eabi/15.2.0/../../../../arm-none-eabi/lib/thumb/v6-m/nofp/libg.a(libc_a-lcltime_r.o) (__tz_lock)
/usr/lib/gcc/arm-none-eabi/15.2.0/../../../../arm-none-eabi/lib/thumb/v6-m/nofp/libg.a(libc_a-tzset.o)
                              /usr/lib/gcc/arm-none-eabi/15.2.0/../../../../arm-none-eabi/lib/thumb/v6-m/nofp/libg.a(libc_a-lcltime_r.o) (_tzset_unlocked)
/usr/lib/gcc/arm-none-eabi/15.2.0/../../../../arm-none-eabi/lib/thumb/v6-m/nofp/libg.a(libc_a-tzset_r.o)
                              /usr/lib/gcc/arm-none-eabi/15.2.0/../../../../arm-none-eabi/lib/thumb/v6-m/nofp/libg.a(libc_a-tzset.o) (_tzset_unlocked_r)
/usr/lib/gcc/arm-none-eabi/15.2.0/../../../../arm-none-eabi/lib/thumb/v6-m/nofp/libg.a(libc_a-tzvars.o)
                              /usr/lib/gcc/arm-none-eabi/15.2.0/../../../../arm-none-eabi/lib/thumb/v6-m/nofp/libg.a(libc_a-tzset_r.o) (_timezone)
/usr/lib/gcc/arm-none-eabi/15.2.0/../../../../arm-none-eabi/lib/thumb/v6-m/nofp/libg.a(libc_a-impure.o)
[...]
Memory Configuration

Name             Origin             Length             Attributes
FLASH            0x10000000         0x00200000         xr
RAM              0x20000000         0x00040000         xrw
SCRATCH_X        0x20040000         0x00001000         xrw
SCRATCH_Y        0x20041000         0x00001000         xrw
*default*        0x00000000         0xffffffff

Linker script and memory map

LOAD /usr/lib/gcc/arm-none-eabi/15.2.0/thumb/v6-m/nofp/crti.o
LOAD /usr/lib/gcc/arm-none-eabi/15.2.0/thumb/v6-m/nofp/crtbegin.o
LOAD /usr/lib/gcc/arm-none-eabi/15.2.0/../../../../arm-none-eabi/lib/thumb/v6-m/nofp/crt0.o

.flash_begin    0x10000000        0x0
                0x10000000                        __flash_binary_start = .

.boot2          0x10000000      0x100
                0x10000000                        __boot2_start__ = .
 *(.boot2)
 .boot2         0x10000000      0x100 pico-sdk/src/rp2040/boot_stage2/CMakeFiles/bs2_default_library.dir/bs2_default_padded_checksummed.S.o
                0x10000100                        __boot2_end__ = .
                0x00000001                        ASSERT (((__boot2_end__ - __boot2_start__) == 0x100), ERROR: Pico second stage bootloader must be 256 bytes in size)

.text           0x10000100     0x17ac
                0x10000100                        __logical_binary_start = .
 *(.vectors)
 .vectors       0x10000100       0xd4 CMakeFiles/practica2_syscalls.dir/home/julietanilem/pico/pico-sdk/src/rp2_common/pico_crt0/crt0.S.o
                0x10000100                __vectors
                0x10000100                __VECTOR_TABLE
                0x100001c0                isr_irq30
                0x100001c0                __unhandled_user_irq
                0x100001c0                isr_irq13
                0x100001c0                isr_irq27
                0x100001c0                isr_irq31
                0x100001c0                isr_irq5
                0x100001c0                isr_irq11
                0x100001c0                isr_irq23
                0x100001c0                isr_irq18
                0x100001c0                isr_irq28
                0x100001c0                isr_irq19
                0x100001c0                isr_irq0
                0x100001c0                isr_irq6
                0x100001c0                isr_irq22
                0x100001c0                isr_irq17
                0x100001c0                isr_irq14
                0x100001c0                __vectors_end
                0x100001c0                __default_isrs_start
                0x100001c0                isr_irq2
                0x100001c0                isr_irq10
                0x100001c0                isr_irq8
                0x100001c0                isr_irq24
                0x100001c0                isr_irq1
                0x100001c0                isr_irq7
                0x100001c0                isr_irq21
                0x100001c0                isr_irq20
                0x100001c0                isr_irq15
                0x100001c0                isr_irq25
                0x100001c0                isr_irq4
                0x100001c0                isr_irq16
                0x100001c0                isr_irq29
                0x100001c0                isr_irq26
                0x100001c0                isr_irq3
                0x100001c0                isr_irq12
                0x100001c0                isr_irq9
                0x100001c6                unhandled_user_irq_num_in_r0
                0x100001c8                isr_invalid
                0x100001ca                isr_nmi
                0x100001cc                isr_hardfault
                0x100001ce                isr_svcall
                0x100001d0                isr_pendsv
                0x100001d2                isr_systick
                0x100001d4                __default_isrs_end
 *(.binary_info_header)
 .binary_info_header
                0x100001d4       0x14 CMakeFiles/practica2_syscalls.dir/home/julietanilem/pico/pico-sdk/src/rp2_common/pico_crt0/crt0.S.o
                0x100001e8                        __binary_info_header_end = .
 *(.embedded_block)
                0x100001e8                        __embedded_block_end = .
 *(.reset)
 .reset         0x100001e8       0x9c CMakeFiles/practica2_syscalls.dir/home/julietanilem/pico/pico-sdk/src/rp2_common/pico_crt0/crt0.S.o
                0x100001e8                _entry_point
 *(.init)
 .init          0x10000284        0x4 /usr/lib/gcc/arm-none-eabi/15.2.0/thumb/v6-m/nofp/crti.o
                0x10000284                _init
 *(EXCLUDE_FILE(*libm.a: *libc.a:*lib_a-mem*.o *libgcc.a:) .text*)
 .text          0x10000288       0x98 /usr/lib/gcc/arm-none-eabi/15.2.0/thumb/v6-m/nofp/crtbegin.o
 .text.startup.main
                0x10000320       0x14 CMakeFiles/practica2_syscalls.dir/main.c.o
                0x10000320                main
 .text.k_gpio_init
                0x10000334       0x34 CMakeFiles/practica2_syscalls.dir/kernel_drivers.c.o
                0x10000334                k_gpio_init
 .text.k_gpio_set
                0x10000368       0x1c CMakeFiles/practica2_syscalls.dir/kernel_drivers.c.o
                0x10000368                k_gpio_set
 .text.k_gpio_get
                0x10000384       0x10 CMakeFiles/practica2_syscalls.dir/kernel_drivers.c.o
                0x10000384                k_gpio_get
 .text.kernel_service
                0x10000394       0x3c CMakeFiles/practica2_syscalls.dir/kernel_service.c.o
                0x10000394                kernel_service
 .text          0x100003d0        0xe CMakeFiles/practica2_syscalls.dir/svc_handler.s.o
                0x100003d0                wrapper_svc
 *fill*         0x100003de        0x2 
 .text.faseA    0x100003e0       0x14 CMakeFiles/practica2_syscalls.dir/user_app.c.o
                0x100003e0                faseA
 .text.user_app_entry
                0x100003f4       0x18 CMakeFiles/practica2_syscalls.dir/user_app.c.o
                0x100003f4                user_app_entry
 .text          0x1000040c       0x1e CMakeFiles/practica2_syscalls.dir/syscalls.s.o
                0x1000040c                sys_gpio_dir
                0x10000416                sys_gpio_set
                0x10000420                sys_gpio_get
 *fill*         0x1000042a        0x2 
 .text.panic    0x1000042c       0x30 CMakeFiles/practica2_syscalls.dir/home/julietanilem/pico/pico-sdk/src/rp2_common/pico_platform_panic/panic.c.o
                0x1000042c                panic
 .text.hw_claim_or_assert
                0x1000045c       0x50 CMakeFiles/practica2_syscalls.dir/home/julietanilem/pico/pico-sdk/src/common/hardware_claim/claim.c.o
                0x1000045c                hw_claim_or_assert
 .text.next_striped_spin_lock_num
                0x100004ac       0x18 CMakeFiles/practica2_syscalls.dir/home/julietanilem/pico/pico-sdk/src/rp2_common/hardware_sync/sync.c.o
                0x100004ac                next_striped_spin_lock_num
 .text.spin_locks_reset
                0x100004c4       0x1c CMakeFiles/practica2_syscalls.dir/home/julietanilem/pico/pico-sdk/src/rp2_common/hardware_sync_spin_lock/sync_spin_lock.c.o
                0x100004c4                spin_locks_reset
 .text.runtime_init_per_core_irq_priorities
                0x100004e0       0x48 CMakeFiles/practica2_syscalls.dir/home/julietanilem/pico/pico-sdk/src/rp2_common/hardware_irq/irq.c.o
                0x100004e0                runtime_init_per_core_irq_priorities
 .text.irq_set_enabled
                0x10000528       0x24 CMakeFiles/practica2_syscalls.dir/home/julietanilem/pico/pico-sdk/src/rp2_common/hardware_irq/irq.c.o
                0x10000528                irq_set_enabled
 .text.irq_set_exclusive_handler
                0x1000054c       0x54 CMakeFiles/practica2_syscalls.dir/home/julietanilem/pico/pico-sdk/src/rp2_common/hardware_irq/irq.c.o
                0x1000054c                irq_set_exclusive_handler
 .text.lock_init
                0x100005a0       0x10 CMakeFiles/practica2_syscalls.dir/home/julietanilem/pico/pico-sdk/src/common/pico_sync/lock_core.c.o
                0x100005a0                lock_init
 .text.runtime_init_mutex
                0x100005b0       0x50 CMakeFiles/practica2_syscalls.dir/home/julietanilem/pico/pico-sdk/src/common/pico_sync/mutex.c.o
                0x100005b0                runtime_init_mutex
 .text.sleep_until_callback
                0x10000600       0x30 CMakeFiles/practica2_syscalls.dir/home/julietanilem/pico/pico-sdk/src/common/pico_time/time.c.o
 .text.alarm_pool_irq_handler
                0x10000630      0x2f4 CMakeFiles/practica2_syscalls.dir/home/julietanilem/pico/pico-sdk/src/common/pico_time/time.c.o
 .text.runtime_init_default_alarm_pool
                0x10000924       0xd8 CMakeFiles/practica2_syscalls.dir/home/julietanilem/pico/pico-sdk/src/common/pico_time/time.c.o
                0x10000924                runtime_init_default_alarm_pool
 .text.alarm_pool_add_alarm_at_force_in_context
                0x100009fc       0xbc CMakeFiles/practica2_syscalls.dir/home/julietanilem/pico/pico-sdk/src/common/pico_time/time.c.o
                0x100009fc                alarm_pool_add_alarm_at_force_in_context
 .text.alarm_pool_cancel_alarm
                0x10000ab8       0x74 CMakeFiles/practica2_syscalls.dir/home/julietanilem/pico/pico-sdk/src/common/pico_time/time.c.o
                0x10000ab8                alarm_pool_cancel_alarm
 .text.best_effort_wfe_or_timeout
                0x10000b2c      0x100 CMakeFiles/practica2_syscalls.dir/home/julietanilem/pico/pico-sdk/src/common/pico_time/time.c.o
                0x10000b2c                best_effort_wfe_or_timeout
 .text.timer_hardware_alarm_claim
                0x10000c2c       0x14 CMakeFiles/practica2_syscalls.dir/home/julietanilem/pico/pico-sdk/src/rp2_common/hardware_timer/timer.c.o
                0x10000c2c                timer_hardware_alarm_claim
 .text.timer_time_us_64
                0x10000c40       0x10 CMakeFiles/practica2_syscalls.dir/home/julietanilem/pico/pico-sdk/src/rp2_common/hardware_timer/timer.c.o
                0x10000c40                timer_time_us_64
 .text.time_us_64
                0x10000c50       0x14 CMakeFiles/practica2_syscalls.dir/home/julietanilem/pico/pico-sdk/src/rp2_common/hardware_timer/timer.c.o
                0x10000c50                time_us_64
 .text.clock_configure_int_divider
                0x10000c64       0xec CMakeFiles/practica2_syscalls.dir/home/julietanilem/pico/pico-sdk/src/rp2_common/hardware_clocks/clocks.c.o
                0x10000c64                clock_configure_int_divider
 .text.clock_configure_undivided
                0x10000d50       0xe0 CMakeFiles/practica2_syscalls.dir/home/julietanilem/pico/pico-sdk/src/rp2_common/hardware_clocks/clocks.c.o
                0x10000d50                clock_configure_undivided
 .text.clock_get_hz
                0x10000e30        0xc CMakeFiles/practica2_syscalls.dir/home/julietanilem/pico/pico-sdk/src/rp2_common/hardware_clocks/clocks.c.o
                0x10000e30                clock_get_hz
 .text.pll_init
                0x10000e3c       0xb0 CMakeFiles/practica2_syscalls.dir/home/julietanilem/pico/pico-sdk/src/rp2_common/hardware_pll/pll.c.o
                0x10000e3c                pll_init
 .text.tick_start
                0x10000eec       0x10 CMakeFiles/practica2_syscalls.dir/home/julietanilem/pico/pico-sdk/src/rp2_common/hardware_ticks/ticks.c.o
                0x10000eec                tick_start
 .text.rom_func_lookup
                0x10000efc       0x10 CMakeFiles/practica2_syscalls.dir/home/julietanilem/pico/pico-sdk/src/rp2_common/pico_bootrom/bootrom.c.o
                0x10000efc                rom_func_lookup
 .text.rom_data_lookup
                0x10000f0c       0x10 CMakeFiles/practica2_syscalls.dir/home/julietanilem/pico/pico-sdk/src/rp2_common/pico_bootrom/bootrom.c.o
                0x10000f0c                rom_data_lookup
 .text.rom_funcs_lookup
                0x10000f1c       0x44 CMakeFiles/practica2_syscalls.dir/home/julietanilem/pico/pico-sdk/src/rp2_common/pico_bootrom/bootrom.c.o
                0x10000f1c                rom_funcs_lookup
 .text.xosc_init
                0x10000f60       0x28 CMakeFiles/practica2_syscalls.dir/home/julietanilem/pico/pico-sdk/src/rp2_common/hardware_xosc/xosc.c.o
                0x10000f60                xosc_init
 .text.first_per_core_initializer
                0x10000f88        0x4 CMakeFiles/practica2_syscalls.dir/home/julietanilem/pico/pico-sdk/src/rp2_common/pico_runtime/runtime.c.o
 .text.hard_assertion_failure
                0x10000f8c        0xc CMakeFiles/practica2_syscalls.dir/home/julietanilem/pico/pico-sdk/src/rp2_common/pico_runtime/runtime.c.o
                0x10000f8c                hard_assertion_failure
 .text.runtime_run_initializers
                0x10000f98       0x28 CMakeFiles/practica2_syscalls.dir/home/julietanilem/pico/pico-sdk/src/rp2_common/pico_runtime/runtime.c.o
                0x10000f98                runtime_run_initializers
 .text.runtime_init_early_resets
                0x10000fc0       0x2c CMakeFiles/practica2_syscalls.dir/home/julietanilem/pico/pico-sdk/src/rp2_common/pico_runtime_init/runtime_init.c.o
                0x10000fc0                runtime_init_early_resets
 .text.runtime_init_usb_power_down
                0x10000fec       0x1c CMakeFiles/practica2_syscalls.dir/home/julietanilem/pico/pico-sdk/src/rp2_common/pico_runtime_init/runtime_init.c.o
                0x10000fec                runtime_init_usb_power_down
 .text.runtime_init_post_clock_resets
                0x10001008       0x20 CMakeFiles/practica2_syscalls.dir/home/julietanilem/pico/pico-sdk/src/rp2_common/pico_runtime_init/runtime_init.c.o
                0x10001008                runtime_init_post_clock_resets
 .text.runtime_init_rp2040_gpio_ie_disable
                0x10001028       0x14 CMakeFiles/practica2_syscalls.dir/home/julietanilem/pico/pico-sdk/src/rp2_common/pico_runtime_init/runtime_init.c.o
                0x10001028                runtime_init_rp2040_gpio_ie_disable
 .text.runtime_init_spin_locks_reset
                0x1000103c        0x8 CMakeFiles/practica2_syscalls.dir/home/julietanilem/pico/pico-sdk/src/rp2_common/pico_runtime_init/runtime_init.c.o
                0x1000103c                runtime_init_spin_locks_reset
 .text.runtime_init_install_ram_vector_table
                0x10001044       0xb8 CMakeFiles/practica2_syscalls.dir/home/julietanilem/pico/pico-sdk/src/rp2_common/pico_runtime_init/runtime_init.c.o
                0x10001044                runtime_init_install_ram_vector_table
 .text.runtime_init_clocks
                0x100010fc       0xd8 CMakeFiles/practica2_syscalls.dir/home/julietanilem/pico/pico-sdk/src/rp2_common/pico_runtime_init/runtime_init_clocks.c.o
                0x100010fc                runtime_init_clocks
 .text          0x100011d4       0x10 CMakeFiles/practica2_syscalls.dir/home/julietanilem/pico/pico-sdk/src/rp2_common/pico_bit_ops/bit_ops_aeabi.S.o
 .text.__wrap___aeabi_uidiv
                0x100011e4       0x4c CMakeFiles/practica2_syscalls.dir/home/julietanilem/pico/pico-sdk/src/rp2_common/pico_divider/divider_hardware.S.o
                0x100011e4                __wrap___aeabi_uidiv
                0x100011e4                __wrap___aeabi_uidivmod
                0x100011e4                div_u32u32
                0x100011e4                divmod_u32u32
                0x100011ec                divmod_u32u32_unsafe
                0x10001214                divmod_u32u32_savestate
 .text.__aeabi_double_init
                0x10001230       0xa4 CMakeFiles/practica2_syscalls.dir/home/julietanilem/pico/pico-sdk/src/rp2_common/pico_double/double_init_rom_rp2040.c.o
                0x10001230                __aeabi_double_init
 .text.double_table_shim_on_use_helper
                0x100012d4       0x2c CMakeFiles/practica2_syscalls.dir/home/julietanilem/pico/pico-sdk/src/rp2_common/pico_double/double_v1_rom_shim_rp2040.S.o
                0x100012d4                double_table_shim_on_use_helper
 .text.__aeabi_float_init
                0x10001300       0x68 CMakeFiles/practica2_syscalls.dir/home/julietanilem/pico/pico-sdk/src/rp2_common/pico_float/float_init_rom_rp2040.c.o
                0x10001300                __aeabi_float_init
 .text.float_table_shim_on_use_helper
                0x10001368       0x2c CMakeFiles/practica2_syscalls.dir/home/julietanilem/pico/pico-sdk/src/rp2_common/pico_float/float_v1_rom_shim_rp2040.S.o
                0x10001368                float_table_shim_on_use_helper
 .text          0x10001394       0x10 CMakeFiles/practica2_syscalls.dir/home/julietanilem/pico/pico-sdk/src/rp2_common/pico_mem_ops/mem_ops_aeabi.S.o
                0x10001394                __aeabi_mem_init
 .text.memcpy   0x100013a4        0xc CMakeFiles/practica2_syscalls.dir/home/julietanilem/pico/pico-sdk/src/rp2_common/pico_mem_ops/mem_ops_aeabi.S.o
                0x100013a4                __wrap___aeabi_memcpy
                0x100013a4                __wrap_memcpy
 .text._out_char
                0x100013b0       0x10 CMakeFiles/practica2_syscalls.dir/home/julietanilem/pico/pico-sdk/src/rp2_common/pico_printf/printf.c.o
 .text.weak_raw_vprintf
                0x100013c0       0x30 CMakeFiles/practica2_syscalls.dir/home/julietanilem/pico/pico-sdk/src/rp2_common/pico_printf/printf.c.o
                0x100013c0                weak_raw_vprintf
 .text._exit    0x100013f0        0x4 CMakeFiles/practica2_syscalls.dir/home/julietanilem/pico/pico-sdk/src/rp2_common/pico_clib_interface/newlib_interface.c.o
                0x100013f0                _exit
 .text.exit     0x100013f4        0x8 CMakeFiles/practica2_syscalls.dir/home/julietanilem/pico/pico-sdk/src/rp2_common/pico_clib_interface/newlib_interface.c.o
                0x100013f4                exit
 .text.runtime_init
                0x100013fc       0x2c CMakeFiles/practica2_syscalls.dir/home/julietanilem/pico/pico-sdk/src/rp2_common/pico_clib_interface/newlib_interface.c.o
                0x100013fc                runtime_init
 .text.stdio_out_chars_no_crlf
                0x10001428       0x10 CMakeFiles/practica2_syscalls.dir/home/julietanilem/pico/pico-sdk/src/rp2_common/pico_stdio/stdio.c.o
 .text.stdio_out_chars_crlf
                0x10001438       0x90 CMakeFiles/practica2_syscalls.dir/home/julietanilem/pico/pico-sdk/src/rp2_common/pico_stdio/stdio.c.o
 .text.stdio_put_string
                0x100014c8       0xf4 CMakeFiles/practica2_syscalls.dir/home/julietanilem/pico/pico-sdk/src/rp2_common/pico_stdio/stdio.c.o
                0x100014c8                stdio_put_string
 .text.__wrap_putchar
                0x100015bc       0x94 CMakeFiles/practica2_syscalls.dir/home/julietanilem/pico/pico-sdk/src/rp2_common/pico_stdio/stdio.c.o
                0x100015bc                stdio_putchar
                0x100015bc                __wrap_putchar
 .text.__wrap_puts
                0x10001650       0x3c CMakeFiles/practica2_syscalls.dir/home/julietanilem/pico/pico-sdk/src/rp2_common/pico_stdio/stdio.c.o
                0x10001650                __wrap_puts
                0x10001650                stdio_puts
 .text.exception_set_exclusive_handler
                0x1000168c       0x48 CMakeFiles/practica2_syscalls.dir/home/julietanilem/pico/pico-sdk/src/rp2_common/hardware_exception/exception.c.o
                0x1000168c                exception_set_exclusive_handler
 .text.atexit   0x100016d4       0x10 /usr/lib/gcc/arm-none-eabi/15.2.0/../../../../arm-none-eabi/lib/thumb/v6-m/nofp/libg.a(libc_a-atexit.o)
                0x100016d4                atexit
 .text.__libc_fini_array
                0x100016e4       0x28 /usr/lib/gcc/arm-none-eabi/15.2.0/../../../../arm-none-eabi/lib/thumb/v6-m/nofp/libg.a(libc_a-fini.o)
                0x100016e4                __libc_fini_array
 .text.__retarget_lock_acquire_recursive
                0x1000170c        0x4 /usr/lib/gcc/arm-none-eabi/15.2.0/../../../../arm-none-eabi/lib/thumb/v6-m/nofp/libg.a(libc_a-lock.o)
                0x1000170c                __retarget_lock_acquire_recursive
 .text.__retarget_lock_release_recursive
                0x10001710        0x4 /usr/lib/gcc/arm-none-eabi/15.2.0/../../../../arm-none-eabi/lib/thumb/v6-m/nofp/libg.a(libc_a-lock.o)
                0x10001710                __retarget_lock_release_recursive
 .text.strlen   0x10001714       0x5c /usr/lib/gcc/arm-none-eabi/15.2.0/../../../../arm-none-eabi/lib/thumb/v6-m/nofp/libg.a(libc_a-strlen-stub.o)
                0x10001714                strlen
 .text.__register_exitproc
                0x10001770       0xa8 /usr/lib/gcc/arm-none-eabi/15.2.0/../../../../arm-none-eabi/lib/thumb/v6-m/nofp/libg.a(libc_a-__atexit.o)
                0x10001770                __register_exitproc
 .text.startup.register_fini
                0x10001818       0x18 /usr/lib/gcc/arm-none-eabi/15.2.0/../../../../arm-none-eabi/lib/thumb/v6-m/nofp/libg.a(libc_a-__call_atexit.o)
 *(.fini)
 .fini          0x10001830        0x4 /usr/lib/gcc/arm-none-eabi/15.2.0/thumb/v6-m/nofp/crti.o
                0x10001830                _fini
 *fill*         0x10001834        0x4 
 .fini.__stub   0x10001838       0x30 linker stubs
 *crtbegin.o(.ctors)
 *crtbegin?.o(.ctors)
 *(EXCLUDE_FILE(*crtend.o *crtend?.o) .ctors)
 *(SORT_BY_NAME(.ctors.*))
 *(.ctors)
 *crtbegin.o(.dtors)
 *crtbegin?.o(.dtors)
 *(EXCLUDE_FILE(*crtend.o *crtend?.o) .dtors)
 *(SORT_BY_NAME(.dtors.*))
 *(.dtors)
                0x10001868                        . = ALIGN (0x4)
                0x10001868                        PROVIDE (__preinit_array_start = .)
 *(SORT_BY_NAME(.preinit_array.*))
 .preinit_array.00100
                0x10001868        0x4 CMakeFiles/practica2_syscalls.dir/home/julietanilem/pico/pico-sdk/src/rp2_common/pico_runtime_init/runtime_init.c.o
                0x10001868                __pre_init_runtime_init_early_resets
 .preinit_array.00101
                0x1000186c        0x4 CMakeFiles/practica2_syscalls.dir/home/julietanilem/pico/pico-sdk/src/rp2_common/pico_runtime_init/runtime_init.c.o
                0x1000186c                __pre_init_runtime_init_usb_power_down
 .preinit_array.00275
                0x10001870        0x4 CMakeFiles/practica2_syscalls.dir/home/julietanilem/pico/pico-sdk/src/rp2_common/pico_bit_ops/bit_ops_aeabi.S.o
 .preinit_array.00300
                0x10001874        0x4 CMakeFiles/practica2_syscalls.dir/home/julietanilem/pico/pico-sdk/src/rp2_common/pico_mem_ops/mem_ops_aeabi.S.o
 .preinit_array.00350
                0x10001878        0x4 CMakeFiles/practica2_syscalls.dir/home/julietanilem/pico/pico-sdk/src/rp2_common/pico_double/double_aeabi_rp2040.S.o
 .preinit_array.00350
                0x1000187c        0x4 CMakeFiles/practica2_syscalls.dir/home/julietanilem/pico/pico-sdk/src/rp2_common/pico_float/float_aeabi_rp2040.S.o
 .preinit_array.00500
                0x10001880        0x4 CMakeFiles/practica2_syscalls.dir/home/julietanilem/pico/pico-sdk/src/rp2_common/pico_runtime_init/runtime_init.c.o
                0x10001880                __pre_init_runtime_init_clocks
 .preinit_array.00600
                0x10001884        0x4 CMakeFiles/practica2_syscalls.dir/home/julietanilem/pico/pico-sdk/src/rp2_common/pico_runtime_init/runtime_init.c.o
                0x10001884                __pre_init_runtime_init_post_clock_resets
 .preinit_array.00700
                0x10001888        0x4 CMakeFiles/practica2_syscalls.dir/home/julietanilem/pico/pico-sdk/src/rp2_common/pico_runtime_init/runtime_init.c.o
                0x10001888                __pre_init_runtime_init_rp2040_gpio_ie_disable
 .preinit_array.01000
                0x1000188c        0x4 CMakeFiles/practica2_syscalls.dir/home/julietanilem/pico/pico-sdk/src/rp2_common/pico_runtime_init/runtime_init.c.o
                0x1000188c                __pre_init_runtime_init_spin_locks_reset
 .preinit_array.01100
                0x10001890        0x4 CMakeFiles/practica2_syscalls.dir/home/julietanilem/pico/pico-sdk/src/common/pico_sync/mutex.c.o
                0x10001890                __pre_init_runtime_init_mutex
 .preinit_array.10080
                0x10001894        0x4 CMakeFiles/practica2_syscalls.dir/home/julietanilem/pico/pico-sdk/src/rp2_common/pico_runtime_init/runtime_init.c.o
                0x10001894                __pre_init_runtime_init_install_ram_vector_table
 .preinit_array.11000
                0x10001898        0x4 CMakeFiles/practica2_syscalls.dir/home/julietanilem/pico/pico-sdk/src/common/pico_time/time.c.o
                0x10001898                __pre_init_runtime_init_default_alarm_pool
 .preinit_array.YYYYY
                0x1000189c        0x4 CMakeFiles/practica2_syscalls.dir/home/julietanilem/pico/pico-sdk/src/rp2_common/pico_runtime/runtime.c.o
                0x1000189c                __pre_init_first_per_core_initializer
 .preinit_array.ZZZZZ.01200
                0x100018a0        0x4 CMakeFiles/practica2_syscalls.dir/home/julietanilem/pico/pico-sdk/src/rp2_common/hardware_irq/irq.c.o
                0x100018a0                __pre_init_runtime_init_per_core_irq_priorities
 *(.preinit_array)
                0x100018a4                        PROVIDE (__preinit_array_end = .)
                0x100018a4                        . = ALIGN (0x4)
                0x100018a4                        PROVIDE (__init_array_start = .)
 *(SORT_BY_NAME(.init_array.*))
 .init_array.00000
                0x100018a4        0x4 /usr/lib/gcc/arm-none-eabi/15.2.0/../../../../arm-none-eabi/lib/thumb/v6-m/nofp/libg.a(libc_a-__call_atexit.o)
 *(.init_array)
 .init_array    0x100018a8        0x4 /usr/lib/gcc/arm-none-eabi/15.2.0/thumb/v6-m/nofp/crtbegin.o
                0x100018ac                        PROVIDE (__init_array_end = .)
                0x100018ac                        . = ALIGN (0x4)
                0x100018ac                        PROVIDE (__fini_array_start = .)
 *(SORT_BY_NAME(.fini_array.*))
 *(.fini_array)
                0x100018ac                        PROVIDE (__fini_array_end = .)
 *(.eh_frame*)
 .eh_frame      0x100018ac        0x0 /usr/lib/gcc/arm-none-eabi/15.2.0/thumb/v6-m/nofp/crtbegin.o
                0x100018ac                        . = ALIGN (0x4)

.glue_7         0x100018ac        0x0
 .glue_7        0x100018ac        0x0 linker stubs

.glue_7t        0x100018ac        0x0
 .glue_7t       0x100018ac        0x0 linker stubs

.vfp11_veneer   0x100018ac        0x0
 .vfp11_veneer  0x100018ac        0x0 linker stubs

.v4_bx          0x100018ac        0x0
 .v4_bx         0x100018ac        0x0 linker stubs

.iplt           0x100018ac        0x0
 .iplt          0x100018ac        0x0 /usr/lib/gcc/arm-none-eabi/15.2.0/thumb/v6-m/nofp/crtbegin.o

.rodata         0x100018ac       0xe4
 *(EXCLUDE_FILE(*libm.a: *libc.a:*lib_a-mem*.o *libgcc.a:) .rodata*)
 .rodata.panic.str1.4
                0x100018ac       0x8c CMakeFiles/practica2_syscalls.dir/home/julietanilem/pico/pico-sdk/src/rp2_common/pico_platform_panic/panic.c.o
                                 0x12 (size before relaxing)
 .rodata.timer_hardware_alarm_claim.str1.4
                0x10001938        0x0 CMakeFiles/practica2_syscalls.dir/home/julietanilem/pico/pico-sdk/src/rp2_common/hardware_timer/timer.c.o
                                 0x22 (size before relaxing)
 .rodata.hard_assertion_failure.str1.4
                0x10001938        0x0 CMakeFiles/practica2_syscalls.dir/home/julietanilem/pico/pico-sdk/src/rp2_common/pico_runtime/runtime.c.o
                                  0xc (size before relaxing)
 .rodata.str1.4
                0x10001938        0x0 CMakeFiles/practica2_syscalls.dir/home/julietanilem/pico/pico-sdk/src/rp2_common/pico_standard_binary_info/standard_binary_info.c.o
                                 0x48 (size before relaxing)
 .rodata.__bi_84
                0x10001938        0xc CMakeFiles/practica2_syscalls.dir/home/julietanilem/pico/pico-sdk/src/rp2_common/pico_standard_binary_info/standard_binary_info.c.o
 .rodata.__bi_78
                0x10001944        0xc CMakeFiles/practica2_syscalls.dir/home/julietanilem/pico/pico-sdk/src/rp2_common/pico_standard_binary_info/standard_binary_info.c.o
 .rodata.__bi_54
                0x10001950        0xc CMakeFiles/practica2_syscalls.dir/home/julietanilem/pico/pico-sdk/src/rp2_common/pico_standard_binary_info/standard_binary_info.c.o
 .rodata.__bi_48
                0x1000195c        0xc CMakeFiles/practica2_syscalls.dir/home/julietanilem/pico/pico-sdk/src/rp2_common/pico_standard_binary_info/standard_binary_info.c.o
 .rodata.__bi_42
                0x10001968        0xc CMakeFiles/practica2_syscalls.dir/home/julietanilem/pico/pico-sdk/src/rp2_common/pico_standard_binary_info/standard_binary_info.c.o
 .rodata.__bi_34
                0x10001974        0xc CMakeFiles/practica2_syscalls.dir/home/julietanilem/pico/pico-sdk/src/rp2_common/pico_standard_binary_info/standard_binary_info.c.o
 .rodata.__bi_26
                0x10001980        0xc CMakeFiles/practica2_syscalls.dir/home/julietanilem/pico/pico-sdk/src/rp2_common/pico_standard_binary_info/standard_binary_info.c.o
 .rodata.crlf_str.0
                0x1000198c        0x2 CMakeFiles/practica2_syscalls.dir/home/julietanilem/pico/pico-sdk/src/rp2_common/pico_stdio/stdio.c.o
                0x10001990                        . = ALIGN (0x4)
 *fill*         0x1000198e        0x2 
 *(SORT_BY_ALIGNMENT(SORT_BY_NAME(.flashdata*)))
                0x10001990                        . = ALIGN (0x4)

.ARM.extab
 *(.ARM.extab* .gnu.linkonce.armextab.*)
                0x10001990                        __exidx_start = .

.ARM.exidx
 *(.ARM.exidx* .gnu.linkonce.armexidx.*)
                0x10001990                        __exidx_end = .
                0x10001990                        . = ALIGN (0x4)
                0x10001990                        __binary_info_start = .

.binary_info    0x10001990       0x1c
 *(.binary_info.keep.*)
 .binary_info.keep.__bi_ptr84
                0x10001990        0x4 CMakeFiles/practica2_syscalls.dir/home/julietanilem/pico/pico-sdk/src/rp2_common/pico_standard_binary_info/standard_binary_info.c.o
 .binary_info.keep.__bi_ptr78
                0x10001994        0x4 CMakeFiles/practica2_syscalls.dir/home/julietanilem/pico/pico-sdk/src/rp2_common/pico_standard_binary_info/standard_binary_info.c.o
 .binary_info.keep.__bi_ptr54
                0x10001998        0x4 CMakeFiles/practica2_syscalls.dir/home/julietanilem/pico/pico-sdk/src/rp2_common/pico_standard_binary_info/standard_binary_info.c.o
 .binary_info.keep.__bi_ptr48
                0x1000199c        0x4 CMakeFiles/practica2_syscalls.dir/home/julietanilem/pico/pico-sdk/src/rp2_common/pico_standard_binary_info/standard_binary_info.c.o
 .binary_info.keep.__bi_ptr42
                0x100019a0        0x4 CMakeFiles/practica2_syscalls.dir/home/julietanilem/pico/pico-sdk/src/rp2_common/pico_standard_binary_info/standard_binary_info.c.o
 .binary_info.keep.__bi_ptr34
                0x100019a4        0x4 CMakeFiles/practica2_syscalls.dir/home/julietanilem/pico/pico-sdk/src/rp2_common/pico_standard_binary_info/standard_binary_info.c.o
 .binary_info.keep.__bi_ptr26
                0x100019a8        0x4 CMakeFiles/practica2_syscalls.dir/home/julietanilem/pico/pico-sdk/src/rp2_common/pico_standard_binary_info/standard_binary_info.c.o
 *(.binary_info.*)
                0x100019ac                        __binary_info_end = .
                0x100019ac                        . = ALIGN (0x4)

.ram_vector_table
                0x20000000       0xc0
 *(.ram_vector_table)
 .ram_vector_table
                0x20000000       0xc0 CMakeFiles/practica2_syscalls.dir/home/julietanilem/pico/pico-sdk/src/rp2_common/pico_runtime_init/runtime_init.c.o
                0x20000000                ram_vector_table

.uninitialized_data
                0x200000c0        0x0
                0x200000c0                        . = ALIGN (0x4)
 *(.uninitialized_data*)

.data           0x200000c0      0x12c load address 0x100019ac
                0x200000c0                        __data_start__ = .
 *(vtable)
 *(.time_critical*)
 .time_critical.mutex_try_enter_block_until
                0x200000c0       0x98 CMakeFiles/practica2_syscalls.dir/home/julietanilem/pico/pico-sdk/src/common/pico_sync/mutex.c.o
                0x200000c0                mutex_try_enter_block_until
 .time_critical.mutex_exit
                0x20000158       0x28 CMakeFiles/practica2_syscalls.dir/home/julietanilem/pico/pico-sdk/src/common/pico_sync/mutex.c.o
                0x20000158                mutex_exit
 *(.text*)
 .text          0x20000180        0x4 /usr/lib/gcc/arm-none-eabi/15.2.0/thumb/v6-m/nofp/libgcc.a(_dvmd_tls.o)
                0x20000180                __aeabi_ldiv0
                0x20000180                __aeabi_idiv0
 *fill*         0x20000184        0x4 
 .text.__stub   0x20000188       0x10 linker stubs
                0x20000198                        . = ALIGN (0x4)
 *(.rodata*)
                0x20000198                        . = ALIGN (0x4)
 *(.data*)
 .data.striped_spin_lock_num
                0x20000198        0x1 CMakeFiles/practica2_syscalls.dir/home/julietanilem/pico/pico-sdk/src/rp2_common/hardware_sync/sync.c.o
 *fill*         0x20000199        0x3 
 .data.default_alarm_pool
                0x2000019c       0x18 CMakeFiles/practica2_syscalls.dir/home/julietanilem/pico/pico-sdk/src/common/pico_time/time.c.o
 *fill*         0x200001b4        0xc 
 .data.aeabi_bits_funcs
                0x200001c0       0x10 CMakeFiles/practica2_syscalls.dir/home/julietanilem/pico/pico-sdk/src/rp2_common/pico_bit_ops/bit_ops_aeabi.S.o
                0x200001c0                aeabi_bits_funcs
                0x200001d0                aeabi_bits_funcs_end
 .data.aeabi_mem_funcs
                0x200001d0       0x10 CMakeFiles/practica2_syscalls.dir/home/julietanilem/pico/pico-sdk/src/rp2_common/pico_mem_ops/mem_ops_aeabi.S.o
                0x200001d0                aeabi_mem_funcs
                0x200001e0                aeabi_mem_funcs_end
 .data.__atexit_recursive_mutex
                0x200001e0        0x4 /usr/lib/gcc/arm-none-eabi/15.2.0/../../../../arm-none-eabi/lib/thumb/v6-m/nofp/libg.a(libc_a-__call_atexit.o)
                0x200001e0                __atexit_recursive_mutex
                0x200001e4                        . = ALIGN (0x4)
 *(.after_data.*)
                0x200001e4                        . = ALIGN (0x4)
                0x200001e4                        PROVIDE (__mutex_array_start = .)
 *(SORT_BY_NAME(.mutex_array.*))
 *(.mutex_array)
 .mutex_array   0x200001e4        0x8 CMakeFiles/practica2_syscalls.dir/home/julietanilem/pico/pico-sdk/src/rp2_common/pico_stdio/stdio.c.o
                0x200001ec                        PROVIDE (__mutex_array_end = .)
                0x200001ec                        . = ALIGN (0x4)
 *(.jcr)
                0x200001ec                        . = ALIGN (0x4)

.tm_clone_table
                0x200001ec        0x0 load address 0x10001ad8
 .tm_clone_table
                0x200001ec        0x0 /usr/lib/gcc/arm-none-eabi/15.2.0/thumb/v6-m/nofp/crtbegin.o
 .tm_clone_table
                0x200001ec        0x0 /usr/lib/gcc/arm-none-eabi/15.2.0/thumb/v6-m/nofp/crtend.o

.igot.plt       0x200001ec        0x0 load address 0x10001ad8
 .igot.plt      0x200001ec        0x0 /usr/lib/gcc/arm-none-eabi/15.2.0/thumb/v6-m/nofp/crtbegin.o

.tdata          0x200001ec        0x0 load address 0x10001ad8
                0x200001ec                        . = ALIGN (0x4)
 *(.tdata .tdata.* .gnu.linkonce.td.*)
                0x200001ec                        __tdata_end = .
                0x200001ec                        PROVIDE (__data_end__ = .)
                0x100019ac                        __etext = LOADADDR (.data)

.tbss           0x200001ec        0x0 load address 0x10001ad8
                0x200001ec                        . = ALIGN (0x4)
                0x200001ec                        __bss_start__ = .
                0x200001ec                        __tls_base = .
 *(.tbss .tbss.* .gnu.linkonce.tb.*)
 *(.tcommon)
                0x200001ec                        __tls_end = .

.bss            0x200001f0      0x584 load address 0x10001ad8
                0x200001f0                        . = ALIGN (0x4)
                0x200001f0                        __tbss_end = .
 *(SORT_BY_ALIGNMENT(SORT_BY_NAME(.bss*)))
 .bss.default_alarm_pool_entries
                0x200001f0      0x180 CMakeFiles/practica2_syscalls.dir/home/julietanilem/pico/pico-sdk/src/common/pico_time/time.c.o
 .bss.sd_table  0x20000370      0x100 CMakeFiles/practica2_syscalls.dir/home/julietanilem/pico/pico-sdk/src/rp2_common/pico_double/double_init_rom_rp2040.c.o
                0x20000370                sd_table
 .bss.sf_table  0x20000470      0x100 CMakeFiles/practica2_syscalls.dir/home/julietanilem/pico/pico-sdk/src/rp2_common/pico_float/float_init_rom_rp2040.c.o
                0x20000470                sf_table
 .bss           0x20000570       0x1c /usr/lib/gcc/arm-none-eabi/15.2.0/thumb/v6-m/nofp/crtbegin.o
 .bss.__atexit  0x2000058c        0x4 /usr/lib/gcc/arm-none-eabi/15.2.0/../../../../arm-none-eabi/lib/thumb/v6-m/nofp/libg.a(libc_a-__call_atexit.o)
                0x2000058c                __atexit
 .bss.__atexit0
                0x20000590      0x190 /usr/lib/gcc/arm-none-eabi/15.2.0/../../../../arm-none-eabi/lib/thumb/v6-m/nofp/libg.a(libc_a-__atexit.o)
                0x20000590                __atexit0
 .bss.__lock___atexit_recursive_mutex
                0x20000720        0x1 /usr/lib/gcc/arm-none-eabi/15.2.0/../../../../arm-none-eabi/lib/thumb/v6-m/nofp/libg.a(libc_a-lock.o)
                0x20000720                __lock___atexit_recursive_mutex
 *fill*         0x20000721        0x3 
 .bss.claimed   0x20000724        0x1 CMakeFiles/practica2_syscalls.dir/home/julietanilem/pico/pico-sdk/src/rp2_common/hardware_timer/timer.c.o
 *fill*         0x20000725        0x3 
 .bss.configured_freq
                0x20000728       0x28 CMakeFiles/practica2_syscalls.dir/home/julietanilem/pico/pico-sdk/src/rp2_common/hardware_clocks/clocks.c.o
 .bss.drivers   0x20000750        0x4 CMakeFiles/practica2_syscalls.dir/home/julietanilem/pico/pico-sdk/src/rp2_common/pico_stdio/stdio.c.o
 .bss.filter    0x20000754        0x4 CMakeFiles/practica2_syscalls.dir/home/julietanilem/pico/pico-sdk/src/rp2_common/pico_stdio/stdio.c.o
 .bss.lazy_vsnprintf
                0x20000758        0x4 CMakeFiles/practica2_syscalls.dir/home/julietanilem/pico/pico-sdk/src/rp2_common/pico_printf/printf.c.o
 .bss.pools     0x2000075c       0x10 CMakeFiles/practica2_syscalls.dir/home/julietanilem/pico/pico-sdk/src/common/pico_time/time.c.o
 .bss.sf_clz_func
                0x2000076c        0x4 CMakeFiles/practica2_syscalls.dir/home/julietanilem/pico/pico-sdk/src/rp2_common/pico_double/double_init_rom_rp2040.c.o
                0x2000076c                sf_clz_func
 .bss.sleep_notifier
                0x20000770        0x4 CMakeFiles/practica2_syscalls.dir/home/julietanilem/pico/pico-sdk/src/common/pico_time/time.c.o
 *(COMMON)
                0x20000774                        . = ALIGN (0x4)
                0x20000774                        __bss_end__ = .

.heap           0x20000774      0x800 load address 0x10001ad8
                0x20000774                        __end__ = .
                0x20000774                        end = __end__
 *(.heap*)
 .heap          0x20000774      0x800 CMakeFiles/practica2_syscalls.dir/home/julietanilem/pico/pico-sdk/src/rp2_common/pico_crt0/crt0.S.o
                0x20040000                        __HeapLimit = (ORIGIN (RAM) + LENGTH (RAM))

.scratch_x      0x20040000        0x0 load address 0x10001ad8
                0x20040000                        __scratch_x_start__ = .
 *(.scratch_x.*)
                0x20040000                        . = ALIGN (0x4)
                0x20040000                        __scratch_x_end__ = .
                0x10001ad8                        __scratch_x_source__ = LOADADDR (.scratch_x)

.scratch_y      0x20041000        0x0 load address 0x10001ad8
                0x20041000                        __scratch_y_start__ = .
 *(.scratch_y.*)
                0x20041000                        . = ALIGN (0x4)
                0x20041000                        __scratch_y_end__ = .
                0x10001ad8                        __scratch_y_source__ = LOADADDR (.scratch_y)

.stack1_dummy
 *(.stack1*)

.stack_dummy    0x20041000      0x800
 *(.stack*)
 .stack         0x20041000      0x800 CMakeFiles/practica2_syscalls.dir/home/julietanilem/pico/pico-sdk/src/rp2_common/pico_crt0/crt0.S.o

.rel.dyn        0x20041800        0x0
 .rel.iplt      0x20041800        0x0 /usr/lib/gcc/arm-none-eabi/15.2.0/thumb/v6-m/nofp/crtbegin.o

.flash_end      0x10001ad8        0x0
 *(.embedded_end_block*)
                0x10001ad8                        PROVIDE (__flash_binary_end = .)
                0x20040000                        __StackLimit = (ORIGIN (RAM) + LENGTH (RAM))
                0x20041000                        __StackOneTop = (ORIGIN (SCRATCH_X) + LENGTH (SCRATCH_X))
                0x20042000                        __StackTop = (ORIGIN (SCRATCH_Y) + LENGTH (SCRATCH_Y))
                0x20041000                        __StackOneBottom = (__StackOneTop - SIZEOF (.stack1_dummy))
                0x20041800                        __StackBottom = (__StackTop - SIZEOF (.stack_dummy))
                0x20042000                        PROVIDE (__stack = __StackTop)
                [!provide]                        PROVIDE (__heap_start = __end__)
                [!provide]                        PROVIDE (__heap_end = __HeapLimit)
                [!provide]                        PROVIDE (__tls_align = MAX (ALIGNOF (.tdata), ALIGNOF (.tbss)))
                [!provide]                        PROVIDE (__tls_size_align = (((__tls_size + __tls_align) - 0x1) & ~ ((__tls_align - 0x1))))
                [!provide]                        PROVIDE (__arm32_tls_tcb_offset = MAX (0x8, __tls_align))
                [!provide]                        PROVIDE (_end = __end__)
                [!provide]                        PROVIDE (__llvm_libc_heap_limit = __HeapLimit)
                0x00000001                        ASSERT ((__StackLimit >= __HeapLimit), region RAM overflowed)
                0x00000001                        ASSERT (((__binary_info_header_end - __logical_binary_start) <= 0x100), Binary info must be in first 256 bytes of the binary)
LOAD CMakeFiles/practica2_syscalls.dir/main.c.o
LOAD CMakeFiles/practica2_syscalls.dir/kernel_drivers.c.o
LOAD CMakeFiles/practica2_syscalls.dir/kernel_service.c.o
LOAD CMakeFiles/practica2_syscalls.dir/svc_handler.s.o
LOAD CMakeFiles/practica2_syscalls.dir/user_app.c.o
LOAD CMakeFiles/practica2_syscalls.dir/syscalls.s.o
LOAD CMakeFiles/practica2_syscalls.dir/home/julietanilem/pico/pico-sdk/src/rp2_common/pico_stdlib/stdlib.c.o
LOAD CMakeFiles/practica2_syscalls.dir/home/julietanilem/pico/pico-sdk/src/rp2_common/hardware_gpio/gpio.c.o
LOAD CMakeFiles/practica2_syscalls.dir/home/julietanilem/pico/pico-sdk/src/rp2040/pico_platform/platform.c.o
LOAD CMakeFiles/practica2_syscalls.dir/home/julietanilem/pico/pico-sdk/src/rp2_common/pico_platform_common/common.c.o
LOAD CMakeFiles/practica2_syscalls.dir/home/julietanilem/pico/pico-sdk/src/rp2_common/pico_platform_panic/panic.c.o
LOAD CMakeFiles/practica2_syscalls.dir/home/julietanilem/pico/pico-sdk/src/common/hardware_claim/claim.c.o
LOAD CMakeFiles/practica2_syscalls.dir/home/julietanilem/pico/pico-sdk/src/rp2_common/hardware_sync/sync.c.o
LOAD CMakeFiles/practica2_syscalls.dir/home/julietanilem/pico/pico-sdk/src/rp2_common/hardware_sync_spin_lock/sync_spin_lock.c.o
LOAD CMakeFiles/practica2_syscalls.dir/home/julietanilem/pico/pico-sdk/src/rp2_common/hardware_irq/irq.c.o
LOAD CMakeFiles/practica2_syscalls.dir/home/julietanilem/pico/pico-sdk/src/rp2_common/hardware_irq/irq_handler_chain.S.o
LOAD CMakeFiles/practica2_syscalls.dir/home/julietanilem/pico/pico-sdk/src/common/pico_sync/sem.c.o
LOAD CMakeFiles/practica2_syscalls.dir/home/julietanilem/pico/pico-sdk/src/common/pico_sync/lock_core.c.o
LOAD CMakeFiles/practica2_syscalls.dir/home/julietanilem/pico/pico-sdk/src/common/pico_sync/mutex.c.o
LOAD CMakeFiles/practica2_syscalls.dir/home/julietanilem/pico/pico-sdk/src/common/pico_sync/critical_section.c.o
LOAD CMakeFiles/practica2_syscalls.dir/home/julietanilem/pico/pico-sdk/src/common/pico_time/time.c.o
LOAD CMakeFiles/practica2_syscalls.dir/home/julietanilem/pico/pico-sdk/src/common/pico_time/timeout_helper.c.o
LOAD CMakeFiles/practica2_syscalls.dir/home/julietanilem/pico/pico-sdk/src/rp2_common/hardware_timer/timer.c.o
LOAD CMakeFiles/practica2_syscalls.dir/home/julietanilem/pico/pico-sdk/src/common/pico_util/datetime.c.o
LOAD CMakeFiles/practica2_syscalls.dir/home/julietanilem/pico/pico-sdk/src/common/pico_util/pheap.c.o
LOAD CMakeFiles/practica2_syscalls.dir/home/julietanilem/pico/pico-sdk/src/common/pico_util/queue.c.o
LOAD CMakeFiles/practica2_syscalls.dir/home/julietanilem/pico/pico-sdk/src/rp2_common/hardware_uart/uart.c.o
LOAD CMakeFiles/practica2_syscalls.dir/home/julietanilem/pico/pico-sdk/src/rp2_common/hardware_clocks/clocks.c.o
LOAD CMakeFiles/practica2_syscalls.dir/home/julietanilem/pico/pico-sdk/src/rp2_common/hardware_pll/pll.c.o
LOAD CMakeFiles/practica2_syscalls.dir/home/julietanilem/pico/pico-sdk/src/rp2_common/hardware_vreg/vreg.c.o
LOAD CMakeFiles/practica2_syscalls.dir/home/julietanilem/pico/pico-sdk/src/rp2_common/hardware_watchdog/watchdog.c.o
LOAD CMakeFiles/practica2_syscalls.dir/home/julietanilem/pico/pico-sdk/src/rp2_common/hardware_ticks/ticks.c.o
LOAD CMakeFiles/practica2_syscalls.dir/home/julietanilem/pico/pico-sdk/src/rp2_common/pico_bootrom/bootrom.c.o
LOAD CMakeFiles/practica2_syscalls.dir/home/julietanilem/pico/pico-sdk/src/rp2_common/pico_bootrom/bootrom_lock.c.o
LOAD CMakeFiles/practica2_syscalls.dir/home/julietanilem/pico/pico-sdk/src/rp2_common/hardware_boot_lock/boot_lock.c.o
LOAD CMakeFiles/practica2_syscalls.dir/home/julietanilem/pico/pico-sdk/src/rp2_common/pico_flash/flash.c.o
LOAD CMakeFiles/practica2_syscalls.dir/home/julietanilem/pico/pico-sdk/src/rp2_common/hardware_xosc/xosc.c.o
LOAD CMakeFiles/practica2_syscalls.dir/home/julietanilem/pico/pico-sdk/src/rp2_common/hardware_divider/divider.S.o
LOAD CMakeFiles/practica2_syscalls.dir/home/julietanilem/pico/pico-sdk/src/rp2_common/pico_runtime/runtime.c.o
LOAD CMakeFiles/practica2_syscalls.dir/home/julietanilem/pico/pico-sdk/src/rp2_common/pico_runtime_init/runtime_init.c.o
LOAD CMakeFiles/practica2_syscalls.dir/home/julietanilem/pico/pico-sdk/src/rp2_common/pico_runtime_init/runtime_init_clocks.c.o
LOAD CMakeFiles/practica2_syscalls.dir/home/julietanilem/pico/pico-sdk/src/rp2_common/pico_runtime_init/runtime_init_stack_guard.c.o
LOAD CMakeFiles/practica2_syscalls.dir/home/julietanilem/pico/pico-sdk/src/rp2_common/pico_bit_ops/bit_ops_aeabi.S.o
LOAD CMakeFiles/practica2_syscalls.dir/home/julietanilem/pico/pico-sdk/src/rp2_common/pico_divider/divider_hardware.S.o
LOAD CMakeFiles/practica2_syscalls.dir/home/julietanilem/pico/pico-sdk/src/rp2_common/pico_double/double_aeabi_rp2040.S.o
LOAD CMakeFiles/practica2_syscalls.dir/home/julietanilem/pico/pico-sdk/src/rp2_common/pico_double/double_init_rom_rp2040.c.o
LOAD CMakeFiles/practica2_syscalls.dir/home/julietanilem/pico/pico-sdk/src/rp2_common/pico_double/double_math.c.o
LOAD CMakeFiles/practica2_syscalls.dir/home/julietanilem/pico/pico-sdk/src/rp2_common/pico_double/double_v1_rom_shim_rp2040.S.o
LOAD CMakeFiles/practica2_syscalls.dir/home/julietanilem/pico/pico-sdk/src/rp2_common/pico_int64_ops/pico_int64_ops_aeabi.S.o
LOAD CMakeFiles/practica2_syscalls.dir/home/julietanilem/pico/pico-sdk/src/rp2_common/pico_float/float_aeabi_rp2040.S.o
LOAD CMakeFiles/practica2_syscalls.dir/home/julietanilem/pico/pico-sdk/src/rp2_common/pico_float/float_init_rom_rp2040.c.o
LOAD CMakeFiles/practica2_syscalls.dir/home/julietanilem/pico/pico-sdk/src/rp2_common/pico_float/float_math.c.o
LOAD CMakeFiles/practica2_syscalls.dir/home/julietanilem/pico/pico-sdk/src/rp2_common/pico_float/float_v1_rom_shim_rp2040.S.o
LOAD CMakeFiles/practica2_syscalls.dir/home/julietanilem/pico/pico-sdk/src/rp2_common/pico_malloc/malloc.c.o
LOAD CMakeFiles/practica2_syscalls.dir/home/julietanilem/pico/pico-sdk/src/rp2_common/pico_mem_ops/mem_ops_aeabi.S.o
LOAD CMakeFiles/practica2_syscalls.dir/home/julietanilem/pico/pico-sdk/src/rp2_common/pico_atomic/atomic.c.o
LOAD CMakeFiles/practica2_syscalls.dir/home/julietanilem/pico/pico-sdk/src/rp2_common/pico_cxx_options/new_delete.cpp.o
LOAD CMakeFiles/practica2_syscalls.dir/home/julietanilem/pico/pico-sdk/src/rp2_common/pico_standard_binary_info/standard_binary_info.c.o
LOAD CMakeFiles/practica2_syscalls.dir/home/julietanilem/pico/pico-sdk/src/rp2_common/pico_printf/printf.c.o
LOAD CMakeFiles/practica2_syscalls.dir/home/julietanilem/pico/pico-sdk/src/rp2_common/pico_crt0/crt0.S.o
LOAD CMakeFiles/practica2_syscalls.dir/home/julietanilem/pico/pico-sdk/src/rp2_common/pico_clib_interface/newlib_interface.c.o
LOAD CMakeFiles/practica2_syscalls.dir/home/julietanilem/pico/pico-sdk/src/rp2_common/pico_stdio/stdio.c.o
LOAD CMakeFiles/practica2_syscalls.dir/home/julietanilem/pico/pico-sdk/src/rp2_common/pico_stdio_uart/stdio_uart.c.o
LOAD CMakeFiles/practica2_syscalls.dir/home/julietanilem/pico/pico-sdk/src/rp2_common/hardware_exception/exception.c.o
LOAD pico-sdk/src/rp2040/boot_stage2/CMakeFiles/bs2_default_library.dir/bs2_default_padded_checksummed.S.o
LOAD /usr/lib/gcc/arm-none-eabi/15.2.0/../../../../arm-none-eabi/lib/thumb/v6-m/nofp/libstdc++.a
LOAD /usr/lib/gcc/arm-none-eabi/15.2.0/../../../../arm-none-eabi/lib/thumb/v6-m/nofp/libm.a
START GROUP
LOAD /usr/lib/gcc/arm-none-eabi/15.2.0/thumb/v6-m/nofp/libgcc.a
LOAD /usr/lib/gcc/arm-none-eabi/15.2.0/../../../../arm-none-eabi/lib/thumb/v6-m/nofp/libg.a
LOAD /usr/lib/gcc/arm-none-eabi/15.2.0/../../../../arm-none-eabi/lib/thumb/v6-m/nofp/libc.a
END GROUP
START GROUP
LOAD /usr/lib/gcc/arm-none-eabi/15.2.0/thumb/v6-m/nofp/libgcc.a
LOAD /usr/lib/gcc/arm-none-eabi/15.2.0/../../../../arm-none-eabi/lib/thumb/v6-m/nofp/libc.a
LOAD /usr/lib/gcc/arm-none-eabi/15.2.0/../../../../arm-none-eabi/lib/thumb/v6-m/nofp/libnosys.a
END GROUP
LOAD /usr/lib/gcc/arm-none-eabi/15.2.0/thumb/v6-m/nofp/crtend.o
LOAD /usr/lib/gcc/arm-none-eabi/15.2.0/thumb/v6-m/nofp/crtn.o
OUTPUT(practica2_syscalls.elf elf32-littlearm)
LOAD linker stubs

.ARM.attributes
                0x00000000       0x28
 .ARM.attributes
                0x00000000       0x1e /usr/lib/gcc/arm-none-eabi/15.2.0/thumb/v6-m/nofp/crti.o
 .ARM.attributes
                0x0000001e       0x2c /usr/lib/gcc/arm-none-eabi/15.2.0/thumb/v6-m/nofp/crtbegin.o
 .ARM.attributes
                0x0000004a       0x2c CMakeFiles/practica2_syscalls.dir/main.c.o
 .ARM.attributes
                0x00000076       0x2c CMakeFiles/practica2_syscalls.dir/kernel_drivers.c.o
 .ARM.attributes
                0x000000a2       0x2c CMakeFiles/practica2_syscalls.dir/kernel_service.c.o
 .ARM.attributes
                0x000000ce       0x22 CMakeFiles/practica2_syscalls.dir/svc_handler.s.o
 .ARM.attributes
                0x000000f0       0x2c CMakeFiles/practica2_syscalls.dir/user_app.c.o
 .ARM.attributes
                0x0000011c       0x22 CMakeFiles/practica2_syscalls.dir/syscalls.s.o
 .ARM.attributes
                0x0000013e       0x2c CMakeFiles/practica2_syscalls.dir/home/julietanilem/pico/pico-sdk/src/rp2_common/pico_platform_panic/panic.c.o
 .ARM.attributes
                0x0000016a       0x2c CMakeFiles/practica2_syscalls.dir/home/julietanilem/pico/pico-sdk/src/common/hardware_claim/claim.c.o
 .ARM.attributes
                0x00000196       0x2c CMakeFiles/practica2_syscalls.dir/home/julietanilem/pico/pico-sdk/src/rp2_common/hardware_sync/sync.c.o
 .ARM.attributes
                0x000001c2       0x2c CMakeFiles/practica2_syscalls.dir/home/julietanilem/pico/pico-sdk/src/rp2_common/hardware_sync_spin_lock/sync_spin_lock.c.o
 .ARM.attributes
                0x000001ee       0x2c CMakeFiles/practica2_syscalls.dir/home/julietanilem/pico/pico-sdk/src/rp2_common/hardware_irq/irq.c.o
 .ARM.attributes
                0x0000021a       0x2c CMakeFiles/practica2_syscalls.dir/home/julietanilem/pico/pico-sdk/src/common/pico_sync/lock_core.c.o
 .ARM.attributes
                0x00000246       0x2c CMakeFiles/practica2_syscalls.dir/home/julietanilem/pico/pico-sdk/src/common/pico_sync/mutex.c.o
 .ARM.attributes
                0x00000272       0x2c CMakeFiles/practica2_syscalls.dir/home/julietanilem/pico/pico-sdk/src/common/pico_time/time.c.o
 .ARM.attributes
                0x0000029e       0x2c CMakeFiles/practica2_syscalls.dir/home/julietanilem/pico/pico-sdk/src/rp2_common/hardware_timer/timer.c.o
 .ARM.attributes
                0x000002ca       0x2c CMakeFiles/practica2_syscalls.dir/home/julietanilem/pico/pico-sdk/src/rp2_common/hardware_clocks/clocks.c.o
 .ARM.attributes
                0x000002f6       0x2c CMakeFiles/practica2_syscalls.dir/home/julietanilem/pico/pico-sdk/src/rp2_common/hardware_pll/pll.c.o
 .ARM.attributes
                0x00000322       0x2c CMakeFiles/practica2_syscalls.dir/home/julietanilem/pico/pico-sdk/src/rp2_common/hardware_ticks/ticks.c.o
 .ARM.attributes
                0x0000034e       0x2c CMakeFiles/practica2_syscalls.dir/home/julietanilem/pico/pico-sdk/src/rp2_common/pico_bootrom/bootrom.c.o
 .ARM.attributes
                0x0000037a       0x2c CMakeFiles/practica2_syscalls.dir/home/julietanilem/pico/pico-sdk/src/rp2_common/hardware_xosc/xosc.c.o
 .ARM.attributes
                0x000003a6       0x2c CMakeFiles/practica2_syscalls.dir/home/julietanilem/pico/pico-sdk/src/rp2_common/pico_runtime/runtime.c.o
 .ARM.attributes
                0x000003d2       0x2c CMakeFiles/practica2_syscalls.dir/home/julietanilem/pico/pico-sdk/src/rp2_common/pico_runtime_init/runtime_init.c.o
 .ARM.attributes
                0x000003fe       0x2c CMakeFiles/practica2_syscalls.dir/home/julietanilem/pico/pico-sdk/src/rp2_common/pico_runtime_init/runtime_init_clocks.c.o
 .ARM.attributes
                0x0000042a       0x22 CMakeFiles/practica2_syscalls.dir/home/julietanilem/pico/pico-sdk/src/rp2_common/pico_bit_ops/bit_ops_aeabi.S.o
 .ARM.attributes
                0x0000044c       0x22 CMakeFiles/practica2_syscalls.dir/home/julietanilem/pico/pico-sdk/src/rp2_common/pico_divider/divider_hardware.S.o
 .ARM.attributes
                0x0000046e       0x22 CMakeFiles/practica2_syscalls.dir/home/julietanilem/pico/pico-sdk/src/rp2_common/pico_double/double_aeabi_rp2040.S.o
 .ARM.attributes
                0x00000490       0x2c CMakeFiles/practica2_syscalls.dir/home/julietanilem/pico/pico-sdk/src/rp2_common/pico_double/double_init_rom_rp2040.c.o
 .ARM.attributes
                0x000004bc       0x22 CMakeFiles/practica2_syscalls.dir/home/julietanilem/pico/pico-sdk/src/rp2_common/pico_double/double_v1_rom_shim_rp2040.S.o
 .ARM.attributes
                0x000004de       0x22 CMakeFiles/practica2_syscalls.dir/home/julietanilem/pico/pico-sdk/src/rp2_common/pico_float/float_aeabi_rp2040.S.o
 .ARM.attributes
                0x00000500       0x2c CMakeFiles/practica2_syscalls.dir/home/julietanilem/pico/pico-sdk/src/rp2_common/pico_float/float_init_rom_rp2040.c.o
 .ARM.attributes
                0x0000052c       0x22 CMakeFiles/practica2_syscalls.dir/home/julietanilem/pico/pico-sdk/src/rp2_common/pico_float/float_v1_rom_shim_rp2040.S.o
 .ARM.attributes
                0x0000054e       0x22 CMakeFiles/practica2_syscalls.dir/home/julietanilem/pico/pico-sdk/src/rp2_common/pico_mem_ops/mem_ops_aeabi.S.o
 .ARM.attributes
                0x00000570       0x2c CMakeFiles/practica2_syscalls.dir/home/julietanilem/pico/pico-sdk/src/rp2_common/pico_standard_binary_info/standard_binary_info.c.o
 .ARM.attributes
                0x0000059c       0x2c CMakeFiles/practica2_syscalls.dir/home/julietanilem/pico/pico-sdk/src/rp2_common/pico_printf/printf.c.o
 .ARM.attributes
                0x000005c8       0x22 CMakeFiles/practica2_syscalls.dir/home/julietanilem/pico/pico-sdk/src/rp2_common/pico_crt0/crt0.S.o
 .ARM.attributes
                0x000005ea       0x2c CMakeFiles/practica2_syscalls.dir/home/julietanilem/pico/pico-sdk/src/rp2_common/pico_clib_interface/newlib_interface.c.o
 .ARM.attributes
                0x00000616       0x2c CMakeFiles/practica2_syscalls.dir/home/julietanilem/pico/pico-sdk/src/rp2_common/pico_stdio/stdio.c.o
 .ARM.attributes
                0x00000642       0x2c CMakeFiles/practica2_syscalls.dir/home/julietanilem/pico/pico-sdk/src/rp2_common/hardware_exception/exception.c.o
 .ARM.attributes
                0x0000066e       0x22 pico-sdk/src/rp2040/boot_stage2/CMakeFiles/bs2_default_library.dir/bs2_default_padded_checksummed.S.o
 .ARM.attributes
                0x00000690       0x1e /usr/lib/gcc/arm-none-eabi/15.2.0/thumb/v6-m/nofp/libgcc.a(_dvmd_tls.o)
 .ARM.attributes
                0x000006ae       0x2c /usr/lib/gcc/arm-none-eabi/15.2.0/../../../../arm-none-eabi/lib/thumb/v6-m/nofp/libg.a(libc_a-atexit.o)
 .ARM.attributes
                0x000006da       0x2c /usr/lib/gcc/arm-none-eabi/15.2.0/../../../../arm-none-eabi/lib/thumb/v6-m/nofp/libg.a(libc_a-fini.o)
 .ARM.attributes
                0x00000706       0x2c /usr/lib/gcc/arm-none-eabi/15.2.0/../../../../arm-none-eabi/lib/thumb/v6-m/nofp/libg.a(libc_a-lock.o)
 .ARM.attributes
                0x00000732       0x2c /usr/lib/gcc/arm-none-eabi/15.2.0/../../../../arm-none-eabi/lib/thumb/v6-m/nofp/libg.a(libc_a-strlen-stub.o)
 .ARM.attributes
                0x0000075e       0x2c /usr/lib/gcc/arm-none-eabi/15.2.0/../../../../arm-none-eabi/lib/thumb/v6-m/nofp/libg.a(libc_a-__atexit.o)
 .ARM.attributes
                0x0000078a       0x2c /usr/lib/gcc/arm-none-eabi/15.2.0/../../../../arm-none-eabi/lib/thumb/v6-m/nofp/libg.a(libc_a-__call_atexit.o)
 .ARM.attributes
                0x000007b6       0x2c /usr/lib/gcc/arm-none-eabi/15.2.0/thumb/v6-m/nofp/crtend.o

.comment        0x00000000       0x46
 .comment       0x00000000       0x46 /usr/lib/gcc/arm-none-eabi/15.2.0/thumb/v6-m/nofp/crtbegin.o
                                 0x24 (size before relaxing)
 .comment       0x00000046        0x0 CMakeFiles/practica2_syscalls.dir/main.c.o
                                 0x24 (size before relaxing)
 .comment       0x00000046        0x0 CMakeFiles/practica2_syscalls.dir/kernel_drivers.c.o
                                 0x24 (size before relaxing)
 .comment       0x00000046        0x0 CMakeFiles/practica2_syscalls.dir/kernel_service.c.o
                                 0x24 (size before relaxing)
 .comment       0x00000046        0x0 CMakeFiles/practica2_syscalls.dir/user_app.c.o
                                 0x24 (size before relaxing)
 .comment       0x00000046        0x0 CMakeFiles/practica2_syscalls.dir/home/julietanilem/pico/pico-sdk/src/rp2_common/pico_platform_panic/panic.c.o
                                 0x24 (size before relaxing)
 .comment       0x00000046        0x0 CMakeFiles/practica2_syscalls.dir/home/julietanilem/pico/pico-sdk/src/common/hardware_claim/claim.c.o
                                 0x24 (size before relaxing)
 .comment       0x00000046        0x0 CMakeFiles/practica2_syscalls.dir/home/julietanilem/pico/pico-sdk/src/rp2_common/hardware_sync/sync.c.o
                                 0x24 (size before relaxing)
 .comment       0x00000046        0x0 CMakeFiles/practica2_syscalls.dir/home/julietanilem/pico/pico-sdk/src/rp2_common/hardware_sync_spin_lock/sync_spin_lock.c.o
                                 0x24 (size before relaxing)
 .comment       0x00000046        0x0 CMakeFiles/practica2_syscalls.dir/home/julietanilem/pico/pico-sdk/src/rp2_common/hardware_irq/irq.c.o
                                 0x24 (size before relaxing)
 .comment       0x00000046        0x0 CMakeFiles/practica2_syscalls.dir/home/julietanilem/pico/pico-sdk/src/common/pico_sync/lock_core.c.o
                                 0x24 (size before relaxing)
 .comment       0x00000046        0x0 CMakeFiles/practica2_syscalls.dir/home/julietanilem/pico/pico-sdk/src/common/pico_sync/mutex.c.o
                                 0x24 (size before relaxing)
 .comment       0x00000046        0x0 CMakeFiles/practica2_syscalls.dir/home/julietanilem/pico/pico-sdk/src/common/pico_time/time.c.o
                                 0x24 (size before relaxing)
 .comment       0x00000046        0x0 CMakeFiles/practica2_syscalls.dir/home/julietanilem/pico/pico-sdk/src/rp2_common/hardware_timer/timer.c.o
                                 0x24 (size before relaxing)
 .comment       0x00000046        0x0 CMakeFiles/practica2_syscalls.dir/home/julietanilem/pico/pico-sdk/src/rp2_common/hardware_clocks/clocks.c.o
                                 0x24 (size before relaxing)
 .comment       0x00000046        0x0 CMakeFiles/practica2_syscalls.dir/home/julietanilem/pico/pico-sdk/src/rp2_common/hardware_pll/pll.c.o
                                 0x24 (size before relaxing)
 .comment       0x00000046        0x0 CMakeFiles/practica2_syscalls.dir/home/julietanilem/pico/pico-sdk/src/rp2_common/hardware_ticks/ticks.c.o
                                 0x24 (size before relaxing)
 .comment       0x00000046        0x0 CMakeFiles/practica2_syscalls.dir/home/julietanilem/pico/pico-sdk/src/rp2_common/pico_bootrom/bootrom.c.o
                                 0x24 (size before relaxing)
 .comment       0x00000046        0x0 CMakeFiles/practica2_syscalls.dir/home/julietanilem/pico/pico-sdk/src/rp2_common/hardware_xosc/xosc.c.o
                                 0x24 (size before relaxing)
 .comment       0x00000046        0x0 CMakeFiles/practica2_syscalls.dir/home/julietanilem/pico/pico-sdk/src/rp2_common/pico_runtime/runtime.c.o
                                 0x24 (size before relaxing)
 .comment       0x00000046        0x0 CMakeFiles/practica2_syscalls.dir/home/julietanilem/pico/pico-sdk/src/rp2_common/pico_runtime_init/runtime_init.c.o
                                 0x24 (size before relaxing)
 .comment       0x00000046        0x0 CMakeFiles/practica2_syscalls.dir/home/julietanilem/pico/pico-sdk/src/rp2_common/pico_runtime_init/runtime_init_clocks.c.o
                                 0x24 (size before relaxing)
 .comment       0x00000046        0x0 CMakeFiles/practica2_syscalls.dir/home/julietanilem/pico/pico-sdk/src/rp2_common/pico_double/double_init_rom_rp2040.c.o
                                 0x24 (size before relaxing)
 .comment       0x00000046        0x0 CMakeFiles/practica2_syscalls.dir/home/julietanilem/pico/pico-sdk/src/rp2_common/pico_float/float_init_rom_rp2040.c.o
                                 0x24 (size before relaxing)
 .comment       0x00000046        0x0 CMakeFiles/practica2_syscalls.dir/home/julietanilem/pico/pico-sdk/src/rp2_common/pico_standard_binary_info/standard_binary_info.c.o
                                 0x24 (size before relaxing)
 .comment       0x00000046        0x0 CMakeFiles/practica2_syscalls.dir/home/julietanilem/pico/pico-sdk/src/rp2_common/pico_printf/printf.c.o
                                 0x24 (size before relaxing)
 .comment       0x00000046        0x0 CMakeFiles/practica2_syscalls.dir/home/julietanilem/pico/pico-sdk/src/rp2_common/pico_clib_interface/newlib_interface.c.o
                                 0x24 (size before relaxing)
 .comment       0x00000046        0x0 CMakeFiles/practica2_syscalls.dir/home/julietanilem/pico/pico-sdk/src/rp2_common/pico_stdio/stdio.c.o
                                 0x24 (size before relaxing)
 .comment       0x00000046        0x0 CMakeFiles/practica2_syscalls.dir/home/julietanilem/pico/pico-sdk/src/rp2_common/hardware_exception/exception.c.o
                                 0x24 (size before relaxing)
 .comment       0x00000046        0x0 /usr/lib/gcc/arm-none-eabi/15.2.0/../../../../arm-none-eabi/lib/thumb/v6-m/nofp/libg.a(libc_a-atexit.o)
                                 0x24 (size before relaxing)
 .comment       0x00000046        0x0 /usr/lib/gcc/arm-none-eabi/15.2.0/../../../../arm-none-eabi/lib/thumb/v6-m/nofp/libg.a(libc_a-fini.o)
                                 0x24 (size before relaxing)
 .comment       0x00000046        0x0 /usr/lib/gcc/arm-none-eabi/15.2.0/../../../../arm-none-eabi/lib/thumb/v6-m/nofp/libg.a(libc_a-lock.o)
                                 0x24 (size before relaxing)
 .comment       0x00000046        0x0 /usr/lib/gcc/arm-none-eabi/15.2.0/../../../../arm-none-eabi/lib/thumb/v6-m/nofp/libg.a(libc_a-strlen-stub.o)
                                 0x24 (size before relaxing)
 .comment       0x00000046        0x0 /usr/lib/gcc/arm-none-eabi/15.2.0/../../../../arm-none-eabi/lib/thumb/v6-m/nofp/libg.a(libc_a-__atexit.o)
                                 0x24 (size before relaxing)
 .comment       0x00000046        0x0 /usr/lib/gcc/arm-none-eabi/15.2.0/../../../../arm-none-eabi/lib/thumb/v6-m/nofp/libg.a(libc_a-__call_atexit.o)
                                 0x24 (size before relaxing)
 .comment       0x00000046        0x0 /usr/lib/gcc/arm-none-eabi/15.2.0/thumb/v6-m/nofp/crtend.o
                                 0x24 (size before relaxing)

.debug_info     0x00000000    0x18d25
 .debug_info    0x00000000      0x123 CMakeFiles/practica2_syscalls.dir/main.c.o
 .debug_info    0x00000123      0x147 CMakeFiles/practica2_syscalls.dir/kernel_drivers.c.o
 .debug_info    0x0000026a      0x162 CMakeFiles/practica2_syscalls.dir/kernel_service.c.o
 .debug_info    0x000003cc       0x24 CMakeFiles/practica2_syscalls.dir/svc_handler.s.o
 .debug_info    0x000003f0      0x24f CMakeFiles/practica2_syscalls.dir/user_app.c.o
 .debug_info    0x0000063f       0x24 CMakeFiles/practica2_syscalls.dir/syscalls.s.o
 .debug_info    0x00000663      0x1c4 CMakeFiles/practica2_syscalls.dir/home/julietanilem/pico/pico-sdk/src/rp2_common/pico_platform_panic/panic.c.o
 .debug_info    0x00000827      0x98d CMakeFiles/practica2_syscalls.dir/home/julietanilem/pico/pico-sdk/src/common/hardware_claim/claim.c.o
 .debug_info    0x000011b4      0x464 CMakeFiles/practica2_syscalls.dir/home/julietanilem/pico/pico-sdk/src/rp2_common/hardware_sync/sync.c.o
 .debug_info    0x00001618      0x24a CMakeFiles/practica2_syscalls.dir/home/julietanilem/pico/pico-sdk/src/rp2_common/hardware_sync_spin_lock/sync_spin_lock.c.o
 .debug_info    0x00001862     0x21c3 CMakeFiles/practica2_syscalls.dir/home/julietanilem/pico/pico-sdk/src/rp2_common/hardware_irq/irq.c.o
 .debug_info    0x00003a25      0x164 CMakeFiles/practica2_syscalls.dir/home/julietanilem/pico/pico-sdk/src/common/pico_sync/lock_core.c.o
 .debug_info    0x00003b89     0x278b CMakeFiles/practica2_syscalls.dir/home/julietanilem/pico/pico-sdk/src/common/pico_sync/mutex.c.o
 .debug_info    0x00006314     0x4f44 CMakeFiles/practica2_syscalls.dir/home/julietanilem/pico/pico-sdk/src/common/pico_time/time.c.o
 .debug_info    0x0000b258     0x2aa7 CMakeFiles/practica2_syscalls.dir/home/julietanilem/pico/pico-sdk/src/rp2_common/hardware_timer/timer.c.o
 .debug_info    0x0000dcff     0x299f CMakeFiles/practica2_syscalls.dir/home/julietanilem/pico/pico-sdk/src/rp2_common/hardware_clocks/clocks.c.o
 .debug_info    0x0001069e      0x4f5 CMakeFiles/practica2_syscalls.dir/home/julietanilem/pico/pico-sdk/src/rp2_common/hardware_pll/pll.c.o
 .debug_info    0x00010b93      0x24d CMakeFiles/practica2_syscalls.dir/home/julietanilem/pico/pico-sdk/src/rp2_common/hardware_ticks/ticks.c.o
 .debug_info    0x00010de0      0x65f CMakeFiles/practica2_syscalls.dir/home/julietanilem/pico/pico-sdk/src/rp2_common/pico_bootrom/bootrom.c.o
 .debug_info    0x0001143f      0x1d5 CMakeFiles/practica2_syscalls.dir/home/julietanilem/pico/pico-sdk/src/rp2_common/hardware_xosc/xosc.c.o
 .debug_info    0x00011614      0x20b CMakeFiles/practica2_syscalls.dir/home/julietanilem/pico/pico-sdk/src/rp2_common/pico_runtime/runtime.c.o
 .debug_info    0x0001181f      0x7ef CMakeFiles/practica2_syscalls.dir/home/julietanilem/pico/pico-sdk/src/rp2_common/pico_runtime_init/runtime_init.c.o
 .debug_info    0x0001200e      0x786 CMakeFiles/practica2_syscalls.dir/home/julietanilem/pico/pico-sdk/src/rp2_common/pico_runtime_init/runtime_init_clocks.c.o
 .debug_info    0x00012794       0x23 CMakeFiles/practica2_syscalls.dir/home/julietanilem/pico/pico-sdk/src/rp2_common/pico_bit_ops/bit_ops_aeabi.S.o
 .debug_info    0x000127b7       0x23 CMakeFiles/practica2_syscalls.dir/home/julietanilem/pico/pico-sdk/src/rp2_common/pico_divider/divider_hardware.S.o
 .debug_info    0x000127da       0x23 CMakeFiles/practica2_syscalls.dir/home/julietanilem/pico/pico-sdk/src/rp2_common/pico_double/double_aeabi_rp2040.S.o
 .debug_info    0x000127fd      0x283 CMakeFiles/practica2_syscalls.dir/home/julietanilem/pico/pico-sdk/src/rp2_common/pico_double/double_init_rom_rp2040.c.o
 .debug_info    0x00012a80       0x23 CMakeFiles/practica2_syscalls.dir/home/julietanilem/pico/pico-sdk/src/rp2_common/pico_double/double_v1_rom_shim_rp2040.S.o
 .debug_info    0x00012aa3       0x23 CMakeFiles/practica2_syscalls.dir/home/julietanilem/pico/pico-sdk/src/rp2_common/pico_float/float_aeabi_rp2040.S.o
 .debug_info    0x00012ac6      0x283 CMakeFiles/practica2_syscalls.dir/home/julietanilem/pico/pico-sdk/src/rp2_common/pico_float/float_init_rom_rp2040.c.o
 .debug_info    0x00012d49       0x23 CMakeFiles/practica2_syscalls.dir/home/julietanilem/pico/pico-sdk/src/rp2_common/pico_float/float_v1_rom_shim_rp2040.S.o
 .debug_info    0x00012d6c       0x23 CMakeFiles/practica2_syscalls.dir/home/julietanilem/pico/pico-sdk/src/rp2_common/pico_mem_ops/mem_ops_aeabi.S.o
 .debug_info    0x00012d8f      0x2bd CMakeFiles/practica2_syscalls.dir/home/julietanilem/pico/pico-sdk/src/rp2_common/pico_standard_binary_info/standard_binary_info.c.o
 .debug_info    0x0001304c     0x230c CMakeFiles/practica2_syscalls.dir/home/julietanilem/pico/pico-sdk/src/rp2_common/pico_printf/printf.c.o
 .debug_info    0x00015358       0x23 CMakeFiles/practica2_syscalls.dir/home/julietanilem/pico/pico-sdk/src/rp2_common/pico_crt0/crt0.S.o
 .debug_info    0x0001537b      0xba8 CMakeFiles/practica2_syscalls.dir/home/julietanilem/pico/pico-sdk/src/rp2_common/pico_clib_interface/newlib_interface.c.o
 .debug_info    0x00015f23     0x1cbd CMakeFiles/practica2_syscalls.dir/home/julietanilem/pico/pico-sdk/src/rp2_common/pico_stdio/stdio.c.o
 .debug_info    0x00017be0      0x6b5 CMakeFiles/practica2_syscalls.dir/home/julietanilem/pico/pico-sdk/src/rp2_common/hardware_exception/exception.c.o
 .debug_info    0x00018295       0x3c /usr/lib/gcc/arm-none-eabi/15.2.0/thumb/v6-m/nofp/libgcc.a(_dvmd_tls.o)
 .debug_info    0x000182d1      0x11e /usr/lib/gcc/arm-none-eabi/15.2.0/../../../../arm-none-eabi/lib/thumb/v6-m/nofp/libg.a(libc_a-atexit.o)
 .debug_info    0x000183ef       0xf7 /usr/lib/gcc/arm-none-eabi/15.2.0/../../../../arm-none-eabi/lib/thumb/v6-m/nofp/libg.a(libc_a-fini.o)
 .debug_info    0x000184e6      0x218 /usr/lib/gcc/arm-none-eabi/15.2.0/../../../../arm-none-eabi/lib/thumb/v6-m/nofp/libg.a(libc_a-lock.o)
 .debug_info    0x000186fe       0xeb /usr/lib/gcc/arm-none-eabi/15.2.0/../../../../arm-none-eabi/lib/thumb/v6-m/nofp/libg.a(libc_a-strlen-stub.o)
 .debug_info    0x000187e9      0x25f /usr/lib/gcc/arm-none-eabi/15.2.0/../../../../arm-none-eabi/lib/thumb/v6-m/nofp/libg.a(libc_a-__atexit.o)
 .debug_info    0x00018a48      0x2dd /usr/lib/gcc/arm-none-eabi/15.2.0/../../../../arm-none-eabi/lib/thumb/v6-m/nofp/libg.a(libc_a-__call_atexit.o)

.debug_abbrev   0x00000000     0x50fe
 .debug_abbrev  0x00000000       0xd8 CMakeFiles/practica2_syscalls.dir/main.c.o
 .debug_abbrev  0x000000d8       0xfd CMakeFiles/practica2_syscalls.dir/kernel_drivers.c.o
 .debug_abbrev  0x000001d5       0xf1 CMakeFiles/practica2_syscalls.dir/kernel_service.c.o
 .debug_abbrev  0x000002c6       0x14 CMakeFiles/practica2_syscalls.dir/svc_handler.s.o
 .debug_abbrev  0x000002da      0x10a CMakeFiles/practica2_syscalls.dir/user_app.c.o
 .debug_abbrev  0x000003e4       0x14 CMakeFiles/practica2_syscalls.dir/syscalls.s.o
 .debug_abbrev  0x000003f8      0x131 CMakeFiles/practica2_syscalls.dir/home/julietanilem/pico/pico-sdk/src/rp2_common/pico_platform_panic/panic.c.o
 .debug_abbrev  0x00000529      0x326 CMakeFiles/practica2_syscalls.dir/home/julietanilem/pico/pico-sdk/src/common/hardware_claim/claim.c.o
 .debug_abbrev  0x0000084f      0x215 CMakeFiles/practica2_syscalls.dir/home/julietanilem/pico/pico-sdk/src/rp2_common/hardware_sync/sync.c.o
 .debug_abbrev  0x00000a64      0x1c1 CMakeFiles/practica2_syscalls.dir/home/julietanilem/pico/pico-sdk/src/rp2_common/hardware_sync_spin_lock/sync_spin_lock.c.o
 .debug_abbrev  0x00000c25      0x62f CMakeFiles/practica2_syscalls.dir/home/julietanilem/pico/pico-sdk/src/rp2_common/hardware_irq/irq.c.o
 .debug_abbrev  0x00001254       0xf4 CMakeFiles/practica2_syscalls.dir/home/julietanilem/pico/pico-sdk/src/common/pico_sync/lock_core.c.o
 .debug_abbrev  0x00001348      0x481 CMakeFiles/practica2_syscalls.dir/home/julietanilem/pico/pico-sdk/src/common/pico_sync/mutex.c.o
 .debug_abbrev  0x000017c9      0x65f CMakeFiles/practica2_syscalls.dir/home/julietanilem/pico/pico-sdk/src/common/pico_time/time.c.o
 .debug_abbrev  0x00001e28      0x4fa CMakeFiles/practica2_syscalls.dir/home/julietanilem/pico/pico-sdk/src/rp2_common/hardware_timer/timer.c.o
 .debug_abbrev  0x00002322      0x500 CMakeFiles/practica2_syscalls.dir/home/julietanilem/pico/pico-sdk/src/rp2_common/hardware_clocks/clocks.c.o
 .debug_abbrev  0x00002822      0x1dc CMakeFiles/practica2_syscalls.dir/home/julietanilem/pico/pico-sdk/src/rp2_common/hardware_pll/pll.c.o
 .debug_abbrev  0x000029fe      0x14b CMakeFiles/practica2_syscalls.dir/home/julietanilem/pico/pico-sdk/src/rp2_common/hardware_ticks/ticks.c.o
 .debug_abbrev  0x00002b49      0x1c2 CMakeFiles/practica2_syscalls.dir/home/julietanilem/pico/pico-sdk/src/rp2_common/pico_bootrom/bootrom.c.o
 .debug_abbrev  0x00002d0b      0x123 CMakeFiles/practica2_syscalls.dir/home/julietanilem/pico/pico-sdk/src/rp2_common/hardware_xosc/xosc.c.o
 .debug_abbrev  0x00002e2e      0x176 CMakeFiles/practica2_syscalls.dir/home/julietanilem/pico/pico-sdk/src/rp2_common/pico_runtime/runtime.c.o
 .debug_abbrev  0x00002fa4      0x271 CMakeFiles/practica2_syscalls.dir/home/julietanilem/pico/pico-sdk/src/rp2_common/pico_runtime_init/runtime_init.c.o
 .debug_abbrev  0x00003215      0x2b5 CMakeFiles/practica2_syscalls.dir/home/julietanilem/pico/pico-sdk/src/rp2_common/pico_runtime_init/runtime_init_clocks.c.o
 .debug_abbrev  0x000034ca       0x12 CMakeFiles/practica2_syscalls.dir/home/julietanilem/pico/pico-sdk/src/rp2_common/pico_bit_ops/bit_ops_aeabi.S.o
 .debug_abbrev  0x000034dc       0x12 CMakeFiles/practica2_syscalls.dir/home/julietanilem/pico/pico-sdk/src/rp2_common/pico_divider/divider_hardware.S.o
 .debug_abbrev  0x000034ee       0x12 CMakeFiles/practica2_syscalls.dir/home/julietanilem/pico/pico-sdk/src/rp2_common/pico_double/double_aeabi_rp2040.S.o
 .debug_abbrev  0x00003500      0x180 CMakeFiles/practica2_syscalls.dir/home/julietanilem/pico/pico-sdk/src/rp2_common/pico_double/double_init_rom_rp2040.c.o
 .debug_abbrev  0x00003680       0x12 CMakeFiles/practica2_syscalls.dir/home/julietanilem/pico/pico-sdk/src/rp2_common/pico_double/double_v1_rom_shim_rp2040.S.o
 .debug_abbrev  0x00003692       0x12 CMakeFiles/practica2_syscalls.dir/home/julietanilem/pico/pico-sdk/src/rp2_common/pico_float/float_aeabi_rp2040.S.o
 .debug_abbrev  0x000036a4      0x179 CMakeFiles/practica2_syscalls.dir/home/julietanilem/pico/pico-sdk/src/rp2_common/pico_float/float_init_rom_rp2040.c.o
 .debug_abbrev  0x0000381d       0x12 CMakeFiles/practica2_syscalls.dir/home/julietanilem/pico/pico-sdk/src/rp2_common/pico_float/float_v1_rom_shim_rp2040.S.o
 .debug_abbrev  0x0000382f       0x12 CMakeFiles/practica2_syscalls.dir/home/julietanilem/pico/pico-sdk/src/rp2_common/pico_mem_ops/mem_ops_aeabi.S.o
 .debug_abbrev  0x00003841       0xbe CMakeFiles/practica2_syscalls.dir/home/julietanilem/pico/pico-sdk/src/rp2_common/pico_standard_binary_info/standard_binary_info.c.o
 .debug_abbrev  0x000038ff      0x4f5 CMakeFiles/practica2_syscalls.dir/home/julietanilem/pico/pico-sdk/src/rp2_common/pico_printf/printf.c.o
 .debug_abbrev  0x00003df4       0x12 CMakeFiles/practica2_syscalls.dir/home/julietanilem/pico/pico-sdk/src/rp2_common/pico_crt0/crt0.S.o
 .debug_abbrev  0x00003e06      0x34c CMakeFiles/practica2_syscalls.dir/home/julietanilem/pico/pico-sdk/src/rp2_common/pico_clib_interface/newlib_interface.c.o
 .debug_abbrev  0x00004152      0x5f0 CMakeFiles/practica2_syscalls.dir/home/julietanilem/pico/pico-sdk/src/rp2_common/pico_stdio/stdio.c.o
 .debug_abbrev  0x00004742      0x2e1 CMakeFiles/practica2_syscalls.dir/home/julietanilem/pico/pico-sdk/src/rp2_common/hardware_exception/exception.c.o
 .debug_abbrev  0x00004a23       0x26 /usr/lib/gcc/arm-none-eabi/15.2.0/thumb/v6-m/nofp/libgcc.a(_dvmd_tls.o)
 .debug_abbrev  0x00004a49       0xbe /usr/lib/gcc/arm-none-eabi/15.2.0/../../../../arm-none-eabi/lib/thumb/v6-m/nofp/libg.a(libc_a-atexit.o)
 .debug_abbrev  0x00004b07       0xc9 /usr/lib/gcc/arm-none-eabi/15.2.0/../../../../arm-none-eabi/lib/thumb/v6-m/nofp/libg.a(libc_a-fini.o)
 .debug_abbrev  0x00004bd0      0x115 /usr/lib/gcc/arm-none-eabi/15.2.0/../../../../arm-none-eabi/lib/thumb/v6-m/nofp/libg.a(libc_a-lock.o)
 .debug_abbrev  0x00004ce5       0x90 /usr/lib/gcc/arm-none-eabi/15.2.0/../../../../arm-none-eabi/lib/thumb/v6-m/nofp/libg.a(libc_a-strlen-stub.o)
 .debug_abbrev  0x00004d75      0x189 /usr/lib/gcc/arm-none-eabi/15.2.0/../../../../arm-none-eabi/lib/thumb/v6-m/nofp/libg.a(libc_a-__atexit.o)
 .debug_abbrev  0x00004efe      0x200 /usr/lib/gcc/arm-none-eabi/15.2.0/../../../../arm-none-eabi/lib/thumb/v6-m/nofp/libg.a(libc_a-__call_atexit.o)

.debug_aranges  0x00000000      0xf60
 .debug_aranges
                0x00000000       0x20 CMakeFiles/practica2_syscalls.dir/main.c.o
 .debug_aranges
                0x00000020       0x30 CMakeFiles/practica2_syscalls.dir/kernel_drivers.c.o
 .debug_aranges
                0x00000050       0x20 CMakeFiles/practica2_syscalls.dir/kernel_service.c.o
 .debug_aranges
                0x00000070       0x20 CMakeFiles/practica2_syscalls.dir/svc_handler.s.o
 .debug_aranges
                0x00000090       0x30 CMakeFiles/practica2_syscalls.dir/user_app.c.o
 .debug_aranges
                0x000000c0       0x20 CMakeFiles/practica2_syscalls.dir/syscalls.s.o
 .debug_aranges
                0x000000e0       0x28 CMakeFiles/practica2_syscalls.dir/home/julietanilem/pico/pico-sdk/src/rp2_common/pico_platform_panic/panic.c.o
 .debug_aranges
                0x00000108       0x48 CMakeFiles/practica2_syscalls.dir/home/julietanilem/pico/pico-sdk/src/common/hardware_claim/claim.c.o
 .debug_aranges
                0x00000150       0x48 CMakeFiles/practica2_syscalls.dir/home/julietanilem/pico/pico-sdk/src/rp2_common/hardware_sync/sync.c.o
 .debug_aranges
                0x00000198       0x28 CMakeFiles/practica2_syscalls.dir/home/julietanilem/pico/pico-sdk/src/rp2_common/hardware_sync_spin_lock/sync_spin_lock.c.o
 .debug_aranges
                0x000001c0       0xb8 CMakeFiles/practica2_syscalls.dir/home/julietanilem/pico/pico-sdk/src/rp2_common/hardware_irq/irq.c.o
 .debug_aranges
                0x00000278       0x20 CMakeFiles/practica2_syscalls.dir/home/julietanilem/pico/pico-sdk/src/common/pico_sync/lock_core.c.o
 .debug_aranges
                0x00000298       0x98 CMakeFiles/practica2_syscalls.dir/home/julietanilem/pico/pico-sdk/src/common/pico_sync/mutex.c.o
 .debug_aranges
                0x00000330       0xe0 CMakeFiles/practica2_syscalls.dir/home/julietanilem/pico/pico-sdk/src/common/pico_time/time.c.o
 .debug_aranges
                0x00000410       0xf0 CMakeFiles/practica2_syscalls.dir/home/julietanilem/pico/pico-sdk/src/rp2_common/hardware_timer/timer.c.o
 .debug_aranges
                0x00000500       0x90 CMakeFiles/practica2_syscalls.dir/home/julietanilem/pico/pico-sdk/src/rp2_common/hardware_clocks/clocks.c.o
 .debug_aranges
                0x00000590       0x28 CMakeFiles/practica2_syscalls.dir/home/julietanilem/pico/pico-sdk/src/rp2_common/hardware_pll/pll.c.o
 .debug_aranges
                0x000005b8       0x30 CMakeFiles/practica2_syscalls.dir/home/julietanilem/pico/pico-sdk/src/rp2_common/hardware_ticks/ticks.c.o
 .debug_aranges
                0x000005e8       0x40 CMakeFiles/practica2_syscalls.dir/home/julietanilem/pico/pico-sdk/src/rp2_common/pico_bootrom/bootrom.c.o
 .debug_aranges
                0x00000628       0x30 CMakeFiles/practica2_syscalls.dir/home/julietanilem/pico/pico-sdk/src/rp2_common/hardware_xosc/xosc.c.o
 .debug_aranges
                0x00000658       0x38 CMakeFiles/practica2_syscalls.dir/home/julietanilem/pico/pico-sdk/src/rp2_common/pico_runtime/runtime.c.o
 .debug_aranges
                0x00000690       0x48 CMakeFiles/practica2_syscalls.dir/home/julietanilem/pico/pico-sdk/src/rp2_common/pico_runtime_init/runtime_init.c.o
 .debug_aranges
                0x000006d8       0x20 CMakeFiles/practica2_syscalls.dir/home/julietanilem/pico/pico-sdk/src/rp2_common/pico_runtime_init/runtime_init_clocks.c.o
 .debug_aranges
                0x000006f8       0x60 CMakeFiles/practica2_syscalls.dir/home/julietanilem/pico/pico-sdk/src/rp2_common/pico_bit_ops/bit_ops_aeabi.S.o
 .debug_aranges
                0x00000758       0x40 CMakeFiles/practica2_syscalls.dir/home/julietanilem/pico/pico-sdk/src/rp2_common/pico_divider/divider_hardware.S.o
 .debug_aranges
                0x00000798      0x150 CMakeFiles/practica2_syscalls.dir/home/julietanilem/pico/pico-sdk/src/rp2_common/pico_double/double_aeabi_rp2040.S.o
 .debug_aranges
                0x000008e8       0x20 CMakeFiles/practica2_syscalls.dir/home/julietanilem/pico/pico-sdk/src/rp2_common/pico_double/double_init_rom_rp2040.c.o
 .debug_aranges
                0x00000908       0xc8 CMakeFiles/practica2_syscalls.dir/home/julietanilem/pico/pico-sdk/src/rp2_common/pico_double/double_v1_rom_shim_rp2040.S.o
 .debug_aranges
                0x000009d0      0x138 CMakeFiles/practica2_syscalls.dir/home/julietanilem/pico/pico-sdk/src/rp2_common/pico_float/float_aeabi_rp2040.S.o
 .debug_aranges
                0x00000b08       0x20 CMakeFiles/practica2_syscalls.dir/home/julietanilem/pico/pico-sdk/src/rp2_common/pico_float/float_init_rom_rp2040.c.o
 .debug_aranges
                0x00000b28       0x50 CMakeFiles/practica2_syscalls.dir/home/julietanilem/pico/pico-sdk/src/rp2_common/pico_float/float_v1_rom_shim_rp2040.S.o
 .debug_aranges
                0x00000b78       0x38 CMakeFiles/practica2_syscalls.dir/home/julietanilem/pico/pico-sdk/src/rp2_common/pico_mem_ops/mem_ops_aeabi.S.o
 .debug_aranges
                0x00000bb0       0x18 CMakeFiles/practica2_syscalls.dir/home/julietanilem/pico/pico-sdk/src/rp2_common/pico_standard_binary_info/standard_binary_info.c.o
 .debug_aranges
                0x00000bc8       0x90 CMakeFiles/practica2_syscalls.dir/home/julietanilem/pico/pico-sdk/src/rp2_common/pico_printf/printf.c.o
 .debug_aranges
                0x00000c58       0x28 CMakeFiles/practica2_syscalls.dir/home/julietanilem/pico/pico-sdk/src/rp2_common/pico_crt0/crt0.S.o
 .debug_aranges
                0x00000c80       0xa8 CMakeFiles/practica2_syscalls.dir/home/julietanilem/pico/pico-sdk/src/rp2_common/pico_clib_interface/newlib_interface.c.o
 .debug_aranges
                0x00000d28       0xc8 CMakeFiles/practica2_syscalls.dir/home/julietanilem/pico/pico-sdk/src/rp2_common/pico_stdio/stdio.c.o
 .debug_aranges
                0x00000df0       0x40 CMakeFiles/practica2_syscalls.dir/home/julietanilem/pico/pico-sdk/src/rp2_common/hardware_exception/exception.c.o
 .debug_aranges
                0x00000e30       0x20 /usr/lib/gcc/arm-none-eabi/15.2.0/thumb/v6-m/nofp/libgcc.a(_dvmd_tls.o)
 .debug_aranges
                0x00000e50       0x20 /usr/lib/gcc/arm-none-eabi/15.2.0/../../../../arm-none-eabi/lib/thumb/v6-m/nofp/libg.a(libc_a-atexit.o)
 .debug_aranges
                0x00000e70       0x20 /usr/lib/gcc/arm-none-eabi/15.2.0/../../../../arm-none-eabi/lib/thumb/v6-m/nofp/libg.a(libc_a-fini.o)
 .debug_aranges
                0x00000e90       0x68 /usr/lib/gcc/arm-none-eabi/15.2.0/../../../../arm-none-eabi/lib/thumb/v6-m/nofp/libg.a(libc_a-lock.o)
 .debug_aranges
                0x00000ef8       0x20 /usr/lib/gcc/arm-none-eabi/15.2.0/../../../../arm-none-eabi/lib/thumb/v6-m/nofp/libg.a(libc_a-strlen-stub.o)
 .debug_aranges
                0x00000f18       0x20 /usr/lib/gcc/arm-none-eabi/15.2.0/../../../../arm-none-eabi/lib/thumb/v6-m/nofp/libg.a(libc_a-__atexit.o)
 .debug_aranges
                0x00000f38       0x28 /usr/lib/gcc/arm-none-eabi/15.2.0/../../../../arm-none-eabi/lib/thumb/v6-m/nofp/libg.a(libc_a-__call_atexit.o)

.debug_rnglists
                0x00000000     0x264a
 .debug_rnglists
                0x00000000       0x13 CMakeFiles/practica2_syscalls.dir/main.c.o
 .debug_rnglists
                0x00000013       0x1f CMakeFiles/practica2_syscalls.dir/kernel_drivers.c.o
 .debug_rnglists
                0x00000032       0x22 CMakeFiles/practica2_syscalls.dir/kernel_service.c.o
 .debug_rnglists
                0x00000054       0x53 CMakeFiles/practica2_syscalls.dir/user_app.c.o
 .debug_rnglists
                0x000000a7       0x19 CMakeFiles/practica2_syscalls.dir/home/julietanilem/pico/pico-sdk/src/rp2_common/pico_platform_panic/panic.c.o
 .debug_rnglists
                0x000000c0       0xb6 CMakeFiles/practica2_syscalls.dir/home/julietanilem/pico/pico-sdk/src/common/hardware_claim/claim.c.o
 .debug_rnglists
                0x00000176       0x58 CMakeFiles/practica2_syscalls.dir/home/julietanilem/pico/pico-sdk/src/rp2_common/hardware_sync/sync.c.o
 .debug_rnglists
                0x000001ce       0x3d CMakeFiles/practica2_syscalls.dir/home/julietanilem/pico/pico-sdk/src/rp2_common/hardware_sync_spin_lock/sync_spin_lock.c.o
 .debug_rnglists
                0x0000020b      0x362 CMakeFiles/practica2_syscalls.dir/home/julietanilem/pico/pico-sdk/src/rp2_common/hardware_irq/irq.c.o
 .debug_rnglists
                0x0000056d       0x1f CMakeFiles/practica2_syscalls.dir/home/julietanilem/pico/pico-sdk/src/common/pico_sync/lock_core.c.o
 .debug_rnglists
                0x0000058c      0x322 CMakeFiles/practica2_syscalls.dir/home/julietanilem/pico/pico-sdk/src/common/pico_sync/mutex.c.o
 .debug_rnglists
                0x000008ae      0x7cd CMakeFiles/practica2_syscalls.dir/home/julietanilem/pico/pico-sdk/src/common/pico_time/time.c.o
 .debug_rnglists
                0x0000107b      0x2b6 CMakeFiles/practica2_syscalls.dir/home/julietanilem/pico/pico-sdk/src/rp2_common/hardware_timer/timer.c.o
 .debug_rnglists
                0x00001331      0x5e4 CMakeFiles/practica2_syscalls.dir/home/julietanilem/pico/pico-sdk/src/rp2_common/hardware_clocks/clocks.c.o
 .debug_rnglists
                0x00001915       0x41 CMakeFiles/practica2_syscalls.dir/home/julietanilem/pico/pico-sdk/src/rp2_common/hardware_pll/pll.c.o
 .debug_rnglists
                0x00001956       0x2b CMakeFiles/practica2_syscalls.dir/home/julietanilem/pico/pico-sdk/src/rp2_common/hardware_ticks/ticks.c.o
 .debug_rnglists
                0x00001981      0x112 CMakeFiles/practica2_syscalls.dir/home/julietanilem/pico/pico-sdk/src/rp2_common/pico_bootrom/bootrom.c.o
 .debug_rnglists
                0x00001a93       0x1f CMakeFiles/practica2_syscalls.dir/home/julietanilem/pico/pico-sdk/src/rp2_common/hardware_xosc/xosc.c.o
 .debug_rnglists
                0x00001ab2       0x6d CMakeFiles/practica2_syscalls.dir/home/julietanilem/pico/pico-sdk/src/rp2_common/pico_runtime/runtime.c.o
 .debug_rnglists
                0x00001b1f       0x4a CMakeFiles/practica2_syscalls.dir/home/julietanilem/pico/pico-sdk/src/rp2_common/pico_runtime_init/runtime_init.c.o
 .debug_rnglists
                0x00001b69       0x20 CMakeFiles/practica2_syscalls.dir/home/julietanilem/pico/pico-sdk/src/rp2_common/pico_runtime_init/runtime_init_clocks.c.o
 .debug_rnglists
                0x00001b89       0x43 CMakeFiles/practica2_syscalls.dir/home/julietanilem/pico/pico-sdk/src/rp2_common/pico_bit_ops/bit_ops_aeabi.S.o
 .debug_rnglists
                0x00001bcc       0x2c CMakeFiles/practica2_syscalls.dir/home/julietanilem/pico/pico-sdk/src/rp2_common/pico_divider/divider_hardware.S.o
 .debug_rnglists
                0x00001bf8       0xf9 CMakeFiles/practica2_syscalls.dir/home/julietanilem/pico/pico-sdk/src/rp2_common/pico_double/double_aeabi_rp2040.S.o
 .debug_rnglists
                0x00001cf1       0x14 CMakeFiles/practica2_syscalls.dir/home/julietanilem/pico/pico-sdk/src/rp2_common/pico_double/double_init_rom_rp2040.c.o
 .debug_rnglists
                0x00001d05       0x99 CMakeFiles/practica2_syscalls.dir/home/julietanilem/pico/pico-sdk/src/rp2_common/pico_double/double_v1_rom_shim_rp2040.S.o
 .debug_rnglists
                0x00001d9e       0xe5 CMakeFiles/practica2_syscalls.dir/home/julietanilem/pico/pico-sdk/src/rp2_common/pico_float/float_aeabi_rp2040.S.o
 .debug_rnglists
                0x00001e83       0x13 CMakeFiles/practica2_syscalls.dir/home/julietanilem/pico/pico-sdk/src/rp2_common/pico_float/float_init_rom_rp2040.c.o
 .debug_rnglists
                0x00001e96       0x38 CMakeFiles/practica2_syscalls.dir/home/julietanilem/pico/pico-sdk/src/rp2_common/pico_float/float_v1_rom_shim_rp2040.S.o
 .debug_rnglists
                0x00001ece       0x25 CMakeFiles/practica2_syscalls.dir/home/julietanilem/pico/pico-sdk/src/rp2_common/pico_mem_ops/mem_ops_aeabi.S.o
 .debug_rnglists
                0x00001ef3      0x2c6 CMakeFiles/practica2_syscalls.dir/home/julietanilem/pico/pico-sdk/src/rp2_common/pico_printf/printf.c.o
 .debug_rnglists
                0x000021b9       0x1b CMakeFiles/practica2_syscalls.dir/home/julietanilem/pico/pico-sdk/src/rp2_common/pico_crt0/crt0.S.o
 .debug_rnglists
                0x000021d4       0x85 CMakeFiles/practica2_syscalls.dir/home/julietanilem/pico/pico-sdk/src/rp2_common/pico_clib_interface/newlib_interface.c.o
 .debug_rnglists
                0x00002259      0x2a5 CMakeFiles/practica2_syscalls.dir/home/julietanilem/pico/pico-sdk/src/rp2_common/pico_stdio/stdio.c.o
 .debug_rnglists
                0x000024fe       0x76 CMakeFiles/practica2_syscalls.dir/home/julietanilem/pico/pico-sdk/src/rp2_common/hardware_exception/exception.c.o
 .debug_rnglists
                0x00002574       0x13 /usr/lib/gcc/arm-none-eabi/15.2.0/../../../../arm-none-eabi/lib/thumb/v6-m/nofp/libg.a(libc_a-atexit.o)
 .debug_rnglists
                0x00002587       0x13 /usr/lib/gcc/arm-none-eabi/15.2.0/../../../../arm-none-eabi/lib/thumb/v6-m/nofp/libg.a(libc_a-fini.o)
 .debug_rnglists
                0x0000259a       0x49 /usr/lib/gcc/arm-none-eabi/15.2.0/../../../../arm-none-eabi/lib/thumb/v6-m/nofp/libg.a(libc_a-lock.o)
 .debug_rnglists
                0x000025e3       0x13 /usr/lib/gcc/arm-none-eabi/15.2.0/../../../../arm-none-eabi/lib/thumb/v6-m/nofp/libg.a(libc_a-strlen-stub.o)
 .debug_rnglists
                0x000025f6       0x14 /usr/lib/gcc/arm-none-eabi/15.2.0/../../../../arm-none-eabi/lib/thumb/v6-m/nofp/libg.a(libc_a-__atexit.o)
 .debug_rnglists
                0x0000260a       0x40 /usr/lib/gcc/arm-none-eabi/15.2.0/../../../../arm-none-eabi/lib/thumb/v6-m/nofp/libg.a(libc_a-__call_atexit.o)

.debug_line     0x00000000    0x14376
 .debug_line    0x00000000       0xf9 CMakeFiles/practica2_syscalls.dir/main.c.o
 .debug_line    0x000000f9      0x187 CMakeFiles/practica2_syscalls.dir/kernel_drivers.c.o
 .debug_line    0x00000280      0x14e CMakeFiles/practica2_syscalls.dir/kernel_service.c.o
 .debug_line    0x000003ce       0x4d CMakeFiles/practica2_syscalls.dir/svc_handler.s.o
 .debug_line    0x0000041b      0x1de CMakeFiles/practica2_syscalls.dir/user_app.c.o
 .debug_line    0x000005f9       0x59 CMakeFiles/practica2_syscalls.dir/syscalls.s.o
 .debug_line    0x00000652      0x20c CMakeFiles/practica2_syscalls.dir/home/julietanilem/pico/pico-sdk/src/rp2_common/pico_platform_panic/panic.c.o
 .debug_line    0x0000085e      0x8a0 CMakeFiles/practica2_syscalls.dir/home/julietanilem/pico/pico-sdk/src/common/hardware_claim/claim.c.o
 .debug_line    0x000010fe      0x48c CMakeFiles/practica2_syscalls.dir/home/julietanilem/pico/pico-sdk/src/rp2_common/hardware_sync/sync.c.o
 .debug_line    0x0000158a      0x358 CMakeFiles/practica2_syscalls.dir/home/julietanilem/pico/pico-sdk/src/rp2_common/hardware_sync_spin_lock/sync_spin_lock.c.o
 .debug_line    0x000018e2     0x1738 CMakeFiles/practica2_syscalls.dir/home/julietanilem/pico/pico-sdk/src/rp2_common/hardware_irq/irq.c.o
 .debug_line    0x0000301a      0x283 CMakeFiles/practica2_syscalls.dir/home/julietanilem/pico/pico-sdk/src/common/pico_sync/lock_core.c.o
 .debug_line    0x0000329d     0x1b45 CMakeFiles/practica2_syscalls.dir/home/julietanilem/pico/pico-sdk/src/common/pico_sync/mutex.c.o
 .debug_line    0x00004de2     0x3490 CMakeFiles/practica2_syscalls.dir/home/julietanilem/pico/pico-sdk/src/common/pico_time/time.c.o
 .debug_line    0x00008272     0x1d0e CMakeFiles/practica2_syscalls.dir/home/julietanilem/pico/pico-sdk/src/rp2_common/hardware_timer/timer.c.o
 .debug_line    0x00009f80     0x21ff CMakeFiles/practica2_syscalls.dir/home/julietanilem/pico/pico-sdk/src/rp2_common/hardware_clocks/clocks.c.o
 .debug_line    0x0000c17f      0x499 CMakeFiles/practica2_syscalls.dir/home/julietanilem/pico/pico-sdk/src/rp2_common/hardware_pll/pll.c.o
 .debug_line    0x0000c618      0x2da CMakeFiles/practica2_syscalls.dir/home/julietanilem/pico/pico-sdk/src/rp2_common/hardware_ticks/ticks.c.o
 .debug_line    0x0000c8f2      0x406 CMakeFiles/practica2_syscalls.dir/home/julietanilem/pico/pico-sdk/src/rp2_common/pico_bootrom/bootrom.c.o
 .debug_line    0x0000ccf8      0x305 CMakeFiles/practica2_syscalls.dir/home/julietanilem/pico/pico-sdk/src/rp2_common/hardware_xosc/xosc.c.o
 .debug_line    0x0000cffd      0x2d5 CMakeFiles/practica2_syscalls.dir/home/julietanilem/pico/pico-sdk/src/rp2_common/pico_runtime/runtime.c.o
 .debug_line    0x0000d2d2      0x691 CMakeFiles/practica2_syscalls.dir/home/julietanilem/pico/pico-sdk/src/rp2_common/pico_runtime_init/runtime_init.c.o
 .debug_line    0x0000d963      0x517 CMakeFiles/practica2_syscalls.dir/home/julietanilem/pico/pico-sdk/src/rp2_common/pico_runtime_init/runtime_init_clocks.c.o
 .debug_line    0x0000de7a      0x108 CMakeFiles/practica2_syscalls.dir/home/julietanilem/pico/pico-sdk/src/rp2_common/pico_bit_ops/bit_ops_aeabi.S.o
 .debug_line    0x0000df82      0x2a9 CMakeFiles/practica2_syscalls.dir/home/julietanilem/pico/pico-sdk/src/rp2_common/pico_divider/divider_hardware.S.o