Archive member included to satisfy reference by file (symbol)

/usr/lib/gcc/arm-none-eabi/15.2.0/thumb/v6-m/nofp/libgcc.a(_dvmd_tls.o)
                              CMakeFiles/practica3.dir/home/julietanilem/pico/pico-sdk/src/rp2_common/pico_divider/divider_hardware.S.o (__aeabi_idiv0)
/usr/lib/gcc/arm-none-eabi/15.2.0/../../../../arm-none-eabi/lib/thumb/v6-m/nofp/libg.a(libc_a-atexit.o)
                              /usr/lib/gcc/arm-none-eabi/15.2.0/../../../../arm-none-eabi/lib/thumb/v6-m/nofp/crt0.o (atexit)
/usr/lib/gcc/arm-none-eabi/15.2.0/../../../../arm-none-eabi/lib/thumb/v6-m/nofp/libg.a(libc_a-calloc.o)
                              CMakeFiles/practica3.dir/home/julietanilem/pico/pico-sdk/src/rp2_common/pico_malloc/malloc.c.o (calloc)
/usr/lib/gcc/arm-none-eabi/15.2.0/../../../../arm-none-eabi/lib/thumb/v6-m/nofp/libg.a(libc_a-callocr.o)
                              /usr/lib/gcc/arm-none-eabi/15.2.0/../../../../arm-none-eabi/lib/thumb/v6-m/nofp/libg.a(libc_a-calloc.o) (_calloc_r)
/usr/lib/gcc/arm-none-eabi/15.2.0/../../../../arm-none-eabi/lib/thumb/v6-m/nofp/libg.a(libc_a-malloc.o)
                              CMakeFiles/practica3.dir/home/julietanilem/pico/pico-sdk/src/rp2_common/pico_malloc/malloc.c.o (malloc)
/usr/lib/gcc/arm-none-eabi/15.2.0/../../../../arm-none-eabi/lib/thumb/v6-m/nofp/libg.a(libc_a-mallocr.o)
                              /usr/lib/gcc/arm-none-eabi/15.2.0/../../../../arm-none-eabi/lib/thumb/v6-m/nofp/libg.a(libc_a-callocr.o) (_malloc_r)
/usr/lib/gcc/arm-none-eabi/15.2.0/../../../../arm-none-eabi/lib/thumb/v6-m/nofp/libg.a(libc_a-mlock.o)
                              /usr/lib/gcc/arm-none-eabi/15.2.0/../../../../arm-none-eabi/lib/thumb/v6-m/nofp/libg.a(libc_a-mallocr.o) (__malloc_lock)
/usr/lib/gcc/arm-none-eabi/15.2.0/../../../../arm-none-eabi/lib/thumb/v6-m/nofp/libg.a(libc_a-realloc.o)
                              CMakeFiles/practica3.dir/home/julietanilem/pico/pico-sdk/src/rp2_common/pico_malloc/malloc.c.o (realloc)
/usr/lib/gcc/arm-none-eabi/15.2.0/../../../../arm-none-eabi/lib/thumb/v6-m/nofp/libg.a(libc_a-reallocr.o)
                              /usr/lib/gcc/arm-none-eabi/15.2.0/../../../../arm-none-eabi/lib/thumb/v6-m/nofp/libg.a(libc_a-realloc.o) (_realloc_r)
/usr/lib/gcc/arm-none-eabi/15.2.0/../../../../arm-none-eabi/lib/thumb/v6-m/nofp/libg.a(libc_a-memcmp.o)
                              CMakeFiles/practica3.dir/home/julietanilem/pico/pico-sdk/src/rp2_common/pico_atomic/atomic.c.o (memcmp)
/usr/lib/gcc/arm-none-eabi/15.2.0/../../../../arm-none-eabi/lib/thumb/v6-m/nofp/libg.a(libc_a-memmove.o)
                              /usr/lib/gcc/arm-none-eabi/15.2.0/../../../../arm-none-eabi/lib/thumb/v6-m/nofp/libg.a(libc_a-reallocr.o) (memmove)
/usr/lib/gcc/arm-none-eabi/15.2.0/../../../../arm-none-eabi/lib/thumb/v6-m/nofp/libg.a(libc_a-lcltime_r.o)
                              CMakeFiles/practica3.dir/home/julietanilem/pico/pico-sdk/src/common/pico_util/datetime.c.o (localtime_r)
/usr/lib/gcc/arm-none-eabi/15.2.0/../../../../arm-none-eabi/lib/thumb/v6-m/nofp/libg.a(libc_a-mktime.o)
                              CMakeFiles/practica3.dir/home/julietanilem/pico/pico-sdk/src/common/pico_util/datetime.c.o (mktime)
/usr/lib/gcc/arm-none-eabi/15.2.0/../../../../arm-none-eabi/lib/thumb/v6-m/nofp/libg.a(libc_a-month_lengths.o)
                              /usr/lib/gcc/arm-none-eabi/15.2.0/../../../../arm-none-eabi/lib/thumb/v6-m/nofp/libg.a(libc_a-lcltime_r.o) (__month_lengths)
/usr/lib/gcc/arm-none-eabi/15.2.0/../../../../arm-none-eabi/lib/thumb/v6-m/nofp/libg.a(libc_a-tzcalc_limits.o)
                              /usr/lib/gcc/arm-none-eabi/15.2.0/../../../../arm-none-eabi/lib/thumb/v6-m/nofp/libg.a(libc_a-lcltime_r.o) (__tzcalc_limits)
/usr/lib/gcc/arm-none-eabi/15.2.0/../../../../arm-none-eabi/lib/thumb/v6-m/nofp/libg.a(libc_a-tzlock.o)
                              /usr/lib/gcc/arm-none-eabi/15.2.0/../../../../arm-none-eabi/lib/thumb/v6-m/nofp/libg.a(libc_a-lcltime_r.o) (__tz_lock)
/usr/lib/gcc/arm-none-eabi/15.2.0/../../../../arm-none-eabi/lib/thumb/v6-m/nofp/libg.a(libc_a-tzset.o)
                              /usr/lib/gcc/arm-none-eabi/15.2.0/../../../../arm-none-eabi/lib/thumb/v6-m/nofp/libg.a(libc_a-lcltime_r.o) (_tzset_unlocked)
/usr/lib/gcc/arm-none-eabi/15.2.0/../../../../arm-none-eabi/lib/thumb/v6-m/nofp/libg.a(libc_a-tzset_r.o)
                              /usr/lib/gcc/arm-none-eabi/15.2.0/../../../../arm-none-eabi/lib/thumb/v6-m/nofp/libg.a(libc_a-tzset.o) (_tzset_unlocked_r)
/usr/lib/gcc/arm-none-eabi/15.2.0/../../../../arm-none-eabi/lib/thumb/v6-m/nofp/libg.a(libc_a-tzvars.o)
                              /usr/lib/gcc/arm-none-eabi/15.2.0/../../../../arm-none-eabi/lib/thumb/v6-m/nofp/libg.a(libc_a-tzset_r.o) (_timezone)
/usr/lib/gcc/arm-none-eabi/15.2.0/../../../../arm-none-eabi/lib/thumb/v6-m/nofp/libg.a(libc_a-impure.o)
[...]
Memory Configuration

Name             Origin             Length             Attributes
FLASH            0x10000000         0x00200000         xr
RAM              0x20000000         0x00040000         xrw
SCRATCH_X        0x20040000         0x00001000         xrw
SCRATCH_Y        0x20041000         0x00001000         xrw
*default*        0x00000000         0xffffffff

Linker script and memory map

LOAD /usr/lib/gcc/arm-none-eabi/15.2.0/thumb/v6-m/nofp/crti.o
LOAD /usr/lib/gcc/arm-none-eabi/15.2.0/thumb/v6-m/nofp/crtbegin.o
LOAD /usr/lib/gcc/arm-none-eabi/15.2.0/../../../../arm-none-eabi/lib/thumb/v6-m/nofp/crt0.o

.flash_begin    0x10000000        0x0
                0x10000000                        __flash_binary_start = .

.boot2          0x10000000      0x100
                0x10000000                        __boot2_start__ = .
 *(.boot2)
 .boot2         0x10000000      0x100 pico-sdk/src/rp2040/boot_stage2/CMakeFiles/bs2_default_library.dir/bs2_default_padded_checksummed.S.o
                0x10000100                        __boot2_end__ = .
                0x00000001                        ASSERT (((__boot2_end__ - __boot2_start__) == 0x100), ERROR: Pico second stage bootloader must be 256 bytes in size)

.text           0x10000100     0x1b84
                0x10000100                        __logical_binary_start = .
 *(.vectors)
 .vectors       0x10000100       0xd4 CMakeFiles/practica3.dir/home/julietanilem/pico/pico-sdk/src/rp2_common/pico_crt0/crt0.S.o
                0x10000100                __vectors
                0x10000100                __VECTOR_TABLE
                0x100001c0                isr_irq30
                0x100001c0                __unhandled_user_irq
                0x100001c0                isr_irq13
                0x100001c0                isr_irq27
                0x100001c0                isr_irq31
                0x100001c0                isr_irq5
                0x100001c0                isr_irq11
                0x100001c0                isr_irq23
                0x100001c0                isr_irq18
                0x100001c0                isr_irq28
                0x100001c0                isr_irq19
                0x100001c0                isr_irq0
                0x100001c0                isr_irq6
                0x100001c0                isr_irq22
                0x100001c0                isr_irq17
                0x100001c0                isr_irq14
                0x100001c0                __vectors_end
                0x100001c0                __default_isrs_start
                0x100001c0                isr_irq2
                0x100001c0                isr_irq10
                0x100001c0                isr_irq8
                0x100001c0                isr_irq24
                0x100001c0                isr_irq1
                0x100001c0                isr_irq7
                0x100001c0                isr_irq21
                0x100001c0                isr_irq20
                0x100001c0                isr_irq15
                0x100001c0                isr_irq25
                0x100001c0                isr_irq4
                0x100001c0                isr_irq16
                0x100001c0                isr_irq29
                0x100001c0                isr_irq26
                0x100001c0                isr_irq3
                0x100001c0                isr_irq12
                0x100001c0                isr_irq9
                0x100001c6                unhandled_user_irq_num_in_r0
                0x100001c8                isr_invalid
                0x100001ca                isr_nmi
                0x100001cc                isr_hardfault
                0x100001ce                isr_svcall
                0x100001d0                isr_pendsv
                0x100001d2                isr_systick
                0x100001d4                __default_isrs_end
 *(.binary_info_header)
 .binary_info_header
                0x100001d4       0x14 CMakeFiles/practica3.dir/home/julietanilem/pico/pico-sdk/src/rp2_common/pico_crt0/crt0.S.o
                0x100001e8                        __binary_info_header_end = .
 *(.embedded_block)
                0x100001e8                        __embedded_block_end = .
 *(.reset)
 .reset         0x100001e8       0x9c CMakeFiles/practica3.dir/home/julietanilem/pico/pico-sdk/src/rp2_common/pico_crt0/crt0.S.o
                0x100001e8                _entry_point
 *(.init)
 .init          0x10000284        0x4 /usr/lib/gcc/arm-none-eabi/15.2.0/thumb/v6-m/nofp/crti.o
                0x10000284                _init
 *(EXCLUDE_FILE(*libm.a: *libc.a:*lib_a-mem*.o *libgcc.a:) .text*)
 .text          0x10000288       0x98 /usr/lib/gcc/arm-none-eabi/15.2.0/thumb/v6-m/nofp/crtbegin.o
 .text.IO_IRQ_BANK0_Handler
                0x10000320       0x28 CMakeFiles/practica3.dir/main.c.o
                0x10000320                IO_IRQ_BANK0_Handler
 .text.os_start_first_task
                0x10000348       0x2c CMakeFiles/practica3.dir/main.c.o
                0x10000348                os_start_first_task
 .text.startup.main
                0x10000374      0x170 CMakeFiles/practica3.dir/main.c.o
                0x10000374                main
 .text.k_gpio_init
                0x100004e4       0x34 CMakeFiles/practica3.dir/kernel_drivers.c.o
                0x100004e4                k_gpio_init
 .text.k_gpio_set
                0x10000518       0x1c CMakeFiles/practica3.dir/kernel_drivers.c.o
                0x10000518                k_gpio_set
 .text.k_gpio_get
                0x10000534       0x10 CMakeFiles/practica3.dir/kernel_drivers.c.o
                0x10000534                k_gpio_get
 .text.k_gpio_pullup
                0x10000544       0x1c CMakeFiles/practica3.dir/kernel_drivers.c.o
                0x10000544                k_gpio_pullup
 .text.k_gpio_irq_enable
                0x10000560       0x2c CMakeFiles/practica3.dir/kernel_drivers.c.o
                0x10000560                k_gpio_irq_enable
 .text.k_gpio_irq_clear
                0x1000058c       0x28 CMakeFiles/practica3.dir/kernel_drivers.c.o
                0x1000058c                k_gpio_irq_clear
 .text.kernel_service
                0x100005b4       0x40 CMakeFiles/practica3.dir/kernel_service.c.o
                0x100005b4                kernel_service
 .text          0x100005f4       0x1c CMakeFiles/practica3.dir/svc_handler.s.o
                0x100005f4                wrapper_svc
 .text          0x10000610       0x84 CMakeFiles/practica3.dir/pendsv.s.o
                0x10000610                PendSV_Handler
 .text.setup_leds
                0x10000694       0x2c CMakeFiles/practica3.dir/user_app.c.o
                0x10000694                setup_leds
 .text.task_counter
                0x100006c0       0x58 CMakeFiles/practica3.dir/user_app.c.o
                0x100006c0                task_counter
 .text.task_animation
                0x10000718       0x64 CMakeFiles/practica3.dir/user_app.c.o
                0x10000718                task_animation
 .text.task_symmetric
                0x1000077c       0x60 CMakeFiles/practica3.dir/user_app.c.o
                0x1000077c                task_symmetric
 .text          0x100007dc       0x1e CMakeFiles/practica3.dir/syscalls.s.o
                0x100007dc                sys_gpio_dir
                0x100007e6                sys_gpio_set
                0x100007f0                sys_gpio_get
 *fill*         0x100007fa        0x2 
 .text.panic    0x100007fc       0x30 CMakeFiles/practica3.dir/home/julietanilem/pico/pico-sdk/src/rp2_common/pico_platform_panic/panic.c.o
                0x100007fc                panic
 .text.hw_claim_or_assert
                0x1000082c       0x50 CMakeFiles/practica3.dir/home/julietanilem/pico/pico-sdk/src/common/hardware_claim/claim.c.o
                0x1000082c                hw_claim_or_assert
 .text.next_striped_spin_lock_num
                0x1000087c       0x18 CMakeFiles/practica3.dir/home/julietanilem/pico/pico-sdk/src/rp2_common/hardware_sync/sync.c.o
                0x1000087c                next_striped_spin_lock_num
 .text.spin_locks_reset
                0x10000894       0x1c CMakeFiles/practica3.dir/home/julietanilem/pico/pico-sdk/src/rp2_common/hardware_sync_spin_lock/sync_spin_lock.c.o
                0x10000894                spin_locks_reset
 .text.runtime_init_per_core_irq_priorities
                0x100008b0       0x48 CMakeFiles/practica3.dir/home/julietanilem/pico/pico-sdk/src/rp2_common/hardware_irq/irq.c.o
                0x100008b0                runtime_init_per_core_irq_priorities
 .text.irq_set_enabled
                0x100008f8       0x24 CMakeFiles/practica3.dir/home/julietanilem/pico/pico-sdk/src/rp2_common/hardware_irq/irq.c.o
                0x100008f8                irq_set_enabled
 .text.irq_set_exclusive_handler
                0x1000091c       0x54 CMakeFiles/practica3.dir/home/julietanilem/pico/pico-sdk/src/rp2_common/hardware_irq/irq.c.o
                0x1000091c                irq_set_exclusive_handler
 .text.lock_init
                0x10000970       0x10 CMakeFiles/practica3.dir/home/julietanilem/pico/pico-sdk/src/common/pico_sync/lock_core.c.o
                0x10000970                lock_init
 .text.runtime_init_mutex
                0x10000980       0x50 CMakeFiles/practica3.dir/home/julietanilem/pico/pico-sdk/src/common/pico_sync/mutex.c.o
                0x10000980                runtime_init_mutex
 .text.sleep_until_callback
                0x100009d0       0x30 CMakeFiles/practica3.dir/home/julietanilem/pico/pico-sdk/src/common/pico_time/time.c.o
 .text.alarm_pool_irq_handler
                0x10000a00      0x2f4 CMakeFiles/practica3.dir/home/julietanilem/pico/pico-sdk/src/common/pico_time/time.c.o
 .text.runtime_init_default_alarm_pool
                0x10000cf4       0xd8 CMakeFiles/practica3.dir/home/julietanilem/pico/pico-sdk/src/common/pico_time/time.c.o
                0x10000cf4                runtime_init_default_alarm_pool
 .text.alarm_pool_add_alarm_at_force_in_context
                0x10000dcc       0xbc CMakeFiles/practica3.dir/home/julietanilem/pico/pico-sdk/src/common/pico_time/time.c.o
                0x10000dcc                alarm_pool_add_alarm_at_force_in_context
 .text.alarm_pool_cancel_alarm
                0x10000e88       0x74 CMakeFiles/practica3.dir/home/julietanilem/pico/pico-sdk/src/common/pico_time/time.c.o
                0x10000e88                alarm_pool_cancel_alarm
 .text.best_effort_wfe_or_timeout
                0x10000efc      0x100 CMakeFiles/practica3.dir/home/julietanilem/pico/pico-sdk/src/common/pico_time/time.c.o
                0x10000efc                best_effort_wfe_or_timeout
 .text.timer_hardware_alarm_claim
                0x10000ffc       0x14 CMakeFiles/practica3.dir/home/julietanilem/pico/pico-sdk/src/rp2_common/hardware_timer/timer.c.o
                0x10000ffc                timer_hardware_alarm_claim
 .text.timer_time_us_64
                0x10001010       0x10 CMakeFiles/practica3.dir/home/julietanilem/pico/pico-sdk/src/rp2_common/hardware_timer/timer.c.o
                0x10001010                timer_time_us_64
 .text.time_us_64
                0x10001020       0x14 CMakeFiles/practica3.dir/home/julietanilem/pico/pico-sdk/src/rp2_common/hardware_timer/timer.c.o
                0x10001020                time_us_64
 .text.clock_configure_int_divider
                0x10001034       0xec CMakeFiles/practica3.dir/home/julietanilem/pico/pico-sdk/src/rp2_common/hardware_clocks/clocks.c.o
                0x10001034                clock_configure_int_divider
 .text.clock_configure_undivided
                0x10001120       0xe0 CMakeFiles/practica3.dir/home/julietanilem/pico/pico-sdk/src/rp2_common/hardware_clocks/clocks.c.o
                0x10001120                clock_configure_undivided
 .text.clock_get_hz
                0x10001200        0xc CMakeFiles/practica3.dir/home/julietanilem/pico/pico-sdk/src/rp2_common/hardware_clocks/clocks.c.o
                0x10001200                clock_get_hz
 .text.pll_init
                0x1000120c       0xb0 CMakeFiles/practica3.dir/home/julietanilem/pico/pico-sdk/src/rp2_common/hardware_pll/pll.c.o
                0x1000120c                pll_init
 .text.tick_start
                0x100012bc       0x10 CMakeFiles/practica3.dir/home/julietanilem/pico/pico-sdk/src/rp2_common/hardware_ticks/ticks.c.o
                0x100012bc                tick_start
 .text.rom_func_lookup
                0x100012cc       0x10 CMakeFiles/practica3.dir/home/julietanilem/pico/pico-sdk/src/rp2_common/pico_bootrom/bootrom.c.o
                0x100012cc                rom_func_lookup
 .text.rom_data_lookup
                0x100012dc       0x10 CMakeFiles/practica3.dir/home/julietanilem/pico/pico-sdk/src/rp2_common/pico_bootrom/bootrom.c.o
                0x100012dc                rom_data_lookup
 .text.rom_funcs_lookup
                0x100012ec       0x44 CMakeFiles/practica3.dir/home/julietanilem/pico/pico-sdk/src/rp2_common/pico_bootrom/bootrom.c.o
                0x100012ec                rom_funcs_lookup
 .text.xosc_init
                0x10001330       0x28 CMakeFiles/practica3.dir/home/julietanilem/pico/pico-sdk/src/rp2_common/hardware_xosc/xosc.c.o
                0x10001330                xosc_init
 .text.first_per_core_initializer
                0x10001358        0x4 CMakeFiles/practica3.dir/home/julietanilem/pico/pico-sdk/src/rp2_common/pico_runtime/runtime.c.o
 .text.hard_assertion_failure
                0x1000135c        0xc CMakeFiles/practica3.dir/home/julietanilem/pico/pico-sdk/src/rp2_common/pico_runtime/runtime.c.o
                0x1000135c                hard_assertion_failure
 .text.runtime_run_initializers
                0x10001368       0x28 CMakeFiles/practica3.dir/home/julietanilem/pico/pico-sdk/src/rp2_common/pico_runtime/runtime.c.o
                0x10001368                runtime_run_initializers
 .text.runtime_init_early_resets
                0x10001390       0x2c CMakeFiles/practica3.dir/home/julietanilem/pico/pico-sdk/src/rp2_common/pico_runtime_init/runtime_init.c.o
                0x10001390                runtime_init_early_resets
 .text.runtime_init_usb_power_down
                0x100013bc       0x1c CMakeFiles/practica3.dir/home/julietanilem/pico/pico-sdk/src/rp2_common/pico_runtime_init/runtime_init.c.o
                0x100013bc                runtime_init_usb_power_down
 .text.runtime_init_post_clock_resets
                0x100013d8       0x20 CMakeFiles/practica3.dir/home/julietanilem/pico/pico-sdk/src/rp2_common/pico_runtime_init/runtime_init.c.o
                0x100013d8                runtime_init_post_clock_resets
 .text.runtime_init_rp2040_gpio_ie_disable
                0x100013f8       0x14 CMakeFiles/practica3.dir/home/julietanilem/pico/pico-sdk/src/rp2_common/pico_runtime_init/runtime_init.c.o
                0x100013f8                runtime_init_rp2040_gpio_ie_disable
 .text.runtime_init_spin_locks_reset
                0x1000140c        0x8 CMakeFiles/practica3.dir/home/julietanilem/pico/pico-sdk/src/rp2_common/pico_runtime_init/runtime_init.c.o
                0x1000140c                runtime_init_spin_locks_reset
 .text.runtime_init_install_ram_vector_table
                0x10001414       0xb8 CMakeFiles/practica3.dir/home/julietanilem/pico/pico-sdk/src/rp2_common/pico_runtime_init/runtime_init.c.o
                0x10001414                runtime_init_install_ram_vector_table
 .text.runtime_init_clocks
                0x100014cc       0xd8 CMakeFiles/practica3.dir/home/julietanilem/pico/pico-sdk/src/rp2_common/pico_runtime_init/runtime_init_clocks.c.o
                0x100014cc                runtime_init_clocks
 .text          0x100015a4       0x10 CMakeFiles/practica3.dir/home/julietanilem/pico/pico-sdk/src/rp2_common/pico_bit_ops/bit_ops_aeabi.S.o
 .text.__wrap___aeabi_uidiv
                0x100015b4       0x4c CMakeFiles/practica3.dir/home/julietanilem/pico/pico-sdk/src/rp2_common/pico_divider/divider_hardware.S.o
                0x100015b4                __wrap___aeabi_uidiv
                0x100015b4                __wrap___aeabi_uidivmod
                0x100015b4                div_u32u32
                0x100015b4                divmod_u32u32
                0x100015bc                divmod_u32u32_unsafe
                0x100015e4                divmod_u32u32_savestate
 .text.__aeabi_double_init
                0x10001600       0xa4 CMakeFiles/practica3.dir/home/julietanilem/pico/pico-sdk/src/rp2_common/pico_double/double_init_rom_rp2040.c.o
                0x10001600                __aeabi_double_init
 .text.double_table_shim_on_use_helper
                0x100016a4       0x2c CMakeFiles/practica3.dir/home/julietanilem/pico/pico-sdk/src/rp2_common/pico_double/double_v1_rom_shim_rp2040.S.o
                0x100016a4                double_table_shim_on_use_helper
 .text.__aeabi_float_init
                0x100016d0       0x68 CMakeFiles/practica3.dir/home/julietanilem/pico/pico-sdk/src/rp2_common/pico_float/float_init_rom_rp2040.c.o
                0x100016d0                __aeabi_float_init
 .text.float_table_shim_on_use_helper
                0x10001738       0x2c CMakeFiles/practica3.dir/home/julietanilem/pico/pico-sdk/src/rp2_common/pico_float/float_v1_rom_shim_rp2040.S.o
                0x10001738                float_table_shim_on_use_helper
 .text          0x10001764       0x10 CMakeFiles/practica3.dir/home/julietanilem/pico/pico-sdk/src/rp2_common/pico_mem_ops/mem_ops_aeabi.S.o
                0x10001764                __aeabi_mem_init
 .text.memset   0x10001774        0xc CMakeFiles/practica3.dir/home/julietanilem/pico/pico-sdk/src/rp2_common/pico_mem_ops/mem_ops_aeabi.S.o
                0x10001774                __wrap_memset
 .text.memcpy   0x10001780        0xc CMakeFiles/practica3.dir/home/julietanilem/pico/pico-sdk/src/rp2_common/pico_mem_ops/mem_ops_aeabi.S.o
                0x10001780                __wrap___aeabi_memcpy
                0x10001780                __wrap_memcpy
 .text._out_char
                0x1000178c       0x10 CMakeFiles/practica3.dir/home/julietanilem/pico/pico-sdk/src/rp2_common/pico_printf/printf.c.o
 .text.weak_raw_vprintf
                0x1000179c       0x30 CMakeFiles/practica3.dir/home/julietanilem/pico/pico-sdk/src/rp2_common/pico_printf/printf.c.o
                0x1000179c                weak_raw_vprintf
 .text._exit    0x100017cc        0x4 CMakeFiles/practica3.dir/home/julietanilem/pico/pico-sdk/src/rp2_common/pico_clib_interface/newlib_interface.c.o
                0x100017cc                _exit
 .text.exit     0x100017d0        0x8 CMakeFiles/practica3.dir/home/julietanilem/pico/pico-sdk/src/rp2_common/pico_clib_interface/newlib_interface.c.o
                0x100017d0                exit
 .text.runtime_init
                0x100017d8       0x2c CMakeFiles/practica3.dir/home/julietanilem/pico/pico-sdk/src/rp2_common/pico_clib_interface/newlib_interface.c.o
                0x100017d8                runtime_init
 .text.stdio_out_chars_no_crlf
                0x10001804       0x10 CMakeFiles/practica3.dir/home/julietanilem/pico/pico-sdk/src/rp2_common/pico_stdio/stdio.c.o
 .text.stdio_out_chars_crlf
                0x10001814       0x90 CMakeFiles/practica3.dir/home/julietanilem/pico/pico-sdk/src/rp2_common/pico_stdio/stdio.c.o
 .text.stdio_put_string
                0x100018a4       0xf4 CMakeFiles/practica3.dir/home/julietanilem/pico/pico-sdk/src/rp2_common/pico_stdio/stdio.c.o
                0x100018a4                stdio_put_string
 .text.__wrap_putchar
                0x10001998       0x94 CMakeFiles/practica3.dir/home/julietanilem/pico/pico-sdk/src/rp2_common/pico_stdio/stdio.c.o
                0x10001998                stdio_putchar
                0x10001998                __wrap_putchar
 .text.__wrap_puts
                0x10001a2c       0x3c CMakeFiles/practica3.dir/home/julietanilem/pico/pico-sdk/src/rp2_common/pico_stdio/stdio.c.o
                0x10001a2c                __wrap_puts
                0x10001a2c                stdio_puts
 .text.exception_set_exclusive_handler
                0x10001a68       0x48 CMakeFiles/practica3.dir/home/julietanilem/pico/pico-sdk/src/rp2_common/hardware_exception/exception.c.o
                0x10001a68                exception_set_exclusive_handler
 .text.atexit   0x10001ab0       0x10 /usr/lib/gcc/arm-none-eabi/15.2.0/../../../../arm-none-eabi/lib/thumb/v6-m/nofp/libg.a(libc_a-atexit.o)
                0x10001ab0                atexit
 .text.__libc_fini_array
                0x10001ac0       0x28 /usr/lib/gcc/arm-none-eabi/15.2.0/../../../../arm-none-eabi/lib/thumb/v6-m/nofp/libg.a(libc_a-fini.o)
                0x10001ac0                __libc_fini_array
 .text.__retarget_lock_acquire_recursive
                0x10001ae8        0x4 /usr/lib/gcc/arm-none-eabi/15.2.0/../../../../arm-none-eabi/lib/thumb/v6-m/nofp/libg.a(libc_a-lock.o)
                0x10001ae8                __retarget_lock_acquire_recursive
 .text.__retarget_lock_release_recursive
                0x10001aec        0x4 /usr/lib/gcc/arm-none-eabi/15.2.0/../../../../arm-none-eabi/lib/thumb/v6-m/nofp/libg.a(libc_a-lock.o)
                0x10001aec                __retarget_lock_release_recursive
 .text.strlen   0x10001af0       0x5c /usr/lib/gcc/arm-none-eabi/15.2.0/../../../../arm-none-eabi/lib/thumb/v6-m/nofp/libg.a(libc_a-strlen-stub.o)
                0x10001af0                strlen
 .text.__register_exitproc
                0x10001b4c       0xa8 /usr/lib/gcc/arm-none-eabi/15.2.0/../../../../arm-none-eabi/lib/thumb/v6-m/nofp/libg.a(libc_a-__atexit.o)
                0x10001b4c                __register_exitproc
 .text.startup.register_fini
                0x10001bf4       0x18 /usr/lib/gcc/arm-none-eabi/15.2.0/../../../../arm-none-eabi/lib/thumb/v6-m/nofp/libg.a(libc_a-__call_atexit.o)
 *(.fini)
 .fini          0x10001c0c        0x4 /usr/lib/gcc/arm-none-eabi/15.2.0/thumb/v6-m/nofp/crti.o
                0x10001c0c                _fini
 .fini.__stub   0x10001c10       0x30 linker stubs
 *crtbegin.o(.ctors)
 *crtbegin?.o(.ctors)
 *(EXCLUDE_FILE(*crtend.o *crtend?.o) .ctors)
 *(SORT_BY_NAME(.ctors.*))
 *(.ctors)
 *crtbegin.o(.dtors)
 *crtbegin?.o(.dtors)
 *(EXCLUDE_FILE(*crtend.o *crtend?.o) .dtors)
 *(SORT_BY_NAME(.dtors.*))
 *(.dtors)
                0x10001c40                        . = ALIGN (0x4)
                0x10001c40                        PROVIDE (__preinit_array_start = .)
 *(SORT_BY_NAME(.preinit_array.*))
 .preinit_array.00100
                0x10001c40        0x4 CMakeFiles/practica3.dir/home/julietanilem/pico/pico-sdk/src/rp2_common/pico_runtime_init/runtime_init.c.o
                0x10001c40                __pre_init_runtime_init_early_resets
 .preinit_array.00101
                0x10001c44        0x4 CMakeFiles/practica3.dir/home/julietanilem/pico/pico-sdk/src/rp2_common/pico_runtime_init/runtime_init.c.o
                0x10001c44                __pre_init_runtime_init_usb_power_down
 .preinit_array.00275
                0x10001c48        0x4 CMakeFiles/practica3.dir/home/julietanilem/pico/pico-sdk/src/rp2_common/pico_bit_ops/bit_ops_aeabi.S.o
 .preinit_array.00300
                0x10001c4c        0x4 CMakeFiles/practica3.dir/home/julietanilem/pico/pico-sdk/src/rp2_common/pico_mem_ops/mem_ops_aeabi.S.o
 .preinit_array.00350
                0x10001c50        0x4 CMakeFiles/practica3.dir/home/julietanilem/pico/pico-sdk/src/rp2_common/pico_double/double_aeabi_rp2040.S.o
 .preinit_array.00350
                0x10001c54        0x4 CMakeFiles/practica3.dir/home/julietanilem/pico/pico-sdk/src/rp2_common/pico_float/float_aeabi_rp2040.S.o
 .preinit_array.00500
                0x10001c58        0x4 CMakeFiles/practica3.dir/home/julietanilem/pico/pico-sdk/src/rp2_common/pico_runtime_init/runtime_init.c.o
                0x10001c58                __pre_init_runtime_init_clocks
 .preinit_array.00600
                0x10001c5c        0x4 CMakeFiles/practica3.dir/home/julietanilem/pico/pico-sdk/src/rp2_common/pico_runtime_init/runtime_init.c.o
                0x10001c5c                __pre_init_runtime_init_post_clock_resets
 .preinit_array.00700
                0x10001c60        0x4 CMakeFiles/practica3.dir/home/julietanilem/pico/pico-sdk/src/rp2_common/pico_runtime_init/runtime_init.c.o
                0x10001c60                __pre_init_runtime_init_rp2040_gpio_ie_disable
 .preinit_array.01000
                0x10001c64        0x4 CMakeFiles/practica3.dir/home/julietanilem/pico/pico-sdk/src/rp2_common/pico_runtime_init/runtime_init.c.o
                0x10001c64                __pre_init_runtime_init_spin_locks_reset
 .preinit_array.01100
                0x10001c68        0x4 CMakeFiles/practica3.dir/home/julietanilem/pico/pico-sdk/src/common/pico_sync/mutex.c.o
                0x10001c68                __pre_init_runtime_init_mutex
 .preinit_array.10080
                0x10001c6c        0x4 CMakeFiles/practica3.dir/home/julietanilem/pico/pico-sdk/src/rp2_common/pico_runtime_init/runtime_init.c.o
                0x10001c6c                __pre_init_runtime_init_install_ram_vector_table
 .preinit_array.11000
                0x10001c70        0x4 CMakeFiles/practica3.dir/home/julietanilem/pico/pico-sdk/src/common/pico_time/time.c.o
                0x10001c70                __pre_init_runtime_init_default_alarm_pool
 .preinit_array.YYYYY
                0x10001c74        0x4 CMakeFiles/practica3.dir/home/julietanilem/pico/pico-sdk/src/rp2_common/pico_runtime/runtime.c.o
                0x10001c74                __pre_init_first_per_core_initializer
 .preinit_array.ZZZZZ.01200
                0x10001c78        0x4 CMakeFiles/practica3.dir/home/julietanilem/pico/pico-sdk/src/rp2_common/hardware_irq/irq.c.o
                0x10001c78                __pre_init_runtime_init_per_core_irq_priorities
 *(.preinit_array)
                0x10001c7c                        PROVIDE (__preinit_array_end = .)
                0x10001c7c                        . = ALIGN (0x4)
                0x10001c7c                        PROVIDE (__init_array_start = .)
 *(SORT_BY_NAME(.init_array.*))
 .init_array.00000
                0x10001c7c        0x4 /usr/lib/gcc/arm-none-eabi/15.2.0/../../../../arm-none-eabi/lib/thumb/v6-m/nofp/libg.a(libc_a-__call_atexit.o)
 *(.init_array)
 .init_array    0x10001c80        0x4 /usr/lib/gcc/arm-none-eabi/15.2.0/thumb/v6-m/nofp/crtbegin.o
                0x10001c84                        PROVIDE (__init_array_end = .)
                0x10001c84                        . = ALIGN (0x4)
                0x10001c84                        PROVIDE (__fini_array_start = .)
 *(SORT_BY_NAME(.fini_array.*))
 *(.fini_array)
                0x10001c84                        PROVIDE (__fini_array_end = .)
 *(.eh_frame*)
 .eh_frame      0x10001c84        0x0 /usr/lib/gcc/arm-none-eabi/15.2.0/thumb/v6-m/nofp/crtbegin.o
                0x10001c84                        . = ALIGN (0x4)

.glue_7         0x10001c84        0x0
 .glue_7        0x10001c84        0x0 linker stubs

.glue_7t        0x10001c84        0x0
 .glue_7t       0x10001c84        0x0 linker stubs

.vfp11_veneer   0x10001c84        0x0
 .vfp11_veneer  0x10001c84        0x0 linker stubs

.v4_bx          0x10001c84        0x0
 .v4_bx         0x10001c84        0x0 linker stubs

.iplt           0x10001c84        0x0
 .iplt          0x10001c84        0x0 /usr/lib/gcc/arm-none-eabi/15.2.0/thumb/v6-m/nofp/crtbegin.o

.rodata         0x10001c84      0x154
 *(EXCLUDE_FILE(*libm.a: *libc.a:*lib_a-mem*.o *libgcc.a:) .rodata*)
 .rodata        0x10001c84       0x78 CMakeFiles/practica3.dir/user_app.c.o
 .rodata.panic.str1.4
                0x10001cfc       0x84 CMakeFiles/practica3.dir/home/julietanilem/pico/pico-sdk/src/rp2_common/pico_platform_panic/panic.c.o
                                 0x12 (size before relaxing)
 .rodata.timer_hardware_alarm_claim.str1.4
                0x10001d80        0x0 CMakeFiles/practica3.dir/home/julietanilem/pico/pico-sdk/src/rp2_common/hardware_timer/timer.c.o
                                 0x22 (size before relaxing)
 .rodata.hard_assertion_failure.str1.4
                0x10001d80        0x0 CMakeFiles/practica3.dir/home/julietanilem/pico/pico-sdk/src/rp2_common/pico_runtime/runtime.c.o
                                  0xc (size before relaxing)
 .rodata.str1.4
                0x10001d80        0x0 CMakeFiles/practica3.dir/home/julietanilem/pico/pico-sdk/src/rp2_common/pico_standard_binary_info/standard_binary_info.c.o
                                 0x40 (size before relaxing)
 .rodata.__bi_84
                0x10001d80        0xc CMakeFiles/practica3.dir/home/julietanilem/pico/pico-sdk/src/rp2_common/pico_standard_binary_info/standard_binary_info.c.o
 .rodata.__bi_78
                0x10001d8c        0xc CMakeFiles/practica3.dir/home/julietanilem/pico/pico-sdk/src/rp2_common/pico_standard_binary_info/standard_binary_info.c.o
 .rodata.__bi_54
                0x10001d98        0xc CMakeFiles/practica3.dir/home/julietanilem/pico/pico-sdk/src/rp2_common/pico_standard_binary_info/standard_binary_info.c.o
 .rodata.__bi_48
                0x10001da4        0xc CMakeFiles/practica3.dir/home/julietanilem/pico/pico-sdk/src/rp2_common/pico_standard_binary_info/standard_binary_info.c.o
 .rodata.__bi_42
                0x10001db0        0xc CMakeFiles/practica3.dir/home/julietanilem/pico/pico-sdk/src/rp2_common/pico_standard_binary_info/standard_binary_info.c.o
 .rodata.__bi_34
                0x10001dbc        0xc CMakeFiles/practica3.dir/home/julietanilem/pico/pico-sdk/src/rp2_common/pico_standard_binary_info/standard_binary_info.c.o
 .rodata.__bi_26
                0x10001dc8        0xc CMakeFiles/practica3.dir/home/julietanilem/pico/pico-sdk/src/rp2_common/pico_standard_binary_info/standard_binary_info.c.o
 .rodata.crlf_str.0
                0x10001dd4        0x2 CMakeFiles/practica3.dir/home/julietanilem/pico/pico-sdk/src/rp2_common/pico_stdio/stdio.c.o
                0x10001dd8                        . = ALIGN (0x4)
 *fill*         0x10001dd6        0x2 
 *(SORT_BY_ALIGNMENT(SORT_BY_NAME(.flashdata*)))
                0x10001dd8                        . = ALIGN (0x4)

.ARM.extab
 *(.ARM.extab* .gnu.linkonce.armextab.*)
                0x10001dd8                        __exidx_start = .

.ARM.exidx
 *(.ARM.exidx* .gnu.linkonce.armexidx.*)
                0x10001dd8                        __exidx_end = .
                0x10001dd8                        . = ALIGN (0x4)
                0x10001dd8                        __binary_info_start = .

.binary_info    0x10001dd8       0x1c
 *(.binary_info.keep.*)
 .binary_info.keep.__bi_ptr84
                0x10001dd8        0x4 CMakeFiles/practica3.dir/home/julietanilem/pico/pico-sdk/src/rp2_common/pico_standard_binary_info/standard_binary_info.c.o
 .binary_info.keep.__bi_ptr78
                0x10001ddc        0x4 CMakeFiles/practica3.dir/home/julietanilem/pico/pico-sdk/src/rp2_common/pico_standard_binary_info/standard_binary_info.c.o
 .binary_info.keep.__bi_ptr54
                0x10001de0        0x4 CMakeFiles/practica3.dir/home/julietanilem/pico/pico-sdk/src/rp2_common/pico_standard_binary_info/standard_binary_info.c.o
 .binary_info.keep.__bi_ptr48
                0x10001de4        0x4 CMakeFiles/practica3.dir/home/julietanilem/pico/pico-sdk/src/rp2_common/pico_standard_binary_info/standard_binary_info.c.o
 .binary_info.keep.__bi_ptr42
                0x10001de8        0x4 CMakeFiles/practica3.dir/home/julietanilem/pico/pico-sdk/src/rp2_common/pico_standard_binary_info/standard_binary_info.c.o
 .binary_info.keep.__bi_ptr34
                0x10001dec        0x4 CMakeFiles/practica3.dir/home/julietanilem/pico/pico-sdk/src/rp2_common/pico_standard_binary_info/standard_binary_info.c.o
 .binary_info.keep.__bi_ptr26
                0x10001df0        0x4 CMakeFiles/practica3.dir/home/julietanilem/pico/pico-sdk/src/rp2_common/pico_standard_binary_info/standard_binary_info.c.o
 *(.binary_info.*)
                0x10001df4                        __binary_info_end = .
                0x10001df4                        . = ALIGN (0x4)

.ram_vector_table
                0x20000000       0xc0
 *(.ram_vector_table)
 .ram_vector_table
                0x20000000       0xc0 CMakeFiles/practica3.dir/home/julietanilem/pico/pico-sdk/src/rp2_common/pico_runtime_init/runtime_init.c.o
                0x20000000                ram_vector_table

.uninitialized_data
                0x200000c0        0x0
                0x200000c0                        . = ALIGN (0x4)
 *(.uninitialized_data*)

.data           0x200000c0      0x12c load address 0x10001df4
                0x200000c0                        __data_start__ = .
 *(vtable)
 *(.time_critical*)
 .time_critical.mutex_try_enter_block_until
                0x200000c0       0x98 CMakeFiles/practica3.dir/home/julietanilem/pico/pico-sdk/src/common/pico_sync/mutex.c.o
                0x200000c0                mutex_try_enter_block_until
 .time_critical.mutex_exit
                0x20000158       0x28 CMakeFiles/practica3.dir/home/julietanilem/pico/pico-sdk/src/common/pico_sync/mutex.c.o
                0x20000158                mutex_exit
 *(.text*)
 .text          0x20000180        0x4 /usr/lib/gcc/arm-none-eabi/15.2.0/thumb/v6-m/nofp/libgcc.a(_dvmd_tls.o)
                0x20000180                __aeabi_ldiv0
                0x20000180                __aeabi_idiv0
 *fill*         0x20000184        0x4 
 .text.__stub   0x20000188       0x10 linker stubs
                0x20000198                        . = ALIGN (0x4)
 *(.rodata*)
                0x20000198                        . = ALIGN (0x4)
 *(.data*)
 .data.striped_spin_lock_num
                0x20000198        0x1 CMakeFiles/practica3.dir/home/julietanilem/pico/pico-sdk/src/rp2_common/hardware_sync/sync.c.o
 *fill*         0x20000199        0x3 
 .data.default_alarm_pool
                0x2000019c       0x18 CMakeFiles/practica3.dir/home/julietanilem/pico/pico-sdk/src/common/pico_time/time.c.o
 *fill*         0x200001b4        0xc 
 .data.aeabi_bits_funcs
                0x200001c0       0x10 CMakeFiles/practica3.dir/home/julietanilem/pico/pico-sdk/src/rp2_common/pico_bit_ops/bit_ops_aeabi.S.o
                0x200001c0                aeabi_bits_funcs
                0x200001d0                aeabi_bits_funcs_end
 .data.aeabi_mem_funcs
                0x200001d0       0x10 CMakeFiles/practica3.dir/home/julietanilem/pico/pico-sdk/src/rp2_common/pico_mem_ops/mem_ops_aeabi.S.o
                0x200001d0                aeabi_mem_funcs
                0x200001e0                aeabi_mem_funcs_end
 .data.__atexit_recursive_mutex
                0x200001e0        0x4 /usr/lib/gcc/arm-none-eabi/15.2.0/../../../../arm-none-eabi/lib/thumb/v6-m/nofp/libg.a(libc_a-__call_atexit.o)
                0x200001e0                __atexit_recursive_mutex
                0x200001e4                        . = ALIGN (0x4)
 *(.after_data.*)
                0x200001e4                        . = ALIGN (0x4)
                0x200001e4                        PROVIDE (__mutex_array_start = .)
 *(SORT_BY_NAME(.mutex_array.*))
 *(.mutex_array)
 .mutex_array   0x200001e4        0x8 CMakeFiles/practica3.dir/home/julietanilem/pico/pico-sdk/src/rp2_common/pico_stdio/stdio.c.o
                0x200001ec                        PROVIDE (__mutex_array_end = .)
                0x200001ec                        . = ALIGN (0x4)
 *(.jcr)
                0x200001ec                        . = ALIGN (0x4)

.tm_clone_table
                0x200001ec        0x0 load address 0x10001f20
 .tm_clone_table
                0x200001ec        0x0 /usr/lib/gcc/arm-none-eabi/15.2.0/thumb/v6-m/nofp/crtbegin.o
 .tm_clone_table
                0x200001ec        0x0 /usr/lib/gcc/arm-none-eabi/15.2.0/thumb/v6-m/nofp/crtend.o

.igot.plt       0x200001ec        0x0 load address 0x10001f20
 .igot.plt      0x200001ec        0x0 /usr/lib/gcc/arm-none-eabi/15.2.0/thumb/v6-m/nofp/crtbegin.o

.tdata          0x200001ec        0x0 load address 0x10001f20
                0x200001ec                        . = ALIGN (0x4)
 *(.tdata .tdata.* .gnu.linkonce.td.*)
                0x200001ec                        __tdata_end = .
                0x200001ec                        PROVIDE (__data_end__ = .)
                0x10001df4                        __etext = LOADADDR (.data)

.tbss           0x200001ec        0x0 load address 0x10001f20
                0x200001ec                        . = ALIGN (0x4)
                0x200001ec                        __bss_start__ = .
                0x200001ec                        __tls_base = .
 *(.tbss .tbss.* .gnu.linkonce.tb.*)
 *(.tcommon)
                0x200001ec                        __tls_end = .

.bss            0x200001f0     0x1194 load address 0x10001f20
                0x200001f0                        . = ALIGN (0x4)
                0x200001f0                        __tbss_end = .
 *(SORT_BY_ALIGNMENT(SORT_BY_NAME(.bss*)))
 .bss.default_alarm_pool_entries
                0x200001f0      0x180 CMakeFiles/practica3.dir/home/julietanilem/pico/pico-sdk/src/common/pico_time/time.c.o
 .bss.sd_table  0x20000370      0x100 CMakeFiles/practica3.dir/home/julietanilem/pico/pico-sdk/src/rp2_common/pico_double/double_init_rom_rp2040.c.o
                0x20000370                sd_table
 .bss.sf_table  0x20000470      0x100 CMakeFiles/practica3.dir/home/julietanilem/pico/pico-sdk/src/rp2_common/pico_float/float_init_rom_rp2040.c.o
                0x20000470                sf_table
 .bss.task1_stack
                0x20000570      0x400 CMakeFiles/practica3.dir/main.c.o
                0x20000570                task1_stack
 .bss.task2_stack
                0x20000970      0x400 CMakeFiles/practica3.dir/main.c.o
                0x20000970                task2_stack
 .bss.task3_stack
                0x20000d70      0x400 CMakeFiles/practica3.dir/main.c.o
                0x20000d70                task3_stack
 .bss           0x20001170       0x1c /usr/lib/gcc/arm-none-eabi/15.2.0/thumb/v6-m/nofp/crtbegin.o
 .bss.__atexit  0x2000118c        0x4 /usr/lib/gcc/arm-none-eabi/15.2.0/../../../../arm-none-eabi/lib/thumb/v6-m/nofp/libg.a(libc_a-__call_atexit.o)
                0x2000118c                __atexit
 .bss.__atexit0
                0x20001190      0x190 /usr/lib/gcc/arm-none-eabi/15.2.0/../../../../arm-none-eabi/lib/thumb/v6-m/nofp/libg.a(libc_a-__atexit.o)
                0x20001190                __atexit0
 .bss.__lock___atexit_recursive_mutex
                0x20001320        0x1 /usr/lib/gcc/arm-none-eabi/15.2.0/../../../../arm-none-eabi/lib/thumb/v6-m/nofp/libg.a(libc_a-lock.o)
                0x20001320                __lock___atexit_recursive_mutex
 *fill*         0x20001321        0x3 
 .bss.claimed   0x20001324        0x1 CMakeFiles/practica3.dir/home/julietanilem/pico/pico-sdk/src/rp2_common/hardware_timer/timer.c.o
 *fill*         0x20001325        0x3 
 .bss.configured_freq
                0x20001328       0x28 CMakeFiles/practica3.dir/home/julietanilem/pico/pico-sdk/src/rp2_common/hardware_clocks/clocks.c.o
 .bss.current_task_id
                0x20001350        0x4 CMakeFiles/practica3.dir/main.c.o
                0x20001350                current_task_id
 .bss.drivers   0x20001354        0x4 CMakeFiles/practica3.dir/home/julietanilem/pico/pico-sdk/src/rp2_common/pico_stdio/stdio.c.o
 .bss.filter    0x20001358        0x4 CMakeFiles/practica3.dir/home/julietanilem/pico/pico-sdk/src/rp2_common/pico_stdio/stdio.c.o
 .bss.lazy_vsnprintf
                0x2000135c        0x4 CMakeFiles/practica3.dir/home/julietanilem/pico/pico-sdk/src/rp2_common/pico_printf/printf.c.o
 .bss.pools     0x20001360       0x10 CMakeFiles/practica3.dir/home/julietanilem/pico/pico-sdk/src/common/pico_time/time.c.o
 .bss.sf_clz_func
                0x20001370        0x4 CMakeFiles/practica3.dir/home/julietanilem/pico/pico-sdk/src/rp2_common/pico_double/double_init_rom_rp2040.c.o
                0x20001370                sf_clz_func
 .bss.sleep_notifier
                0x20001374        0x4 CMakeFiles/practica3.dir/home/julietanilem/pico/pico-sdk/src/common/pico_time/time.c.o
 .bss.sp_task1  0x20001378        0x4 CMakeFiles/practica3.dir/main.c.o
                0x20001378                sp_task1
 .bss.sp_task2  0x2000137c        0x4 CMakeFiles/practica3.dir/main.c.o
                0x2000137c                sp_task2
 .bss.sp_task3  0x20001380        0x4 CMakeFiles/practica3.dir/main.c.o
                0x20001380                sp_task3
 *(COMMON)
                0x20001384                        . = ALIGN (0x4)
                0x20001384                        __bss_end__ = .

.heap           0x20001384      0x800 load address 0x10001f20
                0x20001384                        __end__ = .
                0x20001384                        end = __end__
 *(.heap*)
 .heap          0x20001384      0x800 CMakeFiles/practica3.dir/home/julietanilem/pico/pico-sdk/src/rp2_common/pico_crt0/crt0.S.o
                0x20040000                        __HeapLimit = (ORIGIN (RAM) + LENGTH (RAM))

.scratch_x      0x20040000        0x0 load address 0x10001f20
                0x20040000                        __scratch_x_start__ = .
 *(.scratch_x.*)
                0x20040000                        . = ALIGN (0x4)
                0x20040000                        __scratch_x_end__ = .
                0x10001f20                        __scratch_x_source__ = LOADADDR (.scratch_x)

.scratch_y      0x20041000        0x0 load address 0x10001f20
                0x20041000                        __scratch_y_start__ = .
 *(.scratch_y.*)
                0x20041000                        . = ALIGN (0x4)
                0x20041000                        __scratch_y_end__ = .
                0x10001f20                        __scratch_y_source__ = LOADADDR (.scratch_y)

.stack1_dummy
 *(.stack1*)

.stack_dummy    0x20041000      0x800
 *(.stack*)
 .stack         0x20041000      0x800 CMakeFiles/practica3.dir/home/julietanilem/pico/pico-sdk/src/rp2_common/pico_crt0/crt0.S.o

.rel.dyn        0x20041800        0x0
 .rel.iplt      0x20041800        0x0 /usr/lib/gcc/arm-none-eabi/15.2.0/thumb/v6-m/nofp/crtbegin.o

.flash_end      0x10001f20        0x0
 *(.embedded_end_block*)
                0x10001f20                        PROVIDE (__flash_binary_end = .)
                0x20040000                        __StackLimit = (ORIGIN (RAM) + LENGTH (RAM))
                0x20041000                        __StackOneTop = (ORIGIN (SCRATCH_X) + LENGTH (SCRATCH_X))
                0x20042000                        __StackTop = (ORIGIN (SCRATCH_Y) + LENGTH (SCRATCH_Y))
                0x20041000                        __StackOneBottom = (__StackOneTop - SIZEOF (.stack1_dummy))
                0x20041800                        __StackBottom = (__StackTop - SIZEOF (.stack_dummy))
                0x20042000                        PROVIDE (__stack = __StackTop)
                [!provide]                        PROVIDE (__heap_start = __end__)
                [!provide]                        PROVIDE (__heap_end = __HeapLimit)
                [!provide]                        PROVIDE (__tls_align = MAX (ALIGNOF (.tdata), ALIGNOF (.tbss)))
                [!provide]                        PROVIDE (__tls_size_align = (((__tls_size + __tls_align) - 0x1) & ~ ((__tls_align - 0x1))))
                [!provide]                        PROVIDE (__arm32_tls_tcb_offset = MAX (0x8, __tls_align))
                [!provide]                        PROVIDE (_end = __end__)
                [!provide]                        PROVIDE (__llvm_libc_heap_limit = __HeapLimit)
                0x00000001                        ASSERT ((__StackLimit >= __HeapLimit), region RAM overflowed)
                0x00000001                        ASSERT (((__binary_info_header_end - __logical_binary_start) <= 0x100), Binary info must be in first 256 bytes of the binary)
LOAD CMakeFiles/practica3.dir/main.c.o
LOAD CMakeFiles/practica3.dir/kernel_drivers.c.o
LOAD CMakeFiles/practica3.dir/kernel_service.c.o
LOAD CMakeFiles/practica3.dir/svc_handler.s.o
LOAD CMakeFiles/practica3.dir/pendsv.s.o
LOAD CMakeFiles/practica3.dir/user_app.c.o
LOAD CMakeFiles/practica3.dir/syscalls.s.o
LOAD CMakeFiles/practica3.dir/home/julietanilem/pico/pico-sdk/src/rp2_common/pico_stdlib/stdlib.c.o
LOAD CMakeFiles/practica3.dir/home/julietanilem/pico/pico-sdk/src/rp2_common/hardware_gpio/gpio.c.o
LOAD CMakeFiles/practica3.dir/home/julietanilem/pico/pico-sdk/src/rp2040/pico_platform/platform.c.o
LOAD CMakeFiles/practica3.dir/home/julietanilem/pico/pico-sdk/src/rp2_common/pico_platform_common/common.c.o
LOAD CMakeFiles/practica3.dir/home/julietanilem/pico/pico-sdk/src/rp2_common/pico_platform_panic/panic.c.o
LOAD CMakeFiles/practica3.dir/home/julietanilem/pico/pico-sdk/src/common/hardware_claim/claim.c.o
LOAD CMakeFiles/practica3.dir/home/julietanilem/pico/pico-sdk/src/rp2_common/hardware_sync/sync.c.o
LOAD CMakeFiles/practica3.dir/home/julietanilem/pico/pico-sdk/src/rp2_common/hardware_sync_spin_lock/sync_spin_lock.c.o
LOAD CMakeFiles/practica3.dir/home/julietanilem/pico/pico-sdk/src/rp2_common/hardware_irq/irq.c.o
LOAD CMakeFiles/practica3.dir/home/julietanilem/pico/pico-sdk/src/rp2_common/hardware_irq/irq_handler_chain.S.o
LOAD CMakeFiles/practica3.dir/home/julietanilem/pico/pico-sdk/src/common/pico_sync/sem.c.o
LOAD CMakeFiles/practica3.dir/home/julietanilem/pico/pico-sdk/src/common/pico_sync/lock_core.c.o
LOAD CMakeFiles/practica3.dir/home/julietanilem/pico/pico-sdk/src/common/pico_sync/mutex.c.o
LOAD CMakeFiles/practica3.dir/home/julietanilem/pico/pico-sdk/src/common/pico_sync/critical_section.c.o
LOAD CMakeFiles/practica3.dir/home/julietanilem/pico/pico-sdk/src/common/pico_time/time.c.o
LOAD CMakeFiles/practica3.dir/home/julietanilem/pico/pico-sdk/src/common/pico_time/timeout_helper.c.o
LOAD CMakeFiles/practica3.dir/home/julietanilem/pico/pico-sdk/src/rp2_common/hardware_timer/timer.c.o
LOAD CMakeFiles/practica3.dir/home/julietanilem/pico/pico-sdk/src/common/pico_util/datetime.c.o
LOAD CMakeFiles/practica3.dir/home/julietanilem/pico/pico-sdk/src/common/pico_util/pheap.c.o
LOAD CMakeFiles/practica3.dir/home/julietanilem/pico/pico-sdk/src/common/pico_util/queue.c.o
LOAD CMakeFiles/practica3.dir/home/julietanilem/pico/pico-sdk/src/rp2_common/hardware_uart/uart.c.o
LOAD CMakeFiles/practica3.dir/home/julietanilem/pico/pico-sdk/src/rp2_common/hardware_clocks/clocks.c.o
LOAD CMakeFiles/practica3.dir/home/julietanilem/pico/pico-sdk/src/rp2_common/hardware_pll/pll.c.o
LOAD CMakeFiles/practica3.dir/home/julietanilem/pico/pico-sdk/src/rp2_common/hardware_vreg/vreg.c.o
LOAD CMakeFiles/practica3.dir/home/julietanilem/pico/pico-sdk/src/rp2_common/hardware_watchdog/watchdog.c.o
LOAD CMakeFiles/practica3.dir/home/julietanilem/pico/pico-sdk/src/rp2_common/hardware_ticks/ticks.c.o
LOAD CMakeFiles/practica3.dir/home/julietanilem/pico/pico-sdk/src/rp2_common/pico_bootrom/bootrom.c.o
LOAD CMakeFiles/practica3.dir/home/julietanilem/pico/pico-sdk/src/rp2_common/pico_bootrom/bootrom_lock.c.o
LOAD CMakeFiles/practica3.dir/home/julietanilem/pico/pico-sdk/src/rp2_common/hardware_boot_lock/boot_lock.c.o
LOAD CMakeFiles/practica3.dir/home/julietanilem/pico/pico-sdk/src/rp2_common/pico_flash/flash.c.o
LOAD CMakeFiles/practica3.dir/home/julietanilem/pico/pico-sdk/src/rp2_common/hardware_xosc/xosc.c.o
LOAD CMakeFiles/practica3.dir/home/julietanilem/pico/pico-sdk/src/rp2_common/hardware_divider/divider.S.o
LOAD CMakeFiles/practica3.dir/home/julietanilem/pico/pico-sdk/src/rp2_common/pico_runtime/runtime.c.o
LOAD CMakeFiles/practica3.dir/home/julietanilem/pico/pico-sdk/src/rp2_common/pico_runtime_init/runtime_init.c.o
LOAD CMakeFiles/practica3.dir/home/julietanilem/pico/pico-sdk/src/rp2_common/pico_runtime_init/runtime_init_clocks.c.o
LOAD CMakeFiles/practica3.dir/home/julietanilem/pico/pico-sdk/src/rp2_common/pico_runtime_init/runtime_init_stack_guard.c.o
LOAD CMakeFiles/practica3.dir/home/julietanilem/pico/pico-sdk/src/rp2_common/pico_bit_ops/bit_ops_aeabi.S.o
LOAD CMakeFiles/practica3.dir/home/julietanilem/pico/pico-sdk/src/rp2_common/pico_divider/divider_hardware.S.o
LOAD CMakeFiles/practica3.dir/home/julietanilem/pico/pico-sdk/src/rp2_common/pico_double/double_aeabi_rp2040.S.o
LOAD CMakeFiles/practica3.dir/home/julietanilem/pico/pico-sdk/src/rp2_common/pico_double/double_init_rom_rp2040.c.o
LOAD CMakeFiles/practica3.dir/home/julietanilem/pico/pico-sdk/src/rp2_common/pico_double/double_math.c.o
LOAD CMakeFiles/practica3.dir/home/julietanilem/pico/pico-sdk/src/rp2_common/pico_double/double_v1_rom_shim_rp2040.S.o
LOAD CMakeFiles/practica3.dir/home/julietanilem/pico/pico-sdk/src/rp2_common/pico_int64_ops/pico_int64_ops_aeabi.S.o
LOAD CMakeFiles/practica3.dir/home/julietanilem/pico/pico-sdk/src/rp2_common/pico_float/float_aeabi_rp2040.S.o
LOAD CMakeFiles/practica3.dir/home/julietanilem/pico/pico-sdk/src/rp2_common/pico_float/float_init_rom_rp2040.c.o
LOAD CMakeFiles/practica3.dir/home/julietanilem/pico/pico-sdk/src/rp2_common/pico_float/float_math.c.o
LOAD CMakeFiles/practica3.dir/home/julietanilem/pico/pico-sdk/src/rp2_common/pico_float/float_v1_rom_shim_rp2040.S.o
LOAD CMakeFiles/practica3.dir/home/julietanilem/pico/pico-sdk/src/rp2_common/pico_malloc/malloc.c.o
LOAD CMakeFiles/practica3.dir/home/julietanilem/pico/pico-sdk/src/rp2_common/pico_mem_ops/mem_ops_aeabi.S.o
LOAD CMakeFiles/practica3.dir/home/julietanilem/pico/pico-sdk/src/rp2_common/pico_atomic/atomic.c.o
LOAD CMakeFiles/practica3.dir/home/julietanilem/pico/pico-sdk/src/rp2_common/pico_cxx_options/new_delete.cpp.o
LOAD CMakeFiles/practica3.dir/home/julietanilem/pico/pico-sdk/src/rp2_common/pico_standard_binary_info/standard_binary_info.c.o
LOAD CMakeFiles/practica3.dir/home/julietanilem/pico/pico-sdk/src/rp2_common/pico_printf/printf.c.o
LOAD CMakeFiles/practica3.dir/home/julietanilem/pico/pico-sdk/src/rp2_common/pico_crt0/crt0.S.o
LOAD CMakeFiles/practica3.dir/home/julietanilem/pico/pico-sdk/src/rp2_common/pico_clib_interface/newlib_interface.c.o
LOAD CMakeFiles/practica3.dir/home/julietanilem/pico/pico-sdk/src/rp2_common/pico_stdio/stdio.c.o
LOAD CMakeFiles/practica3.dir/home/julietanilem/pico/pico-sdk/src/rp2_common/pico_stdio_uart/stdio_uart.c.o
LOAD CMakeFiles/practica3.dir/home/julietanilem/pico/pico-sdk/src/rp2_common/hardware_exception/exception.c.o
LOAD pico-sdk/src/rp2040/boot_stage2/CMakeFiles/bs2_default_library.dir/bs2_default_padded_checksummed.S.o
LOAD /usr/lib/gcc/arm-none-eabi/15.2.0/../../../../arm-none-eabi/lib/thumb/v6-m/nofp/libstdc++.a
LOAD /usr/lib/gcc/arm-none-eabi/15.2.0/../../../../arm-none-eabi/lib/thumb/v6-m/nofp/libm.a
START GROUP
LOAD /usr/lib/gcc/arm-none-eabi/15.2.0/thumb/v6-m/nofp/libgcc.a
LOAD /usr/lib/gcc/arm-none-eabi/15.2.0/../../../../arm-none-eabi/lib/thumb/v6-m/nofp/libg.a
LOAD /usr/lib/gcc/arm-none-eabi/15.2.0/../../../../arm-none-eabi/lib/thumb/v6-m/nofp/libc.a
END GROUP
START GROUP
LOAD /usr/lib/gcc/arm-none-eabi/15.2.0/thumb/v6-m/nofp/libgcc.a
LOAD /usr/lib/gcc/arm-none-eabi/15.2.0/../../../../arm-none-eabi/lib/thumb/v6-m/nofp/libc.a
LOAD /usr/lib/gcc/arm-none-eabi/15.2.0/../../../../arm-none-eabi/lib/thumb/v6-m/nofp/libnosys.a
END GROUP
LOAD /usr/lib/gcc/arm-none-eabi/15.2.0/thumb/v6-m/nofp/crtend.o
LOAD /usr/lib/gcc/arm-none-eabi/15.2.0/thumb/v6-m/nofp/crtn.o
OUTPUT(practica3.elf elf32-littlearm)
LOAD linker stubs

.ARM.attributes
                0x00000000       0x28
 .ARM.attributes
                0x00000000       0x1e /usr/lib/gcc/arm-none-eabi/15.2.0/thumb/v6-m/nofp/crti.o
 .ARM.attributes
                0x0000001e       0x2c /usr/lib/gcc/arm-none-eabi/15.2.0/thumb/v6-m/nofp/crtbegin.o
 .ARM.attributes
                0x0000004a       0x2c CMakeFiles/practica3.dir/main.c.o
 .ARM.attributes
                0x00000076       0x2c CMakeFiles/practica3.dir/kernel_drivers.c.o
 .ARM.attributes
                0x000000a2       0x2c CMakeFiles/practica3.dir/kernel_service.c.o
 .ARM.attributes
                0x000000ce       0x22 CMakeFiles/practica3.dir/svc_handler.s.o
 .ARM.attributes
                0x000000f0       0x22 CMakeFiles/practica3.dir/pendsv.s.o
 .ARM.attributes
                0x00000112       0x2c CMakeFiles/practica3.dir/user_app.c.o
 .ARM.attributes
                0x0000013e       0x22 CMakeFiles/practica3.dir/syscalls.s.o
 .ARM.attributes
                0x00000160       0x2c CMakeFiles/practica3.dir/home/julietanilem/pico/pico-sdk/src/rp2_common/pico_platform_panic/panic.c.o
 .ARM.attributes
                0x0000018c       0x2c CMakeFiles/practica3.dir/home/julietanilem/pico/pico-sdk/src/common/hardware_claim/claim.c.o
 .ARM.attributes
                0x000001b8       0x2c CMakeFiles/practica3.dir/home/julietanilem/pico/pico-sdk/src/rp2_common/hardware_sync/sync.c.o
 .ARM.attributes
                0x000001e4       0x2c CMakeFiles/practica3.dir/home/julietanilem/pico/pico-sdk/src/rp2_common/hardware_sync_spin_lock/sync_spin_lock.c.o
 .ARM.attributes
                0x00000210       0x2c CMakeFiles/practica3.dir/home/julietanilem/pico/pico-sdk/src/rp2_common/hardware_irq/irq.c.o
 .ARM.attributes
                0x0000023c       0x2c CMakeFiles/practica3.dir/home/julietanilem/pico/pico-sdk/src/common/pico_sync/lock_core.c.o
 .ARM.attributes
                0x00000268       0x2c CMakeFiles/practica3.dir/home/julietanilem/pico/pico-sdk/src/common/pico_sync/mutex.c.o
 .ARM.attributes
                0x00000294       0x2c CMakeFiles/practica3.dir/home/julietanilem/pico/pico-sdk/src/common/pico_time/time.c.o
 .ARM.attributes
                0x000002c0       0x2c CMakeFiles/practica3.dir/home/julietanilem/pico/pico-sdk/src/rp2_common/hardware_timer/timer.c.o
 .ARM.attributes
                0x000002ec       0x2c CMakeFiles/practica3.dir/home/julietanilem/pico/pico-sdk/src/rp2_common/hardware_clocks/clocks.c.o
 .ARM.attributes
                0x00000318       0x2c CMakeFiles/practica3.dir/home/julietanilem/pico/pico-sdk/src/rp2_common/hardware_pll/pll.c.o
 .ARM.attributes
                0x00000344       0x2c CMakeFiles/practica3.dir/home/julietanilem/pico/pico-sdk/src/rp2_common/hardware_ticks/ticks.c.o
 .ARM.attributes
                0x00000370       0x2c CMakeFiles/practica3.dir/home/julietanilem/pico/pico-sdk/src/rp2_common/pico_bootrom/bootrom.c.o
 .ARM.attributes
                0x0000039c       0x2c CMakeFiles/practica3.dir/home/julietanilem/pico/pico-sdk/src/rp2_common/hardware_xosc/xosc.c.o
 .ARM.attributes
                0x000003c8       0x2c CMakeFiles/practica3.dir/home/julietanilem/pico/pico-sdk/src/rp2_common/pico_runtime/runtime.c.o
 .ARM.attributes
                0x000003f4       0x2c CMakeFiles/practica3.dir/home/julietanilem/pico/pico-sdk/src/rp2_common/pico_runtime_init/runtime_init.c.o
 .ARM.attributes
                0x00000420       0x2c CMakeFiles/practica3.dir/home/julietanilem/pico/pico-sdk/src/rp2_common/pico_runtime_init/runtime_init_clocks.c.o
 .ARM.attributes
                0x0000044c       0x22 CMakeFiles/practica3.dir/home/julietanilem/pico/pico-sdk/src/rp2_common/pico_bit_ops/bit_ops_aeabi.S.o
 .ARM.attributes
                0x0000046e       0x22 CMakeFiles/practica3.dir/home/julietanilem/pico/pico-sdk/src/rp2_common/pico_divider/divider_hardware.S.o
 .ARM.attributes
                0x00000490       0x22 CMakeFiles/practica3.dir/home/julietanilem/pico/pico-sdk/src/rp2_common/pico_double/double_aeabi_rp2040.S.o
 .ARM.attributes
                0x000004b2       0x2c CMakeFiles/practica3.dir/home/julietanilem/pico/pico-sdk/src/rp2_common/pico_double/double_init_rom_rp2040.c.o
 .ARM.attributes
                0x000004de       0x22 CMakeFiles/practica3.dir/home/julietanilem/pico/pico-sdk/src/rp2_common/pico_double/double_v1_rom_shim_rp2040.S.o
 .ARM.attributes
                0x00000500       0x22 CMakeFiles/practica3.dir/home/julietanilem/pico/pico-sdk/src/rp2_common/pico_float/float_aeabi_rp2040.S.o
 .ARM.attributes
                0x00000522       0x2c CMakeFiles/practica3.dir/home/julietanilem/pico/pico-sdk/src/rp2_common/pico_float/float_init_rom_rp2040.c.o
 .ARM.attributes
                0x0000054e       0x22 CMakeFiles/practica3.dir/home/julietanilem/pico/pico-sdk/src/rp2_common/pico_float/float_v1_rom_shim_rp2040.S.o
 .ARM.attributes
                0x00000570       0x22 CMakeFiles/practica3.dir/home/julietanilem/pico/pico-sdk/src/rp2_common/pico_mem_ops/mem_ops_aeabi.S.o
 .ARM.attributes
                0x00000592       0x2c CMakeFiles/practica3.dir/home/julietanilem/pico/pico-sdk/src/rp2_common/pico_standard_binary_info/standard_binary_info.c.o
 .ARM.attributes
                0x000005be       0x2c CMakeFiles/practica3.dir/home/julietanilem/pico/pico-sdk/src/rp2_common/pico_printf/printf.c.o
 .ARM.attributes
                0x000005ea       0x22 CMakeFiles/practica3.dir/home/julietanilem/pico/pico-sdk/src/rp2_common/pico_crt0/crt0.S.o
 .ARM.attributes
                0x0000060c       0x2c CMakeFiles/practica3.dir/home/julietanilem/pico/pico-sdk/src/rp2_common/pico_clib_interface/newlib_interface.c.o
 .ARM.attributes
                0x00000638       0x2c CMakeFiles/practica3.dir/home/julietanilem/pico/pico-sdk/src/rp2_common/pico_stdio/stdio.c.o
 .ARM.attributes
                0x00000664       0x2c CMakeFiles/practica3.dir/home/julietanilem/pico/pico-sdk/src/rp2_common/hardware_exception/exception.c.o
 .ARM.attributes
                0x00000690       0x22 pico-sdk/src/rp2040/boot_stage2/CMakeFiles/bs2_default_library.dir/bs2_default_padded_checksummed.S.o
 .ARM.attributes
                0x000006b2       0x1e /usr/lib/gcc/arm-none-eabi/15.2.0/thumb/v6-m/nofp/libgcc.a(_dvmd_tls.o)
 .ARM.attributes
                0x000006d0       0x2c /usr/lib/gcc/arm-none-eabi/15.2.0/../../../../arm-none-eabi/lib/thumb/v6-m/nofp/libg.a(libc_a-atexit.o)
 .ARM.attributes
                0x000006fc       0x2c /usr/lib/gcc/arm-none-eabi/15.2.0/../../../../arm-none-eabi/lib/thumb/v6-m/nofp/libg.a(libc_a-fini.o)
 .ARM.attributes
                0x00000728       0x2c /usr/lib/gcc/arm-none-eabi/15.2.0/../../../../arm-none-eabi/lib/thumb/v6-m/nofp/libg.a(libc_a-lock.o)
 .ARM.attributes
                0x00000754       0x2c /usr/lib/gcc/arm-none-eabi/15.2.0/../../../../arm-none-eabi/lib/thumb/v6-m/nofp/libg.a(libc_a-strlen-stub.o)
 .ARM.attributes
                0x00000780       0x2c /usr/lib/gcc/arm-none-eabi/15.2.0/../../../../arm-none-eabi/lib/thumb/v6-m/nofp/libg.a(libc_a-__atexit.o)
 .ARM.attributes
                0x000007ac       0x2c /usr/lib/gcc/arm-none-eabi/15.2.0/../../../../arm-none-eabi/lib/thumb/v6-m/nofp/libg.a(libc_a-__call_atexit.o)
 .ARM.attributes
                0x000007d8       0x2c /usr/lib/gcc/arm-none-eabi/15.2.0/thumb/v6-m/nofp/crtend.o

.comment        0x00000000       0x46
 .comment       0x00000000       0x46 /usr/lib/gcc/arm-none-eabi/15.2.0/thumb/v6-m/nofp/crtbegin.o
                                 0x24 (size before relaxing)
 .comment       0x00000046        0x0 CMakeFiles/practica3.dir/main.c.o
                                 0x24 (size before relaxing)
 .comment       0x00000046        0x0 CMakeFiles/practica3.dir/kernel_drivers.c.o
                                 0x24 (size before relaxing)
 .comment       0x00000046        0x0 CMakeFiles/practica3.dir/kernel_service.c.o
                                 0x24 (size before relaxing)
 .comment       0x00000046        0x0 CMakeFiles/practica3.dir/user_app.c.o
                                 0x24 (size before relaxing)
 .comment       0x00000046        0x0 CMakeFiles/practica3.dir/home/julietanilem/pico/pico-sdk/src/rp2_common/pico_platform_panic/panic.c.o
                                 0x24 (size before relaxing)
 .comment       0x00000046        0x0 CMakeFiles/practica3.dir/home/julietanilem/pico/pico-sdk/src/common/hardware_claim/claim.c.o
                                 0x24 (size before relaxing)
 .comment       0x00000046        0x0 CMakeFiles/practica3.dir/home/julietanilem/pico/pico-sdk/src/rp2_common/hardware_sync/sync.c.o
                                 0x24 (size before relaxing)
 .comment       0x00000046        0x0 CMakeFiles/practica3.dir/home/julietanilem/pico/pico-sdk/src/rp2_common/hardware_sync_spin_lock/sync_spin_lock.c.o
                                 0x24 (size before relaxing)
 .comment       0x00000046        0x0 CMakeFiles/practica3.dir/home/julietanilem/pico/pico-sdk/src/rp2_common/hardware_irq/irq.c.o
                                 0x24 (size before relaxing)
 .comment       0x00000046        0x0 CMakeFiles/practica3.dir/home/julietanilem/pico/pico-sdk/src/common/pico_sync/lock_core.c.o
                                 0x24 (size before relaxing)
 .comment       0x00000046        0x0 CMakeFiles/practica3.dir/home/julietanilem/pico/pico-sdk/src/common/pico_sync/mutex.c.o
                                 0x24 (size before relaxing)
 .comment       0x00000046        0x0 CMakeFiles/practica3.dir/home/julietanilem/pico/pico-sdk/src/common/pico_time/time.c.o
                                 0x24 (size before relaxing)
 .comment       0x00000046        0x0 CMakeFiles/practica3.dir/home/julietanilem/pico/pico-sdk/src/rp2_common/hardware_timer/timer.c.o
                                 0x24 (size before relaxing)
 .comment       0x00000046        0x0 CMakeFiles/practica3.dir/home/julietanilem/pico/pico-sdk/src/rp2_common/hardware_clocks/clocks.c.o
                                 0x24 (size before relaxing)
 .comment       0x00000046        0x0 CMakeFiles/practica3.dir/home/julietanilem/pico/pico-sdk/src/rp2_common/hardware_pll/pll.c.o
                                 0x24 (size before relaxing)
 .comment       0x00000046        0x0 CMakeFiles/practica3.dir/home/julietanilem/pico/pico-sdk/src/rp2_common/hardware_ticks/ticks.c.o
                                 0x24 (size before relaxing)
 .comment       0x00000046        0x0 CMakeFiles/practica3.dir/home/julietanilem/pico/pico-sdk/src/rp2_common/pico_bootrom/bootrom.c.o
                                 0x24 (size before relaxing)
 .comment       0x00000046        0x0 CMakeFiles/practica3.dir/home/julietanilem/pico/pico-sdk/src/rp2_common/hardware_xosc/xosc.c.o
                                 0x24 (size before relaxing)
 .comment       0x00000046        0x0 CMakeFiles/practica3.dir/home/julietanilem/pico/pico-sdk/src/rp2_common/pico_runtime/runtime.c.o
                                 0x24 (size before relaxing)
 .comment       0x00000046        0x0 CMakeFiles/practica3.dir/home/julietanilem/pico/pico-sdk/src/rp2_common/pico_runtime_init/runtime_init.c.o
                                 0x24 (size before relaxing)
 .comment       0x00000046        0x0 CMakeFiles/practica3.dir/home/julietanilem/pico/pico-sdk/src/rp2_common/pico_runtime_init/runtime_init_clocks.c.o
                                 0x24 (size before relaxing)
 .comment       0x00000046        0x0 CMakeFiles/practica3.dir/home/julietanilem/pico/pico-sdk/src/rp2_common/pico_double/double_init_rom_rp2040.c.o
                                 0x24 (size before relaxing)
 .comment       0x00000046        0x0 CMakeFiles/practica3.dir/home/julietanilem/pico/pico-sdk/src/rp2_common/pico_float/float_init_rom_rp2040.c.o
                                 0x24 (size before relaxing)
 .comment       0x00000046        0x0 CMakeFiles/practica3.dir/home/julietanilem/pico/pico-sdk/src/rp2_common/pico_standard_binary_info/standard_binary_info.c.o
                                 0x24 (size before relaxing)
 .comment       0x00000046        0x0 CMakeFiles/practica3.dir/home/julietanilem/pico/pico-sdk/src/rp2_common/pico_printf/printf.c.o
                                 0x24 (size before relaxing)
 .comment       0x00000046        0x0 CMakeFiles/practica3.dir/home/julietanilem/pico/pico-sdk/src/rp2_common/pico_clib_interface/newlib_interface.c.o
                                 0x24 (size before relaxing)
 .comment       0x00000046        0x0 CMakeFiles/practica3.dir/home/julietanilem/pico/pico-sdk/src/rp2_common/pico_stdio/stdio.c.o
                                 0x24 (size before relaxing)
 .comment       0x00000046        0x0 CMakeFiles/practica3.dir/home/julietanilem/pico/pico-sdk/src/rp2_common/hardware_exception/exception.c.o
                                 0x24 (size before relaxing)
 .comment       0x00000046        0x0 /usr/lib/gcc/arm-none-eabi/15.2.0/../../../../arm-none-eabi/lib/thumb/v6-m/nofp/libg.a(libc_a-atexit.o)
                                 0x24 (size before relaxing)
 .comment       0x00000046        0x0 /usr/lib/gcc/arm-none-eabi/15.2.0/../../../../arm-none-eabi/lib/thumb/v6-m/nofp/libg.a(libc_a-fini.o)
                                 0x24 (size before relaxing)
 .comment       0x00000046        0x0 /usr/lib/gcc/arm-none-eabi/15.2.0/../../../../arm-none-eabi/lib/thumb/v6-m/nofp/libg.a(libc_a-lock.o)
                                 0x24 (size before relaxing)
 .comment       0x00000046        0x0 /usr/lib/gcc/arm-none-eabi/15.2.0/../../../../arm-none-eabi/lib/thumb/v6-m/nofp/libg.a(libc_a-strlen-stub.o)
                                 0x24 (size before relaxing)
 .comment       0x00000046        0x0 /usr/lib/gcc/arm-none-eabi/15.2.0/../../../../arm-none-eabi/lib/thumb/v6-m/nofp/libg.a(libc_a-__atexit.o)
                                 0x24 (size before relaxing)
 .comment       0x00000046        0x0 /usr/lib/gcc/arm-none-eabi/15.2.0/../../../../arm-none-eabi/lib/thumb/v6-m/nofp/libg.a(libc_a-__call_atexit.o)
                                 0x24 (size before relaxing)
 .comment       0x00000046        0x0 /usr/lib/gcc/arm-none-eabi/15.2.0/thumb/v6-m/nofp/crtend.o
                                 0x24 (size before relaxing)

.debug_info     0x00000000    0x1941a
 .debug_info    0x00000000      0x52b CMakeFiles/practica3.dir/main.c.o
 .debug_info    0x0000052b      0x27c CMakeFiles/practica3.dir/kernel_drivers.c.o
 .debug_info    0x000007a7      0x154 CMakeFiles/practica3.dir/kernel_service.c.o
 .debug_info    0x000008fb       0x24 CMakeFiles/practica3.dir/svc_handler.s.o
 .debug_info    0x0000091f       0x25 CMakeFiles/practica3.dir/pendsv.s.o
 .debug_info    0x00000944      0x3f0 CMakeFiles/practica3.dir/user_app.c.o
 .debug_info    0x00000d34       0x24 CMakeFiles/practica3.dir/syscalls.s.o
 .debug_info    0x00000d58      0x1c4 CMakeFiles/practica3.dir/home/julietanilem/pico/pico-sdk/src/rp2_common/pico_platform_panic/panic.c.o
 .debug_info    0x00000f1c      0x98d CMakeFiles/practica3.dir/home/julietanilem/pico/pico-sdk/src/common/hardware_claim/claim.c.o
 .debug_info    0x000018a9      0x464 CMakeFiles/practica3.dir/home/julietanilem/pico/pico-sdk/src/rp2_common/hardware_sync/sync.c.o
 .debug_info    0x00001d0d      0x24a CMakeFiles/practica3.dir/home/julietanilem/pico/pico-sdk/src/rp2_common/hardware_sync_spin_lock/sync_spin_lock.c.o
 .debug_info    0x00001f57     0x21c3 CMakeFiles/practica3.dir/home/julietanilem/pico/pico-sdk/src/rp2_common/hardware_irq/irq.c.o
 .debug_info    0x0000411a      0x164 CMakeFiles/practica3.dir/home/julietanilem/pico/pico-sdk/src/common/pico_sync/lock_core.c.o
 .debug_info    0x0000427e     0x278b CMakeFiles/practica3.dir/home/julietanilem/pico/pico-sdk/src/common/pico_sync/mutex.c.o
 .debug_info    0x00006a09     0x4f44 CMakeFiles/practica3.dir/home/julietanilem/pico/pico-sdk/src/common/pico_time/time.c.o
 .debug_info    0x0000b94d     0x2aa7 CMakeFiles/practica3.dir/home/julietanilem/pico/pico-sdk/src/rp2_common/hardware_timer/timer.c.o
 .debug_info    0x0000e3f4     0x299f CMakeFiles/practica3.dir/home/julietanilem/pico/pico-sdk/src/rp2_common/hardware_clocks/clocks.c.o
 .debug_info    0x00010d93      0x4f5 CMakeFiles/practica3.dir/home/julietanilem/pico/pico-sdk/src/rp2_common/hardware_pll/pll.c.o
 .debug_info    0x00011288      0x24d CMakeFiles/practica3.dir/home/julietanilem/pico/pico-sdk/src/rp2_common/hardware_ticks/ticks.c.o
 .debug_info    0x000114d5      0x65f CMakeFiles/practica3.dir/home/julietanilem/pico/pico-sdk/src/rp2_common/pico_bootrom/bootrom.c.o
 .debug_info    0x00011b34      0x1d5 CMakeFiles/practica3.dir/home/julietanilem/pico/pico-sdk/src/rp2_common/hardware_xosc/xosc.c.o
 .debug_info    0x00011d09      0x20b CMakeFiles/practica3.dir/home/julietanilem/pico/pico-sdk/src/rp2_common/pico_runtime/runtime.c.o
 .debug_info    0x00011f14      0x7ef CMakeFiles/practica3.dir/home/julietanilem/pico/pico-sdk/src/rp2_common/pico_runtime_init/runtime_init.c.o
 .debug_info    0x00012703      0x786 CMakeFiles/practica3.dir/home/julietanilem/pico/pico-sdk/src/rp2_common/pico_runtime_init/runtime_init_clocks.c.o
 .debug_info    0x00012e89       0x23 CMakeFiles/practica3.dir/home/julietanilem/pico/pico-sdk/src/rp2_common/pico_bit_ops/bit_ops_aeabi.S.o
 .debug_info    0x00012eac       0x23 CMakeFiles/practica3.dir/home/julietanilem/pico/pico-sdk/src/rp2_common/pico_divider/divider_hardware.S.o
 .debug_info    0x00012ecf       0x23 CMakeFiles/practica3.dir/home/julietanilem/pico/pico-sdk/src/rp2_common/pico_double/double_aeabi_rp2040.S.o
 .debug_info    0x00012ef2      0x283 CMakeFiles/practica3.dir/home/julietanilem/pico/pico-sdk/src/rp2_common/pico_double/double_init_rom_rp2040.c.o
 .debug_info    0x00013175       0x23 CMakeFiles/practica3.dir/home/julietanilem/pico/pico-sdk/src/rp2_common/pico_double/double_v1_rom_shim_rp2040.S.o
 .debug_info    0x00013198       0x23 CMakeFiles/practica3.dir/home/julietanilem/pico/pico-sdk/src/rp2_common/pico_float/float_aeabi_rp2040.S.o
 .debug_info    0x000131bb      0x283 CMakeFiles/practica3.dir/home/julietanilem/pico/pico-sdk/src/rp2_common/pico_float/float_init_rom_rp2040.c.o
 .debug_info    0x0001343e       0x23 CMakeFiles/practica3.dir/home/julietanilem/pico/pico-sdk/src/rp2_common/pico_float/float_v1_rom_shim_rp2040.S.o
 .debug_info    0x00013461       0x23 CMakeFiles/practica3.dir/home/julietanilem/pico/pico-sdk/src/rp2_common/pico_mem_ops/mem_ops_aeabi.S.o
 .debug_info    0x00013484      0x2bd CMakeFiles/practica3.dir/home/julietanilem/pico/pico-sdk/src/rp2_common/pico_standard_binary_info/standard_binary_info.c.o
 .debug_info    0x00013741     0x230c CMakeFiles/practica3.dir/home/julietanilem/pico/pico-sdk/src/rp2_common/pico_printf/printf.c.o
 .debug_info    0x00015a4d       0x23 CMakeFiles/practica3.dir/home/julietanilem/pico/pico-sdk/src/rp2_common/pico_crt0/crt0.S.o
 .debug_info    0x00015a70      0xba8 CMakeFiles/practica3.dir/home/julietanilem/pico/pico-sdk/src/rp2_common/pico_clib_interface/newlib_interface.c.o
 .debug_info    0x00016618     0x1cbd CMakeFiles/practica3.dir/home/julietanilem/pico/pico-sdk/src/rp2_common/pico_stdio/stdio.c.o
 .debug_info    0x000182d5      0x6b5 CMakeFiles/practica3.dir/home/julietanilem/pico/pico-sdk/src/rp2_common/hardware_exception/exception.c.o
 .debug_info    0x0001898a       0x3c /usr/lib/gcc/arm-none-eabi/15.2.0/thumb/v6-m/nofp/libgcc.a(_dvmd_tls.o)
 .debug_info    0x000189c6      0x11e /usr/lib/gcc/arm-none-eabi/15.2.0/../../../../arm-none-eabi/lib/thumb/v6-m/nofp/libg.a(libc_a-atexit.o)
 .debug_info    0x00018ae4       0xf7 /usr/lib/gcc/arm-none-eabi/15.2.0/../../../../arm-none-eabi/lib/thumb/v6-m/nofp/libg.a(libc_a-fini.o)
 .debug_info    0x00018bdb      0x218 /usr/lib/gcc/arm-none-eabi/15.2.0/../../../../arm-none-eabi/lib/thumb/v6-m/nofp/libg.a(libc_a-lock.o)
 .debug_info    0x00018df3       0xeb /usr/lib/gcc/arm-none-eabi/15.2.0/../../../../arm-none-eabi/lib/thumb/v6-m/nofp/libg.a(libc_a-strlen-stub.o)
 .debug_info    0x00018ede      0x25f /usr/lib/gcc/arm-none-eabi/15.2.0/../../../../arm-none-eabi/lib/thumb/v6-m/nofp/libg.a(libc_a-__atexit.o)
 .debug_info    0x0001913d      0x2dd /usr/lib/gcc/arm-none-eabi/15.2.0/../../../../arm-none-eabi/lib/thumb/v6-m/nofp/libg.a(libc_a-__call_atexit.o)

.debug_abbrev   0x00000000     0x5319
 .debug_abbrev  0x00000000      0x26c CMakeFiles/practica3.dir/main.c.o
 .debug_abbrev  0x0000026c      0x104 CMakeFiles/practica3.dir/kernel_drivers.c.o
 .debug_abbrev  0x00000370       0xe6 CMakeFiles/practica3.dir/kernel_service.c.o
 .debug_abbrev  0x00000456       0x14 CMakeFiles/practica3.dir/svc_handler.s.o
 .debug_abbrev  0x0000046a       0x14 CMakeFiles/practica3.dir/pendsv.s.o
 .debug_abbrev  0x0000047e      0x181 CMakeFiles/practica3.dir/user_app.c.o
 .debug_abbrev  0x000005ff       0x14 CMakeFiles/practica3.dir/syscalls.s.o
 .debug_abbrev  0x00000613      0x131 CMakeFiles/practica3.dir/home/julietanilem/pico/pico-sdk/src/rp2_common/pico_platform_panic/panic.c.o
 .debug_abbrev  0x00000744      0x326 CMakeFiles/practica3.dir/home/julietanilem/pico/pico-sdk/src/common/hardware_claim/claim.c.o
 .debug_abbrev  0x00000a6a      0x215 CMakeFiles/practica3.dir/home/julietanilem/pico/pico-sdk/src/rp2_common/hardware_sync/sync.c.o
 .debug_abbrev  0x00000c7f      0x1c1 CMakeFiles/practica3.dir/home/julietanilem/pico/pico-sdk/src/rp2_common/hardware_sync_spin_lock/sync_spin_lock.c.o
 .debug_abbrev  0x00000e40      0x62f CMakeFiles/practica3.dir/home/julietanilem/pico/pico-sdk/src/rp2_common/hardware_irq/irq.c.o
 .debug_abbrev  0x0000146f       0xf4 CMakeFiles/practica3.dir/home/julietanilem/pico/pico-sdk/src/common/pico_sync/lock_core.c.o
 .debug_abbrev  0x00001563      0x481 CMakeFiles/practica3.dir/home/julietanilem/pico/pico-sdk/src/common/pico_sync/mutex.c.o
 .debug_abbrev  0x000019e4      0x65f CMakeFiles/practica3.dir/home/julietanilem/pico/pico-sdk/src/common/pico_time/time.c.o
 .debug_abbrev  0x00002043      0x4fa CMakeFiles/practica3.dir/home/julietanilem/pico/pico-sdk/src/rp2_common/hardware_timer/timer.c.o
 .debug_abbrev  0x0000253d      0x500 CMakeFiles/practica3.dir/home/julietanilem/pico/pico-sdk/src/rp2_common/hardware_clocks/clocks.c.o
 .debug_abbrev  0x00002a3d      0x1dc CMakeFiles/practica3.dir/home/julietanilem/pico/pico-sdk/src/rp2_common/hardware_pll/pll.c.o
 .debug_abbrev  0x00002c19      0x14b CMakeFiles/practica3.dir/home/julietanilem/pico/pico-sdk/src/rp2_common/hardware_ticks/ticks.c.o
 .debug_abbrev  0x00002d64      0x1c2 CMakeFiles/practica3.dir/home/julietanilem/pico/pico-sdk/src/rp2_common/pico_bootrom/bootrom.c.o
 .debug_abbrev  0x00002f26      0x123 CMakeFiles/practica3.dir/home/julietanilem/pico/pico-sdk/src/rp2_common/hardware_xosc/xosc.c.o
 .debug_abbrev  0x00003049      0x176 CMakeFiles/practica3.dir/home/julietanilem/pico/pico-sdk/src/rp2_common/pico_runtime/runtime.c.o
 .debug_abbrev  0x000031bf      0x271 CMakeFiles/practica3.dir/home/julietanilem/pico/pico-sdk/src/rp2_common/pico_runtime_init/runtime_init.c.o
 .debug_abbrev  0x00003430      0x2b5 CMakeFiles/practica3.dir/home/julietanilem/pico/pico-sdk/src/rp2_common/pico_runtime_init/runtime_init_clocks.c.o
 .debug_abbrev  0x000036e5       0x12 CMakeFiles/practica3.dir/home/julietanilem/pico/pico-sdk/src/rp2_common/pico_bit_ops/bit_ops_aeabi.S.o
 .debug_abbrev  0x000036f7       0x12 CMakeFiles/practica3.dir/home/julietanilem/pico/pico-sdk/src/rp2_common/pico_divider/divider_hardware.S.o
 .debug_abbrev  0x00003709       0x12 CMakeFiles/practica3.dir/home/julietanilem/pico/pico-sdk/src/rp2_common/pico_double/double_aeabi_rp2040.S.o
 .debug_abbrev  0x0000371b      0x180 CMakeFiles/practica3.dir/home/julietanilem/pico/pico-sdk/src/rp2_common/pico_double/double_init_rom_rp2040.c.o
 .debug_abbrev  0x0000389b       0x12 CMakeFiles/practica3.dir/home/julietanilem/pico/pico-sdk/src/rp2_common/pico_double/double_v1_rom_shim_rp2040.S.o
 .debug_abbrev  0x000038ad       0x12 CMakeFiles/practica3.dir/home/julietanilem/pico/pico-sdk/src/rp2_common/pico_float/float_aeabi_rp2040.S.o
 .debug_abbrev  0x000038bf      0x179 CMakeFiles/practica3.dir/home/julietanilem/pico/pico-sdk/src/rp2_common/pico_float/float_init_rom_rp2040.c.o
 .debug_abbrev  0x00003a38       0x12 CMakeFiles/practica3.dir/home/julietanilem/pico/pico-sdk/src/rp2_common/pico_float/float_v1_rom_shim_rp2040.S.o
 .debug_abbrev  0x00003a4a       0x12 CMakeFiles/practica3.dir/home/julietanilem/pico/pico-sdk/src/rp2_common/pico_mem_ops/mem_ops_aeabi.S.o
 .debug_abbrev  0x00003a5c       0xbe CMakeFiles/practica3.dir/home/julietanilem/pico/pico-sdk/src/rp2_common/pico_standard_binary_info/standard_binary_info.c.o
 .debug_abbrev  0x00003b1a      0x4f5 CMakeFiles/practica3.dir/home/julietanilem/pico/pico-sdk/src/rp2_common/pico_printf/printf.c.o
 .debug_abbrev  0x0000400f       0x12 CMakeFiles/practica3.dir/home/julietanilem/pico/pico-sdk/src/rp2_common/pico_crt0/crt0.S.o
 .debug_abbrev  0x00004021      0x34c CMakeFiles/practica3.dir/home/julietanilem/pico/pico-sdk/src/rp2_common/pico_clib_interface/newlib_interface.c.o
 .debug_abbrev  0x0000436d      0x5f0 CMakeFiles/practica3.dir/home/julietanilem/pico/pico-sdk/src/rp2_common/pico_stdio/stdio.c.o
 .debug_abbrev  0x0000495d      0x2e1 CMakeFiles/practica3.dir/home/julietanilem/pico/pico-sdk/src/rp2_common/hardware_exception/exception.c.o
 .debug_abbrev  0x00004c3e       0x26 /usr/lib/gcc/arm-none-eabi/15.2.0/thumb/v6-m/nofp/libgcc.a(_dvmd_tls.o)
 .debug_abbrev  0x00004c64       0xbe /usr/lib/gcc/arm-none-eabi/15.2.0/../../../../arm-none-eabi/lib/thumb/v6-m/nofp/libg.a(libc_a-atexit.o)
 .debug_abbrev  0x00004d22       0xc9 /usr/lib/gcc/arm-none-eabi/15.2.0/../../../../arm-none-eabi/lib/thumb/v6-m/nofp/libg.a(libc_a-fini.o)
 .debug_abbrev  0x00004deb      0x115 /usr/lib/gcc/arm-none-eabi/15.2.0/../../../../arm-none-eabi/lib/thumb/v6-m/nofp/libg.a(libc_a-lock.o)
 .debug_abbrev  0x00004f00       0x90 /usr/lib/gcc/arm-none-eabi/15.2.0/../../../../arm-none-eabi/lib/thumb/v6-m/nofp/libg.a(libc_a-strlen-stub.o)
 .debug_abbrev  0x00004f90      0x189 /usr/lib/gcc/arm-none-eabi/15.2.0/../../../../arm-none-eabi/lib/thumb/v6-m/nofp/libg.a(libc_a-__atexit.o)
 .debug_abbrev  0x00005119      0x200 /usr/lib/gcc/arm-none-eabi/15.2.0/../../../../arm-none-eabi/lib/thumb/v6-m/nofp/libg.a(libc_a-__call_atexit.o)

.debug_loclists
                0x00000000     0xe7b9
 .debug_loclists
                0x00000000      0x297 CMakeFiles/practica3.dir/main.c.o
 .debug_loclists
                0x00000297      0x22c CMakeFiles/practica3.dir/kernel_drivers.c.o
 .debug_loclists
                0x000004c3       0xb8 CMakeFiles/practica3.dir/kernel_service.c.o
 .debug_loclists
                0x0000057b       0xcf CMakeFiles/practica3.dir/user_app.c.o
 .debug_loclists
                0x0000064a      0x36d CMakeFiles/practica3.dir/home/julietanilem/pico/pico-sdk/src/common/hardware_claim/claim.c.o
 .debug_loclists
                0x000009b7      0x101 CMakeFiles/practica3.dir/home/julietanilem/pico/pico-sdk/src/rp2_common/hardware_sync/sync.c.o
 .debug_loclists
                0x00000ab8       0x7d CMakeFiles/practica3.dir/home/julietanilem/pico/pico-sdk/src/rp2_common/hardware_sync_spin_lock/sync_spin_lock.c.o
 .debug_loclists
                0x00000b35     0x108c CMakeFiles/practica3.dir/home/julietanilem/pico/pico-sdk/src/rp2_common/hardware_irq/irq.c.o
 .debug_loclists
                0x00001bc1       0x41 CMakeFiles/practica3.dir/home/julietanilem/pico/pico-sdk/src/common/pico_sync/lock_core.c.o
 .debug_loclists
                0x00001c02      0xad8 CMakeFiles/practica3.dir/home/julietanilem/pico/pico-sdk/src/common/pico_sync/mutex.c.o
 .debug_loclists
                0x000026da     0x2859 CMakeFiles/practica3.dir/home/julietanilem/pico/pico-sdk/src/common/pico_time/time.c.o
 .debug_loclists
                0x00004f33     0x18fb CMakeFiles/practica3.dir/home/julietanilem/pico/pico-sdk/src/rp2_common/hardware_timer/timer.c.o
 .debug_loclists
                0x0000682e     0x2e22 CMakeFiles/practica3.dir/home/julietanilem/pico/pico-sdk/src/rp2_common/hardware_clocks/clocks.c.o
 .debug_loclists
                0x00009650      0x1cf CMakeFiles/practica3.dir/home/julietanilem/pico/pico-sdk/src/rp2_common/hardware_pll/pll.c.o
 .debug_loclists
                0x0000981f       0x47 CMakeFiles/practica3.dir/home/julietanilem/pico/pico-sdk/src/rp2_common/hardware_ticks/ticks.c.o
 .debug_loclists
                0x00009866      0x351 CMakeFiles/practica3.dir/home/julietanilem/pico/pico-sdk/src/rp2_common/pico_bootrom/bootrom.c.o
 .debug_loclists
                0x00009bb7       0x48 CMakeFiles/practica3.dir/home/julietanilem/pico/pico-sdk/src/rp2_common/hardware_xosc/xosc.c.o
 .debug_loclists
                0x00009bff       0x7e CMakeFiles/practica3.dir/home/julietanilem/pico/pico-sdk/src/rp2_common/pico_runtime/runtime.c.o
 .debug_loclists
                0x00009c7d      0x141 CMakeFiles/practica3.dir/home/julietanilem/pico/pico-sdk/src/rp2_common/pico_runtime_init/runtime_init.c.o
 .debug_loclists
                0x00009dbe       0x69 CMakeFiles/practica3.dir/home/julietanilem/pico/pico-sdk/src/rp2_common/pico_runtime_init/runtime_init_clocks.c.o
 .debug_loclists
                0x00009e27       0x3d CMakeFiles/practica3.dir/home/julietanilem/pico/pico-sdk/src/rp2_common/pico_double/double_init_rom_rp2040.c.o
 .debug_loclists
                0x00009e64       0x59 CMakeFiles/practica3.dir/home/julietanilem/pico/pico-sdk/src/rp2_common/pico_float/float_init_rom_rp2040.c.o
 .debug_loclists
                0x00009ebd     0x3100 CMakeFiles/practica3.dir/home/julietanilem/pico/pico-sdk/src/rp2_common/pico_printf/printf.c.o
 .debug_loclists
                0x0000cfbd      0x419 CMakeFiles/practica3.dir/home/julietanilem/pico/pico-sdk/src/rp2_common/pico_clib_interface/newlib_interface.c.o
 .debug_loclists
                0x0000d3d6      0xdfa CMakeFiles/practica3.dir/home/julietanilem/pico/pico-sdk/src/rp2_common/pico_stdio/stdio.c.o
 .debug_loclists
                0x0000e1d0      0x280 CMakeFiles/practica3.dir/home/julietanilem/pico/pico-sdk/src/rp2_common/hardware_exception/exception.c.o
 .debug_loclists
                0x0000e450       0x30 /usr/lib/gcc/arm-none-eabi/15.2.0/../../../../arm-none-eabi/lib/thumb/v6-m/nofp/libg.a(libc_a-atexit.o)
 .debug_loclists
                0x0000e480       0x34 /usr/lib/gcc/arm-none-eabi/15.2.0/../../../../arm-none-eabi/lib/thumb/v6-m/nofp/libg.a(libc_a-fini.o)
 .debug_loclists
                0x0000e4b4       0x29 /usr/lib/gcc/arm-none-eabi/15.2.0/../../../../arm-none-eabi/lib/thumb/v6-m/nofp/libg.a(libc_a-lock.o)
 .debug_loclists
                0x0000e4dd       0x64 /usr/lib/gcc/arm-none-eabi/15.2.0/../../../../arm-none-eabi/lib/thumb/v6-m/nofp/libg.a(libc_a-strlen-stub.o)
 .debug_loclists
                0x0000e541      0x122 /usr/lib/gcc/arm-none-eabi/15.2.0/../../../../arm-none-eabi/lib/thumb/v6-m/nofp/libg.a(libc_a-__atexit.o)
 .debug_loclists
                0x0000e663      0x156 /usr/lib/gcc/arm-none-eabi/15.2.0/../../../../arm-none-eabi/lib/thumb/v6-m/nofp/libg.a(libc_a-__call_atexit.o)

.debug_aranges  0x00000000      0xfc8
 .debug_aranges
                0x00000000       0x40 CMakeFiles/practica3.dir/main.c.o
 .debug_aranges
                0x00000040       0x48 CMakeFiles/practica3.dir/kernel_drivers.c.o
 .debug_aranges
                0x00000088       0x20 CMakeFiles/practica3.dir/kernel_service.c.o
 .debug_aranges
                0x000000a8       0x20 CMakeFiles/practica3.dir/svc_handler.s.o
 .debug_aranges
                0x000000c8       0x20 CMakeFiles/practica3.dir/pendsv.s.o
 .debug_aranges
                0x000000e8       0x40 CMakeFiles/practica3.dir/user_app.c.o
 .debug_aranges
                0x00000128       0x20 CMakeFiles/practica3.dir/syscalls.s.o
 .debug_aranges
                0x00000148       0x28 CMakeFiles/practica3.dir/home/julietanilem/pico/pico-sdk/src/rp2_common/pico_platform_panic/panic.c.o
 .debug_aranges
                0x00000170       0x48 CMakeFiles/practica3.dir/home/julietanilem/pico/pico-sdk/src/common/hardware_claim/claim.c.o
 .debug_aranges
                0x000001b8       0x48 CMakeFiles/practica3.dir/home/julietanilem/pico/pico-sdk/src/rp2_common/hardware_sync/sync.c.o
 .debug_aranges
                0x00000200       0x28 CMakeFiles/practica3.dir/home/julietanilem/pico/pico-sdk/src/rp2_common/hardware_sync_spin_lock/sync_spin_lock.c.o
 .debug_aranges
                0x00000228       0xb8 CMakeFiles/practica3.dir/home/julietanilem/pico/pico-sdk/src/rp2_common/hardware_irq/irq.c.o
 .debug_aranges
                0x000002e0       0x20 CMakeFiles/practica3.dir/home/julietanilem/pico/pico-sdk/src/common/pico_sync/lock_core.c.o
 .debug_aranges
                0x00000300       0x98 CMakeFiles/practica3.dir/home/julietanilem/pico/pico-sdk/src/common/pico_sync/mutex.c.o
 .debug_aranges
                0x00000398       0xe0 CMakeFiles/practica3.dir/home/julietanilem/pico/pico-sdk/src/common/pico_time/time.c.o
 .debug_aranges
                0x00000478       0xf0 CMakeFiles/practica3.dir/home/julietanilem/pico/pico-sdk/src/rp2_common/hardware_timer/timer.c.o
 .debug_aranges
                0x00000568       0x90 CMakeFiles/practica3.dir/home/julietanilem/pico/pico-sdk/src/rp2_common/hardware_clocks/clocks.c.o
 .debug_aranges
                0x000005f8       0x28 CMakeFiles/practica3.dir/home/julietanilem/pico/pico-sdk/src/rp2_common/hardware_pll/pll.c.o
 .debug_aranges
                0x00000620       0x30 CMakeFiles/practica3.dir/home/julietanilem/pico/pico-sdk/src/rp2_common/hardware_ticks/ticks.c.o
 .debug_aranges
                0x00000650       0x40 CMakeFiles/practica3.dir/home/julietanilem/pico/pico-sdk/src/rp2_common/pico_bootrom/bootrom.c.o
 .debug_aranges
                0x00000690       0x30 CMakeFiles/practica3.dir/home/julietanilem/pico/pico-sdk/src/rp2_common/hardware_xosc/xosc.c.o
 .debug_aranges
                0x000006c0       0x38 CMakeFiles/practica3.dir/home/julietanilem/pico/pico-sdk/src/rp2_common/pico_runtime/runtime.c.o
 .debug_aranges
                0x000006f8       0x48 CMakeFiles/practica3.dir/home/julietanilem/pico/pico-sdk/src/rp2_common/pico_runtime_init/runtime_init.c.o
 .debug_aranges
                0x00000740       0x20 CMakeFiles/practica3.dir/home/julietanilem/pico/pico-sdk/src/rp2_common/pico_runtime_init/runtime_init_clocks.c.o
 .debug_aranges
                0x00000760       0x60 CMakeFiles/practica3.dir/home/julietanilem/pico/pico-sdk/src/rp2_common/pico_bit_ops/bit_ops_aeabi.S.o
 .debug_aranges
                0x000007c0       0x40 CMakeFiles/practica3.dir/home/julietanilem/pico/pico-sdk/src/rp2_common/pico_divider/divider_hardware.S.o
 .debug_aranges
                0x00000800      0x150 CMakeFiles/practica3.dir/home/julietanilem/pico/pico-sdk/src/rp2_common/pico_double/double_aeabi_rp2040.S.o
 .debug_aranges
                0x00000950       0x20 CMakeFiles/practica3.dir/home/julietanilem/pico/pico-sdk/src/rp2_common/pico_double/double_init_rom_rp2040.c.o
 .debug_aranges
                0x00000970       0xc8 CMakeFiles/practica3.dir/home/julietanilem/pico/pico-sdk/src/rp2_common/pico_double/double_v1_rom_shim_rp2040.S.o
 .debug_aranges
                0x00000a38      0x138 CMakeFiles/practica3.dir/home/julietanilem/pico/pico-sdk/src/rp2_common/pico_float/float_aeabi_rp2040.S.o
 .debug_aranges
                0x00000b70       0x20 CMakeFiles/practica3.dir/home/julietanilem/pico/pico-sdk/src/rp2_common/pico_float/float_init_rom_rp2040.c.o
 .debug_aranges
                0x00000b90       0x50 CMakeFiles/practica3.dir/home/julietanilem/pico/pico-sdk/src/rp2_common/pico_float/float_v1_rom_shim_rp2040.S.o
 .debug_aranges
                0x00000be0       0x38 CMakeFiles/practica3.dir/home/julietanilem/pico/pico-sdk/src/rp2_common/pico_mem_ops/mem_ops_aeabi.S.o
 .debug_aranges
                0x00000c18       0x18 CMakeFiles/practica3.dir/home/julietanilem/pico/pico-sdk/src/rp2_common/pico_standard_binary_info/standard_binary_info.c.o
 .debug_aranges
                0x00000c30       0x90 CMakeFiles/practica3.dir/home/julietanilem/pico/pico-sdk/src/rp2_common/pico_printf/printf.c.o
 .debug_aranges
                0x00000cc0       0x28 CMakeFiles/practica3.dir/home/julietanilem/pico/pico-sdk/src/rp2_common/pico_crt0/crt0.S.o
 .debug_aranges
                0x00000ce8       0xa8 CMakeFiles/practica3.dir/home/julietanilem/pico/pico-sdk/src/rp2_common/pico_clib_interface/newlib_interface.c.o
 .debug_aranges
                0x00000d90       0xc8 CMakeFiles/practica3.dir/home/julietanilem/pico/pico-sdk/src/rp2_common/pico_stdio/stdio.c.o
 .debug_aranges
                0x00000e58       0x40 CMakeFiles/practica3.dir/home/julietanilem/pico/pico-sdk/src/rp2_common/hardware_exception/exception.c.o
 .debug_aranges
                0x00000e98       0x20 /usr/lib/gcc/arm-none-eabi/15.2.0/thumb/v6-m/nofp/libgcc.a(_dvmd_tls.o)
 .debug_aranges
                0x00000eb8       0x20 /usr/lib/gcc/arm-none-eabi/15.2.0/../../../../arm-none-eabi/lib/thumb/v6-m/nofp/libg.a(libc_a-atexit.o)
 .debug_aranges
                0x00000ed8       0x20 /usr/lib/gcc/arm-none-eabi/15.2.0/../../../../arm-none-eabi/lib/thumb/v6-m/nofp/libg.a(libc_a-fini.o)
 .debug_aranges
                0x00000ef8       0x68 /usr/lib/gcc/arm-none-eabi/15.2.0/../../../../arm-none-eabi/lib/thumb/v6-m/nofp/libg.a(libc_a-lock.o)
 .debug_aranges
                0x00000f60       0x20 /usr/lib/gcc/arm-none-eabi/15.2.0/../../../../arm-none-eabi/lib/thumb/v6-m/nofp/libg.a(libc_a-strlen-stub.o)
 .debug_aranges
                0x00000f80       0x20 /usr/lib/gcc/arm-none-eabi/15.2.0/../../../../arm-none-eabi/lib/thumb/v6-m/nofp/libg.a(libc_a-__atexit.o)
 .debug_aranges
                0x00000fa0       0x28 /usr/lib/gcc/arm-none-eabi/15.2.0/../../../../arm-none-eabi/lib/thumb/v6-m/nofp/libg.a(libc_a-__call_atexit.o)

.debug_rnglists
                0x00000000     0x26c2
 .debug_rnglists
                0x00000000       0x77 CMakeFiles/practica3.dir/main.c.o
 .debug_rnglists
                0x00000077       0x31 CMakeFiles/practica3.dir/kernel_drivers.c.o
 .debug_rnglists
                0x000000a8       0x22 CMakeFiles/practica3.dir/kernel_service.c.o
 .debug_rnglists
                0x000000ca       0x55 CMakeFiles/practica3.dir/user_app.c.o
 .debug_rnglists
                0x0000011f       0x19 CMakeFiles/practica3.dir/home/julietanilem/pico/pico-sdk/src/rp2_common/pico_platform_panic/panic.c.o
 .debug_rnglists
                0x00000138       0xb6 CMakeFiles/practica3.dir/home/julietanilem/pico/pico-sdk/src/common/hardware_claim/claim.c.o
 .debug_rnglists
                0x000001ee       0x58 CMakeFiles/practica3.dir/home/julietanilem/pico/pico-sdk/src/rp2_common/hardware_sync/sync.c.o
 .debug_rnglists
                0x00000246       0x3d CMakeFiles/practica3.dir/home/julietanilem/pico/pico-sdk/src/rp2_common/hardware_sync_spin_lock/sync_spin_lock.c.o
 .debug_rnglists
                0x00000283      0x362 CMakeFiles/practica3.dir/home/julietanilem/pico/pico-sdk/src/rp2_common/hardware_irq/irq.c.o
 .debug_rnglists
                0x000005e5       0x1f CMakeFiles/practica3.dir/home/julietanilem/pico/pico-sdk/src/common/pico_sync/lock_core.c.o
 .debug_rnglists
                0x00000604      0x322 CMakeFiles/practica3.dir/home/julietanilem/pico/pico-sdk/src/common/pico_sync/mutex.c.o
 .debug_rnglists
                0x00000926      0x7cd CMakeFiles/practica3.dir/home/julietanilem/pico/pico-sdk/src/common/pico_time/time.c.o
 .debug_rnglists
                0x000010f3      0x2b6 CMakeFiles/practica3.dir/home/julietanilem/pico/pico-sdk/src/rp2_common/hardware_timer/timer.c.o
 .debug_rnglists
                0x000013a9      0x5e4 CMakeFiles/practica3.dir/home/julietanilem/pico/pico-sdk/src/rp2_common/hardware_clocks/clocks.c.o
 .debug_rnglists
                0x0000198d       0x41 CMakeFiles/practica3.dir/home/julietanilem/pico/pico-sdk/src/rp2_common/hardware_pll/pll.c.o
 .debug_rnglists
                0x000019ce       0x2b CMakeFiles/practica3.dir/home/julietanilem/pico/pico-sdk/src/rp2_common/hardware_ticks/ticks.c.o
 .debug_rnglists
                0x000019f9      0x112 CMakeFiles/practica3.dir/home/julietanilem/pico/pico-sdk/src/rp2_common/pico_bootrom/bootrom.c.o
 .debug_rnglists
                0x00001b0b       0x1f CMakeFiles/practica3.dir/home/julietanilem/pico/pico-sdk/src/rp2_common/hardware_xosc/xosc.c.o
 .debug_rnglists
                0x00001b2a       0x6d CMakeFiles/practica3.dir/home/julietanilem/pico/pico-sdk/src/rp2_common/pico_runtime/runtime.c.o
 .debug_rnglists
                0x00001b97       0x4a CMakeFiles/practica3.dir/home/julietanilem/pico/pico-sdk/src/rp2_common/pico_runtime_init/runtime_init.c.o
 .debug_rnglists
                0x00001be1       0x20 CMakeFiles/practica3.dir/home/julietanilem/pico/pico-sdk/src/rp2_common/pico_runtime_init/runtime_init_clocks.c.o
 .debug_rnglists
                0x00001c01       0x43 CMakeFiles/practica3.dir/home/julietanilem/pico/pico-sdk/src/rp2_common/pico_bit_ops/bit_ops_aeabi.S.o
 .debug_rnglists
                0x00001c44       0x2c CMakeFiles/practica3.dir/home/julietanilem/pico/pico-sdk/src/rp2_common/pico_divider/divider_hardware.S.o
 .debug_rnglists
                0x00001c70       0xf9 CMakeFiles/practica3.dir/home/julietanilem/pico/pico-sdk/src/rp2_common/pico_double/double_aeabi_rp2040.S.o
 .debug_rnglists
                0x00001d69       0x14 CMakeFiles/practica3.dir/home/julietanilem/pico/pico-sdk/src/rp2_common/pico_double/double_init_rom_rp2040.c.o
 .debug_rnglists
                0x00001d7d       0x99 CMakeFiles/practica3.dir/home/julietanilem/pico/pico-sdk/src/rp2_common/pico_double/double_v1_rom_shim_rp2040.S.o
 .debug_rnglists
                0x00001e16       0xe5 CMakeFiles/practica3.dir/home/julietanilem/pico/pico-sdk/src/rp2_common/pico_float/float_aeabi_rp2040.S.o
 .debug_rnglists
                0x00001efb       0x13 CMakeFiles/practica3.dir/home/julietanilem/pico/pico-sdk/src/rp2_common/pico_float/float_init_rom_rp2040.c.o
 .debug_rnglists
                0x00001f0e       0x38 CMakeFiles/practica3.dir/home/julietanilem/pico/pico-sdk/src/rp2_common/pico_float/float_v1_rom_shim_rp2040.S.o
 .debug_rnglists
                0x00001f46       0x25 CMakeFiles/practica3.dir/home/julietanilem/pico/pico-sdk/src/rp2_common/pico_mem_ops/mem_ops_aeabi.S.o
 .debug_rnglists
                0x00001f6b      0x2c6 CMakeFiles/practica3.dir/home/julietanilem/pico/pico-sdk/src/rp2_common/pico_printf/printf.c.o
 .debug_rnglists
                0x00002231       0x1b CMakeFiles/practica3.dir/home/julietanilem/pico/pico-sdk/src/rp2_common/pico_crt0/crt0.S.o
 .debug_rnglists
                0x0000224c       0x85 CMakeFiles/practica3.dir/home/julietanilem/pico/pico-sdk/src/rp2_common/pico_clib_interface/newlib_interface.c.o
 .debug_rnglists
                0x000022d1      0x2a5 CMakeFiles/practica3.dir/home/julietanilem/pico/pico-sdk/src/rp2_common/pico_stdio/stdio.c.o
 .debug_rnglists
                0x00002576       0x76 CMakeFiles/practica3.dir/home/julietanilem/pico/pico-sdk/src/rp2_common/hardware_exception/exception.c.o
 .debug_rnglists
                0x000025ec       0x13 /usr/lib/gcc/arm-none-eabi/15.2.0/../../../../arm-none-eabi/lib/thumb/v6-m/nofp/libg.a(libc_a-atexit.o)
 .debug_rnglists
                0x000025ff       0x13 /usr/lib/gcc/arm-none-eabi/15.2.0/../../../../arm-none-eabi/lib/thumb/v6-m/nofp/libg.a(libc_a-fini.o)
 .debug_rnglists